Component: ARM Compiler 5.06 update 5 (build 528) Tool: armlink [4d35e2]

==============================================================================

Section Cross References

    startup_stm32f10x_md.o(STACK) refers (Special) to heapauxi.o(.text) for __use_two_region_memory
    startup_stm32f10x_md.o(HEAP) refers (Special) to heapauxi.o(.text) for __use_two_region_memory
    startup_stm32f10x_md.o(RESET) refers (Special) to heapauxi.o(.text) for __use_two_region_memory
    startup_stm32f10x_md.o(RESET) refers to startup_stm32f10x_md.o(STACK) for __initial_sp
    startup_stm32f10x_md.o(RESET) refers to startup_stm32f10x_md.o(.text) for Reset_Handler
    startup_stm32f10x_md.o(RESET) refers to stm32f10x_it.o(i.NMI_Handler) for NMI_Handler
    startup_stm32f10x_md.o(RESET) refers to stm32f10x_it.o(i.HardFault_Handler) for HardFault_Handler
    startup_stm32f10x_md.o(RESET) refers to stm32f10x_it.o(i.MemManage_Handler) for MemManage_Handler
    startup_stm32f10x_md.o(RESET) refers to stm32f10x_it.o(i.BusFault_Handler) for BusFault_Handler
    startup_stm32f10x_md.o(RESET) refers to stm32f10x_it.o(i.UsageFault_Handler) for UsageFault_Handler
    startup_stm32f10x_md.o(RESET) refers to port.o(.emb_text) for SVC_Handler
    startup_stm32f10x_md.o(RESET) refers to stm32f10x_it.o(i.DebugMon_Handler) for DebugMon_Handler
    startup_stm32f10x_md.o(RESET) refers to stm32f10x_it.o(i.SysTick_Handler) for SysTick_Handler
    startup_stm32f10x_md.o(RESET) refers to usart.o(i.USART2_IRQHandler) for USART2_IRQHandler
    startup_stm32f10x_md.o(.text) refers (Special) to heapauxi.o(.text) for __use_two_region_memory
    startup_stm32f10x_md.o(.text) refers to system_stm32f10x.o(i.SystemInit) for SystemInit
    startup_stm32f10x_md.o(.text) refers to __main.o(!!!main) for __main
    startup_stm32f10x_md.o(.text) refers to startup_stm32f10x_md.o(HEAP) for Heap_Mem
    startup_stm32f10x_md.o(.text) refers to startup_stm32f10x_md.o(STACK) for Stack_Mem
    system_stm32f10x.o(i.SetSysClock) refers to system_stm32f10x.o(i.SetSysClockTo72) for SetSysClockTo72
    system_stm32f10x.o(i.SystemCoreClockUpdate) refers to system_stm32f10x.o(.data) for SystemCoreClock
    system_stm32f10x.o(i.SystemInit) refers to system_stm32f10x.o(i.SetSysClock) for SetSysClock
    stm32f10x_adc.o(i.ADC_DeInit) refers to stm32f10x_rcc.o(i.RCC_APB2PeriphResetCmd) for RCC_APB2PeriphResetCmd
    stm32f10x_bkp.o(i.BKP_DeInit) refers to stm32f10x_rcc.o(i.RCC_BackupResetCmd) for RCC_BackupResetCmd
    stm32f10x_can.o(i.CAN_DeInit) refers to stm32f10x_rcc.o(i.RCC_APB1PeriphResetCmd) for RCC_APB1PeriphResetCmd
    stm32f10x_can.o(i.CAN_GetITStatus) refers to stm32f10x_can.o(i.CheckITStatus) for CheckITStatus
    stm32f10x_cec.o(i.CEC_DeInit) refers to stm32f10x_rcc.o(i.RCC_APB1PeriphResetCmd) for RCC_APB1PeriphResetCmd
    stm32f10x_dac.o(i.DAC_DeInit) refers to stm32f10x_rcc.o(i.RCC_APB1PeriphResetCmd) for RCC_APB1PeriphResetCmd
    stm32f10x_flash.o(i.FLASH_EnableWriteProtection) refers to stm32f10x_flash.o(i.FLASH_WaitForLastOperation) for FLASH_WaitForLastOperation
    stm32f10x_flash.o(i.FLASH_EraseAllBank1Pages) refers to stm32f10x_flash.o(i.FLASH_WaitForLastBank1Operation) for FLASH_WaitForLastBank1Operation
    stm32f10x_flash.o(i.FLASH_EraseAllPages) refers to stm32f10x_flash.o(i.FLASH_WaitForLastOperation) for FLASH_WaitForLastOperation
    stm32f10x_flash.o(i.FLASH_EraseOptionBytes) refers to stm32f10x_flash.o(i.FLASH_GetReadOutProtectionStatus) for FLASH_GetReadOutProtectionStatus
    stm32f10x_flash.o(i.FLASH_EraseOptionBytes) refers to stm32f10x_flash.o(i.FLASH_WaitForLastOperation) for FLASH_WaitForLastOperation
    stm32f10x_flash.o(i.FLASH_ErasePage) refers to stm32f10x_flash.o(i.FLASH_WaitForLastOperation) for FLASH_WaitForLastOperation
    stm32f10x_flash.o(i.FLASH_ProgramHalfWord) refers to stm32f10x_flash.o(i.FLASH_WaitForLastOperation) for FLASH_WaitForLastOperation
    stm32f10x_flash.o(i.FLASH_ProgramOptionByteData) refers to stm32f10x_flash.o(i.FLASH_WaitForLastOperation) for FLASH_WaitForLastOperation
    stm32f10x_flash.o(i.FLASH_ProgramWord) refers to stm32f10x_flash.o(i.FLASH_WaitForLastOperation) for FLASH_WaitForLastOperation
    stm32f10x_flash.o(i.FLASH_ReadOutProtection) refers to stm32f10x_flash.o(i.FLASH_WaitForLastOperation) for FLASH_WaitForLastOperation
    stm32f10x_flash.o(i.FLASH_UserOptionByteConfig) refers to stm32f10x_flash.o(i.FLASH_WaitForLastOperation) for FLASH_WaitForLastOperation
    stm32f10x_flash.o(i.FLASH_WaitForLastBank1Operation) refers to stm32f10x_flash.o(i.FLASH_GetBank1Status) for FLASH_GetBank1Status
    stm32f10x_flash.o(i.FLASH_WaitForLastOperation) refers to stm32f10x_flash.o(i.FLASH_GetBank1Status) for FLASH_GetBank1Status
    stm32f10x_gpio.o(i.GPIO_AFIODeInit) refers to stm32f10x_rcc.o(i.RCC_APB2PeriphResetCmd) for RCC_APB2PeriphResetCmd
    stm32f10x_gpio.o(i.GPIO_DeInit) refers to stm32f10x_rcc.o(i.RCC_APB2PeriphResetCmd) for RCC_APB2PeriphResetCmd
[...]
    TIM4_IRQHandler                          0x08000297   Thumb Code     0  startup_stm32f10x_md.o(.text)
    USART1_IRQHandler                        0x08000297   Thumb Code     0  startup_stm32f10x_md.o(.text)
    USART3_IRQHandler                        0x08000297   Thumb Code     0  startup_stm32f10x_md.o(.text)
    USBWakeUp_IRQHandler                     0x08000297   Thumb Code     0  startup_stm32f10x_md.o(.text)
    USB_HP_CAN1_TX_IRQHandler                0x08000297   Thumb Code     0  startup_stm32f10x_md.o(.text)
    USB_LP_CAN1_RX0_IRQHandler               0x08000297   Thumb Code     0  startup_stm32f10x_md.o(.text)
    WWDG_IRQHandler                          0x08000297   Thumb Code     0  startup_stm32f10x_md.o(.text)
    __user_initial_stackheap                 0x08000299   Thumb Code     0  startup_stm32f10x_md.o(.text)
    atoi                                     0x080002bd   Thumb Code    26  atoi.o(.text)
    __aeabi_memcpy                           0x080002d7   Thumb Code     0  rt_memcpy_v6.o(.text)
    __rt_memcpy                              0x080002d7   Thumb Code   138  rt_memcpy_v6.o(.text)
    _memcpy_lastbytes                        0x0800033d   Thumb Code     0  rt_memcpy_v6.o(.text)
    __aeabi_memclr4                          0x08000361   Thumb Code     0  rt_memclr_w.o(.text)
    __aeabi_memclr8                          0x08000361   Thumb Code     0  rt_memclr_w.o(.text)
    __rt_memclr_w                            0x08000361   Thumb Code    78  rt_memclr_w.o(.text)
    _memset_w                                0x08000365   Thumb Code     0  rt_memclr_w.o(.text)
    strcmp                                   0x080003b1   Thumb Code   128  strcmpv7m.o(.text)
    __use_two_region_memory                  0x08000431   Thumb Code     2  heapauxi.o(.text)
    __rt_heap_escrow$2region                 0x08000433   Thumb Code     2  heapauxi.o(.text)
    __rt_heap_expand$2region                 0x08000435   Thumb Code     2  heapauxi.o(.text)
    __aeabi_errno_addr                       0x08000439   Thumb Code     8  rt_errno_addr_intlibspace.o(.text)
    __errno$intlibspace                      0x08000439   Thumb Code     0  rt_errno_addr_intlibspace.o(.text)
    __rt_errno_addr$intlibspace              0x08000439   Thumb Code     0  rt_errno_addr_intlibspace.o(.text)
    __read_errno                             0x08000441   Thumb Code    10  _rserrno.o(.text)
    __set_errno                              0x0800044b   Thumb Code    12  _rserrno.o(.text)
    __strtod_int                             0x08000495   Thumb Code    90  strtod.o(.text)
    strtol                                   0x080004fd   Thumb Code   112  strtol.o(.text)
    __aeabi_memcpy4                          0x0800056d   Thumb Code     0  rt_memcpy_w.o(.text)
    __aeabi_memcpy8                          0x0800056d   Thumb Code     0  rt_memcpy_w.o(.text)
    __rt_memcpy_w                            0x0800056d   Thumb Code   100  rt_memcpy_w.o(.text)
    _memcpy_lastbytes_aligned                0x080005b5   Thumb Code     0  rt_memcpy_w.o(.text)
    __user_libspace                          0x080005d1   Thumb Code     8  libspace.o(.text)
    __user_perproc_libspace                  0x080005d1   Thumb Code     0  libspace.o(.text)
    __user_perthread_libspace                0x080005d1   Thumb Code     0  libspace.o(.text)
    __rt_ctype_table                         0x080005d9   Thumb Code    16  rt_ctype_table.o(.text)
    isspace                                  0x080005e9   Thumb Code    18  isspace.o(.text)
    _sgetc                                   0x080005fb   Thumb Code    30  _sgetc.o(.text)
    _sbackspace                              0x08000619   Thumb Code    34  _sgetc.o(.text)
    _strtoul                                 0x0800063b   Thumb Code   158  _strtoul.o(.text)
    __user_setup_stackheap                   0x080006d9   Thumb Code    74  sys_stackheap_outer.o(.text)
    __rt_locale                              0x08000725   Thumb Code     8  rt_locale_intlibspace.o(.text)
    _chval                                   0x0800072d   Thumb Code    28  _chval.o(.text)
    _scanf_really_real                       0x08000995   Thumb Code   684  scanf_fp.o(.text)
    _btod_etento                             0x08000c41   Thumb Code   224  bigflt0.o(.text)
    exit                                     0x08000d25   Thumb Code    18  exit.o(.text)
    _sys_exit                                0x08000d39   Thumb Code     8  sys_exit.o(.text)
    _scanf_really_hex_real                   0x08000d45   Thumb Code   786  scanf_hexfp.o(.text)
    _scanf_really_infnan                     0x08001065   Thumb Code   292  scanf_infnan.o(.text)
    __I$use$semihosting                      0x08001199   Thumb Code     0  use_no_semi.o(.text)
    __use_no_semihosting_swi                 0x08001199   Thumb Code     2  use_no_semi.o(.text)
    __aeabi_llsl                             0x0800119b   Thumb Code     0  llshl.o(.text)
    __semihosting_library_function           0x0800119b   Thumb Code     0  indicate_semi.o(.text)
    _ll_shift_l                              0x0800119b   Thumb Code    38  llshl.o(.text)
    __btod_div_common                        0x080011c1   Thumb Code   696  btod.o(CL$$btod_div_common)
    _e2d                                     0x080014f9   Thumb Code   122  btod.o(CL$$btod_e2d)
    _e2e                                     0x0800157d   Thumb Code   220  btod.o(CL$$btod_e2e)
    _btod_ediv                               0x08001659   Thumb Code    42  btod.o(CL$$btod_ediv)
    _btod_edivd                              0x08001683   Thumb Code    42  btod.o(CL$$btod_edivd)
    _btod_emul                               0x080016ad   Thumb Code    42  btod.o(CL$$btod_emul)
    _btod_emuld                              0x080016d7   Thumb Code    42  btod.o(CL$$btod_emuld)
    __btod_mult_common                       0x08001701   Thumb Code   580  btod.o(CL$$btod_mult_common)
    BusFault_Handler                         0x08001945   Thumb Code     4  stm32f10x_it.o(i.BusFault_Handler)
    DebugMon_Handler                         0x08001949   Thumb Code     2  stm32f10x_it.o(i.DebugMon_Handler)
    ESP_Init                                 0x0800194d   Thumb Code    88  esp8266.o(i.ESP_Init)
    Encoder_Get_Left                         0x080019bd   Thumb Code    26  encoder.o(i.Encoder_Get_Left)
    Encoder_Get_On                           0x080019d9   Thumb Code    22  encoder.o(i.Encoder_Get_On)
    Encoder_Get_Right                        0x080019f5   Thumb Code    22  encoder.o(i.Encoder_Get_Right)
    Encoder_Init1                            0x08001a11   Thumb Code   160  encoder.o(i.Encoder_Init1)
    Encoder_Init2                            0x08001ab5   Thumb Code   152  encoder.o(i.Encoder_Init2)
    Encoder_Init3                            0x08001b55   Thumb Code   150  encoder.o(i.Encoder_Init3)
    GPIO_Init                                0x08001bf5   Thumb Code   278  stm32f10x_gpio.o(i.GPIO_Init)
    GPIO_ReadInputDataBit                    0x08001d0b   Thumb Code    18  stm32f10x_gpio.o(i.GPIO_ReadInputDataBit)
    GPIO_ResetBits                           0x08001d1d   Thumb Code     4  stm32f10x_gpio.o(i.GPIO_ResetBits)
    GPIO_SetBits                             0x08001d21   Thumb Code     4  stm32f10x_gpio.o(i.GPIO_SetBits)
    GPIO_WriteBit                            0x08001d25   Thumb Code    10  stm32f10x_gpio.o(i.GPIO_WriteBit)
    HC_SR04_Init                             0x08001d31   Thumb Code    78  hcsr04.o(i.HC_SR04_Init)
    HardFault_Handler                        0x08001d85   Thumb Code     4  stm32f10x_it.o(i.HardFault_Handler)
    Key_GetNum                               0x08001d89   Thumb Code    50  key.o(i.Key_GetNum)
    Key_Init                                 0x08001dc1   Thumb Code    40  key.o(i.Key_Init)
    MemManage_Handler                        0x08001ded   Thumb Code     4  stm32f10x_it.o(i.MemManage_Handler)
    NMI_Handler                              0x08001df1   Thumb Code     2  stm32f10x_it.o(i.NMI_Handler)
    NVIC_Init                                0x08001df5   Thumb Code   100  misc.o(i.NVIC_Init)
    NVIC_PriorityGroupConfig                 0x08001e65   Thumb Code    10  misc.o(i.NVIC_PriorityGroupConfig)
    OLED_Clear                               0x08001e79   Thumb Code    36  oled.o(i.OLED_Clear)
    OLED_ClearArea                           0x08001ea1   Thumb Code   162  oled.o(i.OLED_ClearArea)
    OLED_DrawCircle                          0x08001f49   Thumb Code   352  oled.o(i.OLED_DrawCircle)
    OLED_DrawLine                            0x080020a9   Thumb Code   374  oled.o(i.OLED_DrawLine)
    OLED_DrawPoint                           0x08002221   Thumb Code    74  oled.o(i.OLED_DrawPoint)
    OLED_GPIO_Init                           0x08002271   Thumb Code    88  oled.o(i.OLED_GPIO_Init)
    OLED_I2C_SendByte                        0x080022cd   Thumb Code    62  oled.o(i.OLED_I2C_SendByte)
    OLED_I2C_Start                           0x0800230b   Thumb Code    28  oled.o(i.OLED_I2C_Start)
    OLED_I2C_Stop                            0x08002327   Thumb Code    22  oled.o(i.OLED_I2C_Stop)
    OLED_Init                                0x0800233d   Thumb Code   146  oled.o(i.OLED_Init)
    OLED_Pow                                 0x080023cf   Thumb Code    20  oled.o(i.OLED_Pow)
    OLED_SetCursor                           0x080023e3   Thumb Code    34  oled.o(i.OLED_SetCursor)
    OLED_ShowChar                            0x08002405   Thumb Code    74  oled.o(i.OLED_ShowChar)
    OLED_ShowImage                           0x08002459   Thumb Code   296  oled.o(i.OLED_ShowImage)
    OLED_ShowNum                             0x08002585   Thumb Code    76  oled.o(i.OLED_ShowNum)
    OLED_ShowString                          0x080025d1   Thumb Code    46  oled.o(i.OLED_ShowString)
    OLED_Update                              0x08002601   Thumb Code    36  oled.o(i.OLED_Update)
    OLED_W_SCL                               0x08002629   Thumb Code    16  oled.o(i.OLED_W_SCL)
    OLED_W_SDA                               0x0800263d   Thumb Code    16  oled.o(i.OLED_W_SDA)
    OLED_WriteCommand                        0x08002651   Thumb Code    32  oled.o(i.OLED_WriteCommand)
    OLED_WriteData                           0x08002671   Thumb Code    46  oled.o(i.OLED_WriteData)
    PWM_SetCompare1                          0x080026a1   Thumb Code    14  pwm.o(i.PWM_SetCompare1)
    PWM_SetCompare2                          0x080026b5   Thumb Code    14  pwm.o(i.PWM_SetCompare2)
    PWM_SetCompare3                          0x080026c9   Thumb Code    14  pwm.o(i.PWM_SetCompare3)
    PWM_SetCompare4                          0x080026dd   Thumb Code    14  pwm.o(i.PWM_SetCompare4)
    PWM_init                                 0x080026f1   Thumb Code   166  pwm.o(i.PWM_init)
    RCC_APB1PeriphClockCmd                   0x080027a1   Thumb Code    26  stm32f10x_rcc.o(i.RCC_APB1PeriphClockCmd)
    RCC_APB2PeriphClockCmd                   0x080027c1   Thumb Code    26  stm32f10x_rcc.o(i.RCC_APB2PeriphClockCmd)
    RCC_GetClocksFreq                        0x080027e1   Thumb Code   192  stm32f10x_rcc.o(i.RCC_GetClocksFreq)
    Serial_GetRxFlag                         0x080028b5   Thumb Code    22  usart.o(i.Serial_GetRxFlag)
    Serial_Init                              0x080028d1   Thumb Code   162  usart.o(i.Serial_Init)
    Serial_SendByte                          0x0800297d   Thumb Code    28  usart.o(i.Serial_SendByte)
    Serial_SendString                        0x0800299d   Thumb Code    26  usart.o(i.Serial_SendString)
    Servo_SetAngle                           0x080029b9   Thumb Code    48  motor.o(i.Servo_SetAngle)
    SysTick_CLKSourceConfig                  0x08002add   Thumb Code    40  misc.o(i.SysTick_CLKSourceConfig)
    SysTick_Handler                          0x08002b05   Thumb Code    16  stm32f10x_it.o(i.SysTick_Handler)
    SystemInit                               0x08002b15   Thumb Code    78  system_stm32f10x.o(i.SystemInit)
    TIM_Cmd                                  0x08002db5   Thumb Code    24  stm32f10x_tim.o(i.TIM_Cmd)
    TIM_CtrlPWMOutputs                       0x08002dcd   Thumb Code    30  stm32f10x_tim.o(i.TIM_CtrlPWMOutputs)
    TIM_EncoderInterfaceConfig               0x08002deb   Thumb Code    66  stm32f10x_tim.o(i.TIM_EncoderInterfaceConfig)
    TIM_GetCounter                           0x08002e2d   Thumb Code     6  stm32f10x_tim.o(i.TIM_GetCounter)
    TIM_ICInit                               0x08002e35   Thumb Code   150  stm32f10x_tim.o(i.TIM_ICInit)
    TIM_ICStructInit                         0x08002ee1   Thumb Code    18  stm32f10x_tim.o(i.TIM_ICStructInit)
    TIM_InternalClockConfig                  0x08002ef3   Thumb Code    12  stm32f10x_tim.o(i.TIM_InternalClockConfig)
    TIM_OC1Init                              0x08002f01   Thumb Code   132  stm32f10x_tim.o(i.TIM_OC1Init)
    TIM_OC2Init                              0x08002f99   Thumb Code   154  stm32f10x_tim.o(i.TIM_OC2Init)
    TIM_OC3Init                              0x0800303d   Thumb Code   150  stm32f10x_tim.o(i.TIM_OC3Init)
    TIM_OC4Init                              0x080030dd   Thumb Code   114  stm32f10x_tim.o(i.TIM_OC4Init)
    TIM_OCStructInit                         0x08003159   Thumb Code    20  stm32f10x_tim.o(i.TIM_OCStructInit)
    TIM_SetCompare1                          0x0800316d   Thumb Code     4  stm32f10x_tim.o(i.TIM_SetCompare1)
    TIM_SetCompare2                          0x08003171   Thumb Code     4  stm32f10x_tim.o(i.TIM_SetCompare2)
    TIM_SetCompare3                          0x08003175   Thumb Code     4  stm32f10x_tim.o(i.TIM_SetCompare3)
    TIM_SetCompare4                          0x08003179   Thumb Code     6  stm32f10x_tim.o(i.TIM_SetCompare4)
    TIM_SetCounter                           0x0800317f   Thumb Code     4  stm32f10x_tim.o(i.TIM_SetCounter)
    TIM_SetIC1Prescaler                      0x08003183   Thumb Code    18  stm32f10x_tim.o(i.TIM_SetIC1Prescaler)
    TIM_SetIC2Prescaler                      0x08003195   Thumb Code    26  stm32f10x_tim.o(i.TIM_SetIC2Prescaler)
    TIM_SetIC3Prescaler                      0x080031af   Thumb Code    18  stm32f10x_tim.o(i.TIM_SetIC3Prescaler)
    TIM_SetIC4Prescaler                      0x080031c1   Thumb Code    26  stm32f10x_tim.o(i.TIM_SetIC4Prescaler)
    TIM_TimeBaseInit                         0x080031dd   Thumb Code   122  stm32f10x_tim.o(i.TIM_TimeBaseInit)
    USART2_IRQHandler                        0x080032ad   Thumb Code   162  usart.o(i.USART2_IRQHandler)
    USART_ClearITPendingBit                  0x08003365   Thumb Code    30  stm32f10x_usart.o(i.USART_ClearITPendingBit)
    USART_Cmd                                0x08003383   Thumb Code    24  stm32f10x_usart.o(i.USART_Cmd)
    USART_GetFlagStatus                      0x0800339b   Thumb Code    26  stm32f10x_usart.o(i.USART_GetFlagStatus)
    USART_GetITStatus                        0x080033b5   Thumb Code    84  stm32f10x_usart.o(i.USART_GetITStatus)
    USART_ITConfig                           0x08003409   Thumb Code    74  stm32f10x_usart.o(i.USART_ITConfig)
    USART_Init                               0x08003455   Thumb Code   210  stm32f10x_usart.o(i.USART_Init)
    USART_ReceiveData                        0x0800352d   Thumb Code    10  stm32f10x_usart.o(i.USART_ReceiveData)
    USART_SendData                           0x08003537   Thumb Code     8  stm32f10x_usart.o(i.USART_SendData)
    UsageFault_Handler                       0x0800353f   Thumb Code     4  stm32f10x_it.o(i.UsageFault_Handler)
    __ARM_fpclassify                         0x08003543   Thumb Code    40  fpclassify.o(i.__ARM_fpclassify)
    __ieee754_rem_pio2                       0x0800356d   Thumb Code   828  rred.o(i.__ieee754_rem_pio2)
    __kernel_cos                             0x080038f5   Thumb Code   230  cos_i.o(i.__kernel_cos)
    __kernel_poly                            0x080039f1   Thumb Code   170  poly.o(i.__kernel_poly)
    __kernel_sin                             0x08003a9d   Thumb Code   224  sin_i.o(i.__kernel_sin)
    __mathlib_dbl_divzero                    0x08003b89   Thumb Code    12  dunder.o(i.__mathlib_dbl_divzero)
    __mathlib_dbl_infnan                     0x08003b99   Thumb Code     6  dunder.o(i.__mathlib_dbl_infnan)
    __mathlib_dbl_infnan2                    0x08003b9f   Thumb Code     4  dunder.o(i.__mathlib_dbl_infnan2)
    __mathlib_dbl_invalid                    0x08003ba3   Thumb Code    12  dunder.o(i.__mathlib_dbl_invalid)
    __mathlib_dbl_overflow                   0x08003baf   Thumb Code    14  dunder.o(i.__mathlib_dbl_overflow)
    __mathlib_dbl_underflow                  0x08003bbd   Thumb Code    10  dunder.o(i.__mathlib_dbl_underflow)
    __mathlib_narrow                         0x08003bcd   Thumb Code    16  narrow.o(i.__mathlib_narrow)
    __mathlib_tofloat                        0x08003bdd   Thumb Code   184  narrow.o(i.__mathlib_tofloat)
    __support_ldexp                          0x08003c99   Thumb Code    22  ldexp.o(i.__support_ldexp)
    _is_digit                                0x08003caf   Thumb Code    14  __printf_wp.o(i._is_digit)
    acos                                     0x08003cbd   Thumb Code   574  acos.o(i.acos)
    atof                                     0x08003f39   Thumb Code    42  atof.o(i.atof)
    clear_left                               0x08003f65   Thumb Code    16  pid.o(i.clear_left)
    clear_on                                 0x08003f81   Thumb Code    16  pid.o(i.clear_on)
    clear_right                              0x08003f9d   Thumb Code    16  pid.o(i.clear_right)
    cos                                      0x08003fb9   Thumb Code   148  cos.o(i.cos)
    delay_init                               0x08004055   Thumb Code    56  delay.o(i.delay_init)
    delay_ms                                 0x08004095   Thumb Code    60  delay.o(i.delay_ms)
    delay_us                                 0x080040d5   Thumb Code    68  delay.o(i.delay_us)
    eTaskConfirmSleepModeStatus              0x0800411d   Thumb Code    52  tasks.o(i.eTaskConfirmSleepModeStatus)
    frexp                                    0x08004165   Thumb Code    80  frexp.o(i.frexp)
    ldexp                                    0x080041bd   Thumb Code   116  ldexp.o(i.ldexp)
    main                                     0x08004231   Thumb Code    66  main.o(i.main)
    motor_init                               0x08004289   Thumb Code    54  motor.o(i.motor_init)
    pid_left                                 0x080042c5   Thumb Code   186  pid.o(i.pid_left)
    pid_on                                   0x080043a1   Thumb Code   186  pid.o(i.pid_on)
    pid_right                                0x0800447d   Thumb Code   186  pid.o(i.pid_right)
    pid_turn1                                0x08004559   Thumb Code   186  pid.o(i.pid_turn1)
    pid_turn2                                0x08004635   Thumb Code   186  pid.o(i.pid_turn2)
    pid_turn3                                0x08004711   Thumb Code   186  pid.o(i.pid_turn3)
    pow                                      0x080047ed   Thumb Code  2512  pow.o(i.pow)
    pvPortMalloc                             0x08005b59   Thumb Code   208  heap_4.o(i.pvPortMalloc)
    pwm_control                              0x08005c3d   Thumb Code    14  pid.o(i.pwm_control)
    pxPortInitialiseStack                    0x08005c4d   Thumb Code    30  port.o(i.pxPortInitialiseStack)
    returnp                                  0x08005c71   Thumb Code   114  main.o(i.returnp)
    ser                                      0x08005ce9   Thumb Code  1538  main.o(i.ser)
    servo_init                               0x0800631d   Thumb Code   150  pwm.o(i.servo_init)
    sin                                      0x080063bd   Thumb Code   150  sin.o(i.sin)
    sonar_mm                                 0x0800645d   Thumb Code   202  hcsr04.o(i.sonar_mm)
    speed_left                               0x08006539   Thumb Code    88  motor.o(i.speed_left)
    speed_on                                 0x08006595   Thumb Code    88  motor.o(i.speed_on)
    speed_right                              0x080065f1   Thumb Code    78  motor.o(i.speed_right)
    speedcontrol                             0x08006645   Thumb Code   366  motor.o(i.speedcontrol)
    speedturn                                0x080067e5   Thumb Code   124  motor.o(i.speedturn)
    sqrt                                     0x0800686d   Thumb Code    76  sqrt.o(i.sqrt)
    starttask                                0x080068b9   Thumb Code    32  main.o(i.starttask)
    uxListRemove                             0x080068e5   Thumb Code    40  list.o(i.uxListRemove)
    uxTaskGetNumberOfTasks                   0x0800690d   Thumb Code     6  tasks.o(i.uxTaskGetNumberOfTasks)
    vApplicationGetIdleTaskMemory            0x08006919   Thumb Code    14  main.o(i.vApplicationGetIdleTaskMemory)
    vApplicationGetTimerTaskMemory           0x08006931   Thumb Code    14  main.o(i.vApplicationGetTimerTaskMemory)
    vListInitialise                          0x08006949   Thumb Code    26  list.o(i.vListInitialise)
    vListInitialiseItem                      0x08006963   Thumb Code     6  list.o(i.vListInitialiseItem)
    vListInsert                              0x08006969   Thumb Code    52  list.o(i.vListInsert)
    vListInsertEnd                           0x0800699d   Thumb Code    24  list.o(i.vListInsertEnd)
    vPortEnterCritical                       0x080069b5   Thumb Code    30  port.o(i.vPortEnterCritical)
    vPortExitCritical                        0x080069d9   Thumb Code    28  port.o(i.vPortExitCritical)
    vPortFree                                0x080069f9   Thumb Code    68  heap_4.o(i.vPortFree)
    vPortSetupTimerInterrupt                 0x08006a45   Thumb Code    86  port.o(i.vPortSetupTimerInterrupt)
    vPortSuppressTicksAndSleep               0x08006aad   Thumb Code   306  port.o(i.vPortSuppressTicksAndSleep)
    vQueueWaitForMessageRestricted           0x08006bf1   Thumb Code    74  queue.o(i.vQueueWaitForMessageRestricted)
    vTaskDelay                               0x08006c3d   Thumb Code    46  tasks.o(i.vTaskDelay)
    vTaskDelete                              0x08006c71   Thumb Code   174  tasks.o(i.vTaskDelete)
    vTaskInternalSetTimeOutState             0x08006d45   Thumb Code    14  tasks.o(i.vTaskInternalSetTimeOutState)
    vTaskMissedYield                         0x08006d5d   Thumb Code     8  tasks.o(i.vTaskMissedYield)
    vTaskPlaceOnEventList                    0x08006d69   Thumb Code    28  tasks.o(i.vTaskPlaceOnEventList)
    vTaskPlaceOnEventListRestricted          0x08006d89   Thumb Code    70  tasks.o(i.vTaskPlaceOnEventListRestricted)
    vTaskStartScheduler                      0x08006dd5   Thumb Code   124  tasks.o(i.vTaskStartScheduler)
    vTaskStepTick                            0x08006e71   Thumb Code    50  tasks.o(i.vTaskStepTick)
    vTaskSuspendAll                          0x08006eb1   Thumb Code    12  tasks.o(i.vTaskSuspendAll)
    vTaskSwitchContext                       0x08006ec1   Thumb Code    76  tasks.o(i.vTaskSwitchContext)
    xPortStartScheduler                      0x08006f21   Thumb Code    42  port.o(i.xPortStartScheduler)
    xPortSysTickHandler                      0x08006f55   Thumb Code    46  port.o(i.xPortSysTickHandler)
    xQueueGenericCreateStatic                0x08006f89   Thumb Code    62  queue.o(i.xQueueGenericCreateStatic)
    xQueueGenericReset                       0x08006fc9   Thumb Code   156  queue.o(i.xQueueGenericReset)
    xQueueGenericSend                        0x08007069   Thumb Code   276  queue.o(i.xQueueGenericSend)
    xQueueGenericSendFromISR                 0x08007181   Thumb Code   152  queue.o(i.xQueueGenericSendFromISR)
    xQueueReceive                            0x08007219   Thumb Code   256  queue.o(i.xQueueReceive)
    xTaskCheckForTimeOut                     0x0800731d   Thumb Code    88  tasks.o(i.xTaskCheckForTimeOut)
    xTaskCreate                              0x0800737d   Thumb Code   108  tasks.o(i.xTaskCreate)
    xTaskCreateStatic                        0x080073e9   Thumb Code    86  tasks.o(i.xTaskCreateStatic)
    xTaskGetSchedulerState                   0x08007441   Thumb Code    24  tasks.o(i.xTaskGetSchedulerState)
    xTaskGetTickCount                        0x08007461   Thumb Code     6  tasks.o(i.xTaskGetTickCount)
    xTaskIncrementTick                       0x0800746d   Thumb Code   356  tasks.o(i.xTaskIncrementTick)
    xTaskRemoveFromEventList                 0x080075fd   Thumb Code   244  tasks.o(i.xTaskRemoveFromEventList)
    xTaskResumeAll                           0x08007709   Thumb Code   310  tasks.o(i.xTaskResumeAll)
    xTimerCreate                             0x08007865   Thumb Code    54  timers.o(i.xTimerCreate)
    xTimerCreateTimerTask                    0x0800789d   Thumb Code    76  timers.o(i.xTimerCreateTimerTask)
    xTimerGenericCommand                     0x080078fd   Thumb Code   102  timers.o(i.xTimerGenericCommand)
    _get_lc_numeric                          0x08007969   Thumb Code    44  lc_numeric_c.o(locale$$code)
    _get_lc_ctype                            0x08007995   Thumb Code    44  lc_ctype_c.o(locale$$code)
    __aeabi_d2f                              0x080079c1   Thumb Code     0  d2f.o(x$fpl$d2f)
    _d2f                                     0x080079c1   Thumb Code    98  d2f.o(x$fpl$d2f)
    __aeabi_dadd                             0x08007a25   Thumb Code     0  daddsub_clz.o(x$fpl$dadd)
    _dadd                                    0x08007a25   Thumb Code   332  daddsub_clz.o(x$fpl$dadd)
    __fpl_dcheck_NaN1                        0x08007b75   Thumb Code    10  dcheck1.o(x$fpl$dcheck1)
    __fpl_dcmp_Inf                           0x08007b85   Thumb Code    24  dcmpi.o(x$fpl$dcmpinf)
    __aeabi_ddiv                             0x08007b9d   Thumb Code     0  ddiv.o(x$fpl$ddiv)
    _ddiv                                    0x08007b9d   Thumb Code   552  ddiv.o(x$fpl$ddiv)
    __aeabi_cdcmpeq                          0x08007e4d   Thumb Code     0  deqf.o(x$fpl$deqf)
    _dcmpeq                                  0x08007e4d   Thumb Code   120  deqf.o(x$fpl$deqf)
    __aeabi_d2iz                             0x08007ec5   Thumb Code     0  dfix.o(x$fpl$dfix)
    _dfix                                    0x08007ec5   Thumb Code    94  dfix.o(x$fpl$dfix)
    __aeabi_d2uiz                            0x08007f25   Thumb Code     0  dfixu.o(x$fpl$dfixu)
    _dfixu                                   0x08007f25   Thumb Code    90  dfixu.o(x$fpl$dfixu)
    __aeabi_i2d                              0x08007f7f   Thumb Code     0  dflt_clz.o(x$fpl$dflt)
    _dflt                                    0x08007f7f   Thumb Code    46  dflt_clz.o(x$fpl$dflt)
    __aeabi_ui2d                             0x08007fad   Thumb Code     0  dflt_clz.o(x$fpl$dfltu)
    _dfltu                                   0x08007fad   Thumb Code    38  dflt_clz.o(x$fpl$dfltu)
    __aeabi_ul2d                             0x08007fd5   Thumb Code     0  dfltll_clz.o(x$fpl$dfltull)
    _ll_uto_d                                0x08007fd5   Thumb Code   138  dfltll_clz.o(x$fpl$dfltull)
    __aeabi_cdcmple                          0x08008061   Thumb Code     0  dleqf.o(x$fpl$dleqf)
    _dcmple                                  0x08008061   Thumb Code   120  dleqf.o(x$fpl$dleqf)
    __fpl_dcmple_InfNaN                      0x080080c3   Thumb Code     0  dleqf.o(x$fpl$dleqf)
    __aeabi_dmul                             0x080080d9   Thumb Code     0  dmul.o(x$fpl$dmul)
    _dmul                                    0x080080d9   Thumb Code   332  dmul.o(x$fpl$dmul)
    __fpl_dnaninf                            0x0800822d   Thumb Code   156  dnaninf.o(x$fpl$dnaninf)
    __fpl_dretinf                            0x080082c9   Thumb Code    12  dretinf.o(x$fpl$dretinf)
    __aeabi_cdrcmple                         0x080082d5   Thumb Code     0  drleqf.o(x$fpl$drleqf)
    _drcmple                                 0x080082d5   Thumb Code   108  drleqf.o(x$fpl$drleqf)
    __aeabi_drsub                            0x08008341   Thumb Code     0  daddsub_clz.o(x$fpl$drsb)
    _drsb                                    0x08008341   Thumb Code    22  daddsub_clz.o(x$fpl$drsb)
    _dsqrt                                   0x08008359   Thumb Code   456  dsqrt_noumaal.o(x$fpl$dsqrt)
    __aeabi_dsub                             0x08008525   Thumb Code     0  daddsub_clz.o(x$fpl$dsub)
    _dsub                                    0x08008525   Thumb Code   464  daddsub_clz.o(x$fpl$dsub)
    __aeabi_fadd                             0x080086f9   Thumb Code     0  faddsub_clz.o(x$fpl$fadd)
    _fadd                                    0x080086f9   Thumb Code   196  faddsub_clz.o(x$fpl$fadd)
    __aeabi_fdiv                             0x080087bd   Thumb Code     0  fdiv.o(x$fpl$fdiv)
    _fdiv                                    0x080087bd   Thumb Code   384  fdiv.o(x$fpl$fdiv)
    __aeabi_f2iz                             0x08008941   Thumb Code     0  ffix.o(x$fpl$ffix)
    _ffix                                    0x08008941   Thumb Code    54  ffix.o(x$fpl$ffix)
    __aeabi_f2uiz                            0x08008979   Thumb Code     0  ffixu.o(x$fpl$ffixu)
    _ffixu                                   0x08008979   Thumb Code    62  ffixu.o(x$fpl$ffixu)
    __aeabi_i2f                              0x080089b9   Thumb Code     0  fflt_clz.o(x$fpl$fflt)
    _fflt                                    0x080089b9   Thumb Code    48  fflt_clz.o(x$fpl$fflt)
    __aeabi_fmul                             0x080089e9   Thumb Code     0  fmul.o(x$fpl$fmul)
    _fmul                                    0x080089e9   Thumb Code   258  fmul.o(x$fpl$fmul)
    __fpl_fnaninf                            0x08008aeb   Thumb Code   140  fnaninf.o(x$fpl$fnaninf)
    __fpl_fretinf                            0x08008b77   Thumb Code    10  fretinf.o(x$fpl$fretinf)
    __aeabi_frsub                            0x08008b81   Thumb Code     0  faddsub_clz.o(x$fpl$frsb)
    _frsb                                    0x08008b81   Thumb Code    20  faddsub_clz.o(x$fpl$frsb)
    __aeabi_fsub                             0x08008b95   Thumb Code     0  faddsub_clz.o(x$fpl$fsub)
    _fsub                                    0x08008b95   Thumb Code   234  faddsub_clz.o(x$fpl$fsub)
    __ieee_status                            0x08008c7f   Thumb Code     6  istatus.o(x$fpl$ieeestatus)
    __fpl_return_NaN                         0x08008c85   Thumb Code   100  retnan.o(x$fpl$retnan)
    __ARM_scalbn                             0x08008ce9   Thumb Code    92  scalbn.o(x$fpl$scalbn)
    _scanf_real                              0x08008d45   Thumb Code     4  scanf1.o(x$fpl$scanf1)
    _scanf_hex_real                          0x08008d49   Thumb Code     4  scanf2.o(x$fpl$scanf2)
    _scanf_infnan                            0x08008d4d   Thumb Code     4  scanf2.o(x$fpl$scanf2)
    __fpl_cmpreturn                          0x08008d51   Thumb Code    48  trapv.o(x$fpl$trapveneer)
    OLED_F8x16                               0x08008d80   Data        1520  oled_data.o(.constdata)
    __I$use$fp                               0x08008d80   Number         0  usenofp.o(x$fpl$usenofp)
    OLED_F6x8                                0x08009370   Data         570  oled_data.o(.constdata)
    OLED_CF16x16                             0x080095aa   Data         245  oled_data.o(.constdata)
    Diode                                    0x0800969f   Data          32  oled_data.o(.constdata)
    __mathlib_zero                           0x080097c8   Data           8  qnan.o(.constdata)
    Region$$Table$$Base                      0x08009954   Number         0  anon$$obj.o(Region$$Table)
    Region$$Table$$Limit                     0x08009974   Number         0  anon$$obj.o(Region$$Table)
    __aeabi_HUGE_VAL                         0x08009974   Data           0  fpconst.o(c$$dinf)
    __aeabi_HUGE_VALL                        0x08009974   Data           0  fpconst.o(c$$dinf)
    __aeabi_INFINITY                         0x08009974   Data           0  fpconst.o(c$$dinf)
    __dInf                                   0x08009974   Data           0  fpconst.o(c$$dinf)
    __huge_val                               0x08009974   Data           0  fpconst.o(c$$dinf)
    __dbl_max                                0x0800997c   Data           0  fpconst.o(c$$dmax)
    __ctype                                  0x080099ad   Data           0  lc_ctype_c.o(locale$$data)
    SystemCoreClock                          0x20000000   Data           4  system_stm32f10x.o(.data)
    AHBPrescTable                            0x20000004   Data          16  system_stm32f10x.o(.data)
    keynum                                   0x20000028   Data           4  main.o(.data)
    mspeed                                   0x2000002c   Data           4  main.o(.data)
    speed                                    0x20000030   Data           4  main.o(.data)
    angle                                    0x20000038   Data           8  main.o(.data)
    dis                                      0x20000040   Data           4  main.o(.data)
    Speed_On                                 0x20000044   Data           2  main.o(.data)
    Speed_Left                               0x20000046   Data           2  main.o(.data)
    Speed_Right                              0x20000048   Data           2  main.o(.data)
    Speed_Turn1                              0x2000004a   Data           2  main.o(.data)
    Speed_Turn2                              0x2000004c   Data           2  main.o(.data)
    Speed_Turn3                              0x2000004e   Data           2  main.o(.data)
    t                                        0x20000050   Data           4  main.o(.data)
    serHandler                               0x20000054   Data           4  main.o(.data)
    Tim_speed                                0x20000058   Data           4  main.o(.data)
    Tim_servo                                0x2000005c   Data           4  main.o(.data)
    starttaskHandler                         0x20000060   Data           4  main.o(.data)
    min                                      0x20000064   Data           4  main.o(.data)
    loc1                                     0x20000068   Data           4  main.o(.data)
    loc2                                     0x2000006c   Data           4  main.o(.data)
    pxCurrentTCB                             0x20000070   Data           4  tasks.o(.data)
    uxTopUsedPriority                        0x200000a8   Data           4  tasks.o(.data)
    Serial_RxFlag                            0x200000f0   Data           1  usart.o(.data)
    command0                                 0x200000f3   Data           9  esp8266.o(.data)
    command1                                 0x200000fc   Data          14  esp8266.o(.data)
    command2                                 0x2000010a   Data          47  esp8266.o(.data)
    command3                                 0x20000139   Data          14  esp8266.o(.data)
    command4                                 0x20000147   Data          48  esp8266.o(.data)
    command5                                 0x20000177   Data          15  esp8266.o(.data)
    speedtable                               0x20000188   Data          24  motor.o(.data)
    vx                                       0x200001a0   Data           4  motor.o(.data)
    vy                                       0x200001a4   Data           4  motor.o(.data)
    x                                        0x200001a8   Data           4  motor.o(.data)
    y                                        0x200001ac   Data           4  motor.o(.data)
    z                                        0x200001b0   Data           4  motor.o(.data)
    s1                                       0x200001b4   Data           4  motor.o(.data)
    s2                                       0x200001b8   Data           4  motor.o(.data)
    s3                                       0x200001bc   Data           4  motor.o(.data)
    sa                                       0x200001c0   Data           4  motor.o(.data)
    sb                                       0x200001c4   Data           4  motor.o(.data)
    sc                                       0x200001c8   Data           4  motor.o(.data)
    time                                     0x200001d0   Data           8  hcsr04.o(.data)
    time_end                                 0x200001d8   Data           8  hcsr04.o(.data)
    err1                                     0x200001e0   Data           4  pid.o(.data)
    last_err1                                0x200001e4   Data           4  pid.o(.data)
    next_err1                                0x200001e8   Data           4  pid.o(.data)
    pwm1                                     0x200001ec   Data           4  pid.o(.data)
    add1                                     0x200001f0   Data           4  pid.o(.data)
    p                                        0x200001f4   Data           4  pid.o(.data)
    i                                        0x200001f8   Data           4  pid.o(.data)
    d                                        0x200001fc   Data           4  pid.o(.data)
    err2                                     0x20000200   Data           4  pid.o(.data)
    last_err2                                0x20000204   Data           4  pid.o(.data)
    next_err2                                0x20000208   Data           4  pid.o(.data)
    pwm2                                     0x2000020c   Data           4  pid.o(.data)
    add2                                     0x20000210   Data           4  pid.o(.data)
    err3                                     0x20000214   Data           4  pid.o(.data)
    last_err3                                0x20000218   Data           4  pid.o(.data)
    next_err3                                0x2000021c   Data           4  pid.o(.data)
    pwm3                                     0x20000220   Data           4  pid.o(.data)
    add3                                     0x20000224   Data           4  pid.o(.data)
    err4                                     0x20000228   Data           4  pid.o(.data)
    last_err4                                0x2000022c   Data           4  pid.o(.data)
    next_err4                                0x20000230   Data           4  pid.o(.data)
    pwm4                                     0x20000234   Data           4  pid.o(.data)
    add4                                     0x20000238   Data           4  pid.o(.data)
    err5                                     0x2000023c   Data           4  pid.o(.data)
    last_err5                                0x20000240   Data           4  pid.o(.data)
    next_err5                                0x20000244   Data           4  pid.o(.data)
    pwm5                                     0x20000248   Data           4  pid.o(.data)
    add5                                     0x2000024c   Data           4  pid.o(.data)
    err6                                     0x20000250   Data           4  pid.o(.data)
    last_err6                                0x20000254   Data           4  pid.o(.data)
    next_err6                                0x20000258   Data           4  pid.o(.data)
    pwm6                                     0x2000025c   Data           4  pid.o(.data)
    add6                                     0x20000260   Data           4  pid.o(.data)
    list1                                    0x20000268   Data         724  main.o(.bss)
    list2                                    0x2000053c   Data         724  main.o(.bss)
    IdleTaskTCB                              0x20000810   Data          76  main.o(.bss)
    IdleTaskStack                            0x2000085c   Data         512  main.o(.bss)
    TimerTaskTCB                             0x20000a5c   Data          76  main.o(.bss)
    TimerTaskStack                           0x20000aa8   Data         512  main.o(.bss)
    Serial_RxPacket                          0x20003874   Data         100  usart.o(.bss)
    OLED_DisplayBuf                          0x200038d8   Data        1024  oled.o(.bss)
    __libspace_start                         0x20003cd8   Data          96  libspace.o(.bss)
    __temporary_stack_top$libspace           0x20003d38   Data           0  libspace.o(.bss)



==============================================================================

Memory Map of the image

  Image Entry point : 0x080000ed

  Load Region LR_IROM1 (Base: 0x08000000, Size: 0x00009d18, Max: 0x00010000, ABSOLUTE, COMPRESSED[0x00009b58])

    Execution Region ER_IROM1 (Exec base: 0x08000000, Load base: 0x08000000, Size: 0x00009ab0, Max: 0x00010000, ABSOLUTE)

    Exec Addr    Load Addr    Size         Type   Attr      Idx    E Section Name        Object

    0x08000000   0x08000000   0x000000ec   Data   RO            3    RESET               startup_stm32f10x_md.o
    0x080000ec   0x080000ec   0x00000008   Code   RO         5217  * !!!main             c_w.l(__main.o)
    0x080000f4   0x080000f4   0x00000034   Code   RO         5796    !!!scatter          c_w.l(__scatter.o)
    0x08000128   0x08000128   0x0000005a   Code   RO         5794    !!dczerorl2         c_w.l(__dczerorl2.o)
    0x08000182   0x08000182   0x00000002   PAD
    0x08000184   0x08000184   0x0000001c   Code   RO         5798    !!handler_zi        c_w.l(__scatter_zi.o)
    0x080001a0   0x080001a0   0x00000002   Code   RO         5621    .ARM.Collect$$libinit$$00000000  c_w.l(libinit.o)
    0x080001a2   0x080001a2   0x00000000   Code   RO         5623    .ARM.Collect$$libinit$$00000002  c_w.l(libinit2.o)
    0x080001a2   0x080001a2   0x00000000   Code   RO         5625    .ARM.Collect$$libinit$$00000004  c_w.l(libinit2.o)
    0x080001a2   0x080001a2   0x00000000   Code   RO         5628    .ARM.Collect$$libinit$$0000000A  c_w.l(libinit2.o)
    0x080001a2   0x080001a2   0x00000000   Code   RO         5630    .ARM.Collect$$libinit$$0000000C  c_w.l(libinit2.o)
    0x080001a2   0x080001a2   0x00000000   Code   RO         5632    .ARM.Collect$$libinit$$0000000E  c_w.l(libinit2.o)
    0x080001a2   0x080001a2   0x00000006   Code   RO         5633    .ARM.Collect$$libinit$$0000000F  c_w.l(libinit2.o)
    0x080001a8   0x080001a8   0x00000000   Code   RO         5635    .ARM.Collect$$libinit$$00000011  c_w.l(libinit2.o)
    0x080001a8   0x080001a8   0x0000000c   Code   RO         5636    .ARM.Collect$$libinit$$00000012  c_w.l(libinit2.o)
    0x080001b4   0x080001b4   0x00000000   Code   RO         5637    .ARM.Collect$$libinit$$00000013  c_w.l(libinit2.o)
    0x080001b4   0x080001b4   0x00000000   Code   RO         5639    .ARM.Collect$$libinit$$00000015  c_w.l(libinit2.o)
    0x080001b4   0x080001b4   0x0000000a   Code   RO         5640    .ARM.Collect$$libinit$$00000016  c_w.l(libinit2.o)
    0x080001be   0x080001be   0x00000000   Code   RO         5641    .ARM.Collect$$libinit$$00000017  c_w.l(libinit2.o)
    0x080001be   0x080001be   0x00000000   Code   RO         5643    .ARM.Collect$$libinit$$00000019  c_w.l(libinit2.o)
    0x080001be   0x080001be   0x00000000   Code   RO         5645    .ARM.Collect$$libinit$$0000001B  c_w.l(libinit2.o)
    0x080001be   0x080001be   0x00000000   Code   RO         5647    .ARM.Collect$$libinit$$0000001D  c_w.l(libinit2.o)
    0x080001be   0x080001be   0x00000000   Code   RO         5649    .ARM.Collect$$libinit$$0000001F  c_w.l(libinit2.o)
    0x080001be   0x080001be   0x00000000   Code   RO         5651    .ARM.Collect$$libinit$$00000021  c_w.l(libinit2.o)
    0x080001be   0x080001be   0x00000000   Code   RO         5653    .ARM.Collect$$libinit$$00000023  c_w.l(libinit2.o)
    0x080001be   0x080001be   0x00000000   Code   RO         5655    .ARM.Collect$$libinit$$00000025  c_w.l(libinit2.o)
    0x080001be   0x080001be   0x00000000   Code   RO         5659    .ARM.Collect$$libinit$$0000002C  c_w.l(libinit2.o)
    0x080001be   0x080001be   0x00000000   Code   RO         5661    .ARM.Collect$$libinit$$0000002E  c_w.l(libinit2.o)
    0x080001be   0x080001be   0x00000000   Code   RO         5663    .ARM.Collect$$libinit$$00000030  c_w.l(libinit2.o)
    0x080001be   0x080001be   0x00000000   Code   RO         5665    .ARM.Collect$$libinit$$00000032  c_w.l(libinit2.o)
    0x080001be   0x080001be   0x00000002   Code   RO         5666    .ARM.Collect$$libinit$$00000033  c_w.l(libinit2.o)
    0x080001c0   0x080001c0   0x00000002   Code   RO         5747    .ARM.Collect$$libshutdown$$00000000  c_w.l(libshutdown.o)
    0x080001c2   0x080001c2   0x00000000   Code   RO         5777    .ARM.Collect$$libshutdown$$00000002  c_w.l(libshutdown2.o)
    0x080001c2   0x080001c2   0x00000000   Code   RO         5779    .ARM.Collect$$libshutdown$$00000004  c_w.l(libshutdown2.o)
    0x080001c2   0x080001c2   0x00000000   Code   RO         5782    .ARM.Collect$$libshutdown$$00000007  c_w.l(libshutdown2.o)
    0x080001c2   0x080001c2   0x00000000   Code   RO         5785    .ARM.Collect$$libshutdown$$0000000A  c_w.l(libshutdown2.o)
    0x080001c2   0x080001c2   0x00000000   Code   RO         5787    .ARM.Collect$$libshutdown$$0000000C  c_w.l(libshutdown2.o)
    0x080001c2   0x080001c2   0x00000000   Code   RO         5790    .ARM.Collect$$libshutdown$$0000000F  c_w.l(libshutdown2.o)
    0x080001c2   0x080001c2   0x00000002   Code   RO         5791    .ARM.Collect$$libshutdown$$00000010  c_w.l(libshutdown2.o)
    0x080001c4   0x080001c4   0x00000000   Code   RO         5331    .ARM.Collect$$rtentry$$00000000  c_w.l(__rtentry.o)
    0x080001c4   0x080001c4   0x00000000   Code   RO         5518    .ARM.Collect$$rtentry$$00000002  c_w.l(__rtentry2.o)
    0x080001c4   0x080001c4   0x00000006   Code   RO         5530    .ARM.Collect$$rtentry$$00000004  c_w.l(__rtentry4.o)
    0x080001ca   0x080001ca   0x00000000   Code   RO         5520    .ARM.Collect$$rtentry$$00000009  c_w.l(__rtentry2.o)
    0x080001ca   0x080001ca   0x00000004   Code   RO         5521    .ARM.Collect$$rtentry$$0000000A  c_w.l(__rtentry2.o)
    0x080001ce   0x080001ce   0x00000000   Code   RO         5523    .ARM.Collect$$rtentry$$0000000C  c_w.l(__rtentry2.o)
    0x080001ce   0x080001ce   0x00000008   Code   RO         5524    .ARM.Collect$$rtentry$$0000000D  c_w.l(__rtentry2.o)
    0x080001d6   0x080001d6   0x00000002   Code   RO         5671    .ARM.Collect$$rtexit$$00000000  c_w.l(rtexit.o)
    0x080001d8   0x080001d8   0x00000000   Code   RO         5704    .ARM.Collect$$rtexit$$00000002  c_w.l(rtexit2.o)
    0x080001d8   0x080001d8   0x00000004   Code   RO         5705    .ARM.Collect$$rtexit$$00000003  c_w.l(rtexit2.o)
    0x080001dc   0x080001dc   0x00000006   Code   RO         5706    .ARM.Collect$$rtexit$$00000004  c_w.l(rtexit2.o)
    0x080001e2   0x080001e2   0x00000002   PAD
    0x080001e4   0x080001e4   0x00000096   Code   RO         4460    .emb_text           port.o
    0x0800027a   0x0800027a   0x00000002   PAD
    0x0800027c   0x0800027c   0x00000040   Code   RO            4    .text               startup_stm32f10x_md.o
    0x080002bc   0x080002bc   0x0000001a   Code   RO         5205    .text               c_w.l(atoi.o)
    0x080002d6   0x080002d6   0x0000008a   Code   RO         5207    .text               c_w.l(rt_memcpy_v6.o)
    0x08000360   0x08000360   0x0000004e   Code   RO         5211    .text               c_w.l(rt_memclr_w.o)
    0x080003ae   0x080003ae   0x00000002   PAD
    0x080003b0   0x080003b0   0x00000080   Code   RO         5213    .text               c_w.l(strcmpv7m.o)
    0x08000430   0x08000430   0x00000006   Code   RO         5215    .text               c_w.l(heapauxi.o)
    0x08000436   0x08000436   0x00000002   PAD
    0x08000438   0x08000438   0x00000008   Code   RO         5339    .text               c_w.l(rt_errno_addr_intlibspace.o)
    0x08000440   0x08000440   0x00000016   Code   RO         5341    .text               c_w.l(_rserrno.o)
    0x08000456   0x08000456   0x00000002   PAD
    0x08000458   0x08000458   0x000000a4   Code   RO         5434    .text               c_w.l(strtod.o)
    0x080004fc   0x080004fc   0x00000070   Code   RO         5436    .text               c_w.l(strtol.o)
    0x0800056c   0x0800056c   0x00000064   Code   RO         5438    .text               c_w.l(rt_memcpy_w.o)
    0x080005d0   0x080005d0   0x00000008   Code   RO         5514    .text               c_w.l(libspace.o)
    0x080005d8   0x080005d8   0x00000010   Code   RO         5532    .text               c_w.l(rt_ctype_table.o)
    0x080005e8   0x080005e8   0x00000012   Code   RO         5538    .text               c_w.l(isspace.o)
    0x080005fa   0x080005fa   0x00000040   Code   RO         5554    .text               c_w.l(_sgetc.o)
    0x0800063a   0x0800063a   0x0000009e   Code   RO         5556    .text               c_w.l(_strtoul.o)
    0x080006d8   0x080006d8   0x0000004a   Code   RO         5569    .text               c_w.l(sys_stackheap_outer.o)
    0x08000722   0x08000722   0x00000002   PAD
    0x08000724   0x08000724   0x00000008   Code   RO         5574    .text               c_w.l(rt_locale_intlibspace.o)
    0x0800072c   0x0800072c   0x0000001c   Code   RO         5578    .text               c_w.l(_chval.o)
    0x08000748   0x08000748   0x000004f8   Code   RO         5580    .text               c_w.l(scanf_fp.o)
    0x08000c40   0x08000c40   0x000000e4   Code   RO         5582    .text               c_w.l(bigflt0.o)
    0x08000d24   0x08000d24   0x00000012   Code   RO         5610    .text               c_w.l(exit.o)
    0x08000d36   0x08000d36   0x00000002   PAD
    0x08000d38   0x08000d38   0x0000000c   Code   RO         5701    .text               c_w.l(sys_exit.o)
    0x08000d44   0x08000d44   0x00000320   Code   RO         5710    .text               c_w.l(scanf_hexfp.o)
    0x08001064   0x08001064   0x00000134   Code   RO         5712    .text               c_w.l(scanf_infnan.o)
    0x08001198   0x08001198   0x00000002   Code   RO         5732    .text               c_w.l(use_no_semi.o)
    0x0800119a   0x0800119a   0x00000000   Code   RO         5734    .text               c_w.l(indicate_semi.o)
    0x0800119a   0x0800119a   0x00000026   Code   RO         5737    .text               c_w.l(llshl.o)
    0x080011c0   0x080011c0   0x00000338   Code   RO         5595    CL$$btod_div_common  c_w.l(btod.o)
    0x080014f8   0x080014f8   0x00000084   Code   RO         5593    CL$$btod_e2d        c_w.l(btod.o)
    0x0800157c   0x0800157c   0x000000dc   Code   RO         5592    CL$$btod_e2e        c_w.l(btod.o)
    0x08001658   0x08001658   0x0000002a   Code   RO         5589    CL$$btod_ediv       c_w.l(btod.o)
    0x08001682   0x08001682   0x0000002a   Code   RO         5591    CL$$btod_edivd      c_w.l(btod.o)
    0x080016ac   0x080016ac   0x0000002a   Code   RO         5588    CL$$btod_emul       c_w.l(btod.o)
    0x080016d6   0x080016d6   0x0000002a   Code   RO         5590    CL$$btod_emuld      c_w.l(btod.o)
    0x08001700   0x08001700   0x00000244   Code   RO         5594    CL$$btod_mult_common  c_w.l(btod.o)
    0x08001944   0x08001944   0x00000004   Code   RO         3418    i.BusFault_Handler  stm32f10x_it.o
    0x08001948   0x08001948   0x00000002   Code   RO         3419    i.DebugMon_Handler  stm32f10x_it.o
    0x0800194a   0x0800194a   0x00000002   PAD
    0x0800194c   0x0800194c   0x00000070   Code   RO         4611    i.ESP_Init          esp8266.o
    0x080019bc   0x080019bc   0x0000001a   Code   RO         4757    i.Encoder_Get_Left  encoder.o
    0x080019d6   0x080019d6   0x00000002   PAD
    0x080019d8   0x080019d8   0x0000001c   Code   RO         4758    i.Encoder_Get_On    encoder.o
    0x080019f4   0x080019f4   0x0000001c   Code   RO         4759    i.Encoder_Get_Right  encoder.o
    0x08001a10   0x08001a10   0x000000a4   Code   RO         4760    i.Encoder_Init1     encoder.o
    0x08001ab4   0x08001ab4   0x000000a0   Code   RO         4761    i.Encoder_Init2     encoder.o
    0x08001b54   0x08001b54   0x000000a0   Code   RO         4762    i.Encoder_Init3     encoder.o
    0x08001bf4   0x08001bf4   0x00000116   Code   RO         1347    i.GPIO_Init         stm32f10x_gpio.o
    0x08001d0a   0x08001d0a   0x00000012   Code   RO         1351    i.GPIO_ReadInputDataBit  stm32f10x_gpio.o
    0x08001d1c   0x08001d1c   0x00000004   Code   RO         1354    i.GPIO_ResetBits    stm32f10x_gpio.o
    0x08001d20   0x08001d20   0x00000004   Code   RO         1355    i.GPIO_SetBits      stm32f10x_gpio.o
    0x08001d24   0x08001d24   0x0000000a   Code   RO         1358    i.GPIO_WriteBit     stm32f10x_gpio.o
    0x08001d2e   0x08001d2e   0x00000002   PAD
    0x08001d30   0x08001d30   0x00000054   Code   RO         5041    i.HC_SR04_Init      hcsr04.o
    0x08001d84   0x08001d84   0x00000004   Code   RO         3420    i.HardFault_Handler  stm32f10x_it.o
    0x08001d88   0x08001d88   0x00000038   Code   RO         4637    i.Key_GetNum        key.o
    0x08001dc0   0x08001dc0   0x0000002c   Code   RO         4638    i.Key_Init          key.o
    0x08001dec   0x08001dec   0x00000004   Code   RO         3421    i.MemManage_Handler  stm32f10x_it.o
    0x08001df0   0x08001df0   0x00000002   Code   RO         3422    i.NMI_Handler       stm32f10x_it.o
    0x08001df2   0x08001df2   0x00000002   PAD
    0x08001df4   0x08001df4   0x00000070   Code   RO          137    i.NVIC_Init         misc.o
    0x08001e64   0x08001e64   0x00000014   Code   RO          138    i.NVIC_PriorityGroupConfig  misc.o
    0x08001e78   0x08001e78   0x00000028   Code   RO         4799    i.OLED_Clear        oled.o
    0x08001ea0   0x08001ea0   0x000000a8   Code   RO         4800    i.OLED_ClearArea    oled.o
    0x08001f48   0x08001f48   0x00000160   Code   RO         4802    i.OLED_DrawCircle   oled.o
    0x080020a8   0x080020a8   0x00000176   Code   RO         4804    i.OLED_DrawLine     oled.o
    0x0800221e   0x0800221e   0x00000002   PAD
    0x08002220   0x08002220   0x00000050   Code   RO         4805    i.OLED_DrawPoint    oled.o
    0x08002270   0x08002270   0x0000005c   Code   RO         4808    i.OLED_GPIO_Init    oled.o
    0x080022cc   0x080022cc   0x0000003e   Code   RO         4810    i.OLED_I2C_SendByte  oled.o
    0x0800230a   0x0800230a   0x0000001c   Code   RO         4811    i.OLED_I2C_Start    oled.o
    0x08002326   0x08002326   0x00000016   Code   RO         4812    i.OLED_I2C_Stop     oled.o
    0x0800233c   0x0800233c   0x00000092   Code   RO         4813    i.OLED_Init         oled.o
    0x080023ce   0x080023ce   0x00000014   Code   RO         4815    i.OLED_Pow          oled.o
    0x080023e2   0x080023e2   0x00000022   Code   RO         4819    i.OLED_SetCursor    oled.o
    0x08002404   0x08002404   0x00000054   Code   RO         4821    i.OLED_ShowChar     oled.o
    0x08002458   0x08002458   0x0000012c   Code   RO         4825    i.OLED_ShowImage    oled.o
    0x08002584   0x08002584   0x0000004c   Code   RO         4826    i.OLED_ShowNum      oled.o
    0x080025d0   0x080025d0   0x0000002e   Code   RO         4828    i.OLED_ShowString   oled.o
    0x080025fe   0x080025fe   0x00000002   PAD
    0x08002600   0x08002600   0x00000028   Code   RO         4829    i.OLED_Update       oled.o
    0x08002628   0x08002628   0x00000014   Code   RO         4831    i.OLED_W_SCL        oled.o
    0x0800263c   0x0800263c   0x00000014   Code   RO         4832    i.OLED_W_SDA        oled.o
    0x08002650   0x08002650   0x00000020   Code   RO         4833    i.OLED_WriteCommand  oled.o
    0x08002670   0x08002670   0x0000002e   Code   RO         4834    i.OLED_WriteData    oled.o
    0x0800269e   0x0800269e   0x00000002   PAD
    0x080026a0   0x080026a0   0x00000014   Code   RO         4715    i.PWM_SetCompare1   pwm.o
    0x080026b4   0x080026b4   0x00000014   Code   RO         4716    i.PWM_SetCompare2   pwm.o
    0x080026c8   0x080026c8   0x00000014   Code   RO         4717    i.PWM_SetCompare3   pwm.o
    0x080026dc   0x080026dc   0x00000014   Code   RO         4718    i.PWM_SetCompare4   pwm.o
    0x080026f0   0x080026f0   0x000000b0   Code   RO         4719    i.PWM_init          pwm.o
    0x080027a0   0x080027a0   0x00000020   Code   RO         1775    i.RCC_APB1PeriphClockCmd  stm32f10x_rcc.o
    0x080027c0   0x080027c0   0x00000020   Code   RO         1777    i.RCC_APB2PeriphClockCmd  stm32f10x_rcc.o
    0x080027e0   0x080027e0   0x000000d4   Code   RO         1785    i.RCC_GetClocksFreq  stm32f10x_rcc.o
    0x080028b4   0x080028b4   0x0000001c   Code   RO         4537    i.Serial_GetRxFlag  usart.o
    0x080028d0   0x080028d0   0x000000ac   Code   RO         4538    i.Serial_Init       usart.o
    0x0800297c   0x0800297c   0x00000020   Code   RO         4542    i.Serial_SendByte   usart.o
    0x0800299c   0x0800299c   0x0000001a   Code   RO         4544    i.Serial_SendString  usart.o
    0x080029b6   0x080029b6   0x00000002   PAD
    0x080029b8   0x080029b8   0x0000003c   Code   RO         4655    i.Servo_SetAngle    motor.o
    0x080029f4   0x080029f4   0x00000008   Code   RO           24    i.SetSysClock       system_stm32f10x.o
    0x080029fc   0x080029fc   0x000000e0   Code   RO           25    i.SetSysClockTo72   system_stm32f10x.o
    0x08002adc   0x08002adc   0x00000028   Code   RO          141    i.SysTick_CLKSourceConfig  misc.o
    0x08002b04   0x08002b04   0x00000010   Code   RO         3423    i.SysTick_Handler   stm32f10x_it.o
    0x08002b14   0x08002b14   0x00000060   Code   RO           27    i.SystemInit        system_stm32f10x.o
    0x08002b74   0x08002b74   0x00000080   Code   RO         2405    i.TI1_Config        stm32f10x_tim.o
    0x08002bf4   0x08002bf4   0x00000098   Code   RO         2406    i.TI2_Config        stm32f10x_tim.o
    0x08002c8c   0x08002c8c   0x00000090   Code   RO         2407    i.TI3_Config        stm32f10x_tim.o
    0x08002d1c   0x08002d1c   0x00000098   Code   RO         2408    i.TI4_Config        stm32f10x_tim.o
    0x08002db4   0x08002db4   0x00000018   Code   RO         2421    i.TIM_Cmd           stm32f10x_tim.o
    0x08002dcc   0x08002dcc   0x0000001e   Code   RO         2423    i.TIM_CtrlPWMOutputs  stm32f10x_tim.o
    0x08002dea   0x08002dea   0x00000042   Code   RO         2430    i.TIM_EncoderInterfaceConfig  stm32f10x_tim.o
    0x08002e2c   0x08002e2c   0x00000006   Code   RO         2440    i.TIM_GetCounter    stm32f10x_tim.o
    0x08002e32   0x08002e32   0x00000002   PAD
    0x08002e34   0x08002e34   0x000000ac   Code   RO         2444    i.TIM_ICInit        stm32f10x_tim.o
    0x08002ee0   0x08002ee0   0x00000012   Code   RO         2445    i.TIM_ICStructInit  stm32f10x_tim.o
    0x08002ef2   0x08002ef2   0x0000000c   Code   RO         2448    i.TIM_InternalClockConfig  stm32f10x_tim.o
    0x08002efe   0x08002efe   0x00000002   PAD
    0x08002f00   0x08002f00   0x00000098   Code   RO         2450    i.TIM_OC1Init       stm32f10x_tim.o
    0x08002f98   0x08002f98   0x000000a4   Code   RO         2455    i.TIM_OC2Init       stm32f10x_tim.o
    0x0800303c   0x0800303c   0x000000a0   Code   RO         2460    i.TIM_OC3Init       stm32f10x_tim.o
    0x080030dc   0x080030dc   0x0000007c   Code   RO         2465    i.TIM_OC4Init       stm32f10x_tim.o
    0x08003158   0x08003158   0x00000014   Code   RO         2468    i.TIM_OCStructInit  stm32f10x_tim.o
    0x0800316c   0x0800316c   0x00000004   Code   RO         2482    i.TIM_SetCompare1   stm32f10x_tim.o
    0x08003170   0x08003170   0x00000004   Code   RO         2483    i.TIM_SetCompare2   stm32f10x_tim.o
    0x08003174   0x08003174   0x00000004   Code   RO         2484    i.TIM_SetCompare3   stm32f10x_tim.o
    0x08003178   0x08003178   0x00000006   Code   RO         2485    i.TIM_SetCompare4   stm32f10x_tim.o
    0x0800317e   0x0800317e   0x00000004   Code   RO         2486    i.TIM_SetCounter    stm32f10x_tim.o
    0x08003182   0x08003182   0x00000012   Code   RO         2487    i.TIM_SetIC1Prescaler  stm32f10x_tim.o
    0x08003194   0x08003194   0x0000001a   Code   RO         2488    i.TIM_SetIC2Prescaler  stm32f10x_tim.o
    0x080031ae   0x080031ae   0x00000012   Code   RO         2489    i.TIM_SetIC3Prescaler  stm32f10x_tim.o
    0x080031c0   0x080031c0   0x0000001a   Code   RO         2490    i.TIM_SetIC4Prescaler  stm32f10x_tim.o
    0x080031da   0x080031da   0x00000002   PAD
    0x080031dc   0x080031dc   0x000000a4   Code   RO         2492    i.TIM_TimeBaseInit  stm32f10x_tim.o
    0x08003280   0x08003280   0x0000001c   Code   RO         3196    i.Tim_servo_ct      main.o
    0x0800329c   0x0800329c   0x00000010   Code   RO         3197    i.Tim_speed_ct      main.o
    0x080032ac   0x080032ac   0x000000b8   Code   RO         4545    i.USART2_IRQHandler  usart.o
    0x08003364   0x08003364   0x0000001e   Code   RO         2957    i.USART_ClearITPendingBit  stm32f10x_usart.o
    0x08003382   0x08003382   0x00000018   Code   RO         2960    i.USART_Cmd         stm32f10x_usart.o
    0x0800339a   0x0800339a   0x0000001a   Code   RO         2963    i.USART_GetFlagStatus  stm32f10x_usart.o
    0x080033b4   0x080033b4   0x00000054   Code   RO         2964    i.USART_GetITStatus  stm32f10x_usart.o
    0x08003408   0x08003408   0x0000004a   Code   RO         2966    i.USART_ITConfig    stm32f10x_usart.o
    0x08003452   0x08003452   0x00000002   PAD
    0x08003454   0x08003454   0x000000d8   Code   RO         2967    i.USART_Init        stm32f10x_usart.o
    0x0800352c   0x0800352c   0x0000000a   Code   RO         2974    i.USART_ReceiveData  stm32f10x_usart.o
    0x08003536   0x08003536   0x00000008   Code   RO         2977    i.USART_SendData    stm32f10x_usart.o
    0x0800353e   0x0800353e   0x00000004   Code   RO         3424    i.UsageFault_Handler  stm32f10x_it.o
    0x08003542   0x08003542   0x00000028   Code   RO         5490    i.__ARM_fpclassify  m_ws.l(fpclassify.o)
    0x0800356a   0x0800356a   0x00000002   PAD
    0x0800356c   0x0800356c   0x00000388   Code   RO         5495    i.__ieee754_rem_pio2  m_ws.l(rred.o)
    0x080038f4   0x080038f4   0x000000fc   Code   RO         5473    i.__kernel_cos      m_ws.l(cos_i.o)
    0x080039f0   0x080039f0   0x000000aa   Code   RO         5492    i.__kernel_poly     m_ws.l(poly.o)
    0x08003a9a   0x08003a9a   0x00000002   PAD
    0x08003a9c   0x08003a9c   0x000000ec   Code   RO         5500    i.__kernel_sin      m_ws.l(sin_i.o)
    0x08003b88   0x08003b88   0x00000010   Code   RO         5476    i.__mathlib_dbl_divzero  m_ws.l(dunder.o)
    0x08003b98   0x08003b98   0x00000006   Code   RO         5477    i.__mathlib_dbl_infnan  m_ws.l(dunder.o)
    0x08003b9e   0x08003b9e   0x00000004   Code   RO         5478    i.__mathlib_dbl_infnan2  m_ws.l(dunder.o)
    0x08003ba2   0x08003ba2   0x0000000c   Code   RO         5479    i.__mathlib_dbl_invalid  m_ws.l(dunder.o)
    0x08003bae   0x08003bae   0x0000000e   Code   RO         5480    i.__mathlib_dbl_overflow  m_ws.l(dunder.o)
    0x08003bbc   0x08003bbc   0x00000010   Code   RO         5482    i.__mathlib_dbl_underflow  m_ws.l(dunder.o)
    0x08003bcc   0x08003bcc   0x00000010   Code   RO         5695    i.__mathlib_narrow  m_ws.l(narrow.o)
    0x08003bdc   0x08003bdc   0x000000bc   Code   RO         5696    i.__mathlib_tofloat  m_ws.l(narrow.o)
    0x08003c98   0x08003c98   0x00000016   Code   RO         5749    i.__support_ldexp   m_ws.l(ldexp.o)
    0x08003cae   0x08003cae   0x0000000e   Code   RO         5401    i._is_digit         c_w.l(__printf_wp.o)
    0x08003cbc   0x08003cbc   0x0000027c   Code   RO         5284    i.acos              m_ws.l(acos.o)
    0x08003f38   0x08003f38   0x0000002a   Code   RO         5302    i.atof              m_ws.l(atof.o)
    0x08003f62   0x08003f62   0x00000002   PAD
    0x08003f64   0x08003f64   0x0000001c   Code   RO         5086    i.clear_left        pid.o
    0x08003f80   0x08003f80   0x0000001c   Code   RO         5087    i.clear_on          pid.o
    0x08003f9c   0x08003f9c   0x0000001c   Code   RO         5088    i.clear_right       pid.o
    0x08003fb8   0x08003fb8   0x0000009c   Code   RO         5306    i.cos               m_ws.l(cos.o)
    0x08004054   0x08004054   0x00000040   Code   RO         5167    i.delay_init        delay.o
    0x08004094   0x08004094   0x00000040   Code   RO         5168    i.delay_ms          delay.o
    0x080040d4   0x080040d4   0x00000048   Code   RO         5169    i.delay_us          delay.o
    0x0800411c   0x0800411c   0x00000048   Code   RO         3912    i.eTaskConfirmSleepModeStatus  tasks.o
    0x08004164   0x08004164   0x00000058   Code   RO         5725    i.frexp             m_ws.l(frexp.o)
    0x080041bc   0x080041bc   0x00000074   Code   RO         5750    i.ldexp             m_ws.l(ldexp.o)
    0x08004230   0x08004230   0x00000058   Code   RO         3198    i.main              main.o
    0x08004288   0x08004288   0x0000003c   Code   RO         4656    i.motor_init        motor.o
    0x080042c4   0x080042c4   0x000000dc   Code   RO         5091    i.pid_left          pid.o
    0x080043a0   0x080043a0   0x000000dc   Code   RO         5092    i.pid_on            pid.o
    0x0800447c   0x0800447c   0x000000dc   Code   RO         5093    i.pid_right         pid.o
    0x08004558   0x08004558   0x000000dc   Code   RO         5094    i.pid_turn1         pid.o
    0x08004634   0x08004634   0x000000dc   Code   RO         5095    i.pid_turn2         pid.o
    0x08004710   0x08004710   0x000000dc   Code   RO         5096    i.pid_turn3         pid.o
    0x080047ec   0x080047ec   0x000009d8   Code   RO         5314    i.pow               m_ws.l(pow.o)
    0x080051c4   0x080051c4   0x000000c0   Code   RO         3914    i.prvAddCurrentTaskToDelayedList  tasks.o
    0x08005284   0x08005284   0x000000e4   Code   RO         3915    i.prvAddNewTaskToReadyList  tasks.o
    0x08005368   0x08005368   0x0000005c   Code   RO         4246    i.prvCheckForValidListAndQueue  timers.o
    0x080053c4   0x080053c4   0x00000048   Code   RO         3916    i.prvCheckTasksWaitingTermination  tasks.o
    0x0800540c   0x0800540c   0x0000002a   Code   RO         3615    i.prvCopyDataFromQueue  queue.o
    0x08005436   0x08005436   0x0000006a   Code   RO         3616    i.prvCopyDataToQueue  queue.o
    0x080054a0   0x080054a0   0x00000028   Code   RO         3917    i.prvDeleteTCB      tasks.o
    0x080054c8   0x080054c8   0x0000004c   Code   RO         3918    i.prvGetExpectedIdleTime  tasks.o
    0x08005514   0x08005514   0x00000028   Code   RO         4247    i.prvGetNextExpireTime  timers.o
    0x0800553c   0x0800553c   0x00000070   Code   RO         4399    i.prvHeapInit       heap_4.o
    0x080055ac   0x080055ac   0x0000004c   Code   RO         3919    i.prvIdleTask       tasks.o
    0x080055f8   0x080055f8   0x00000026   Code   RO         3617    i.prvInitialiseNewQueue  queue.o
    0x0800561e   0x0800561e   0x0000007a   Code   RO         3920    i.prvInitialiseNewTask  tasks.o
    0x08005698   0x08005698   0x00000038   Code   RO         4248    i.prvInitialiseNewTimer  timers.o
    0x080056d0   0x080056d0   0x00000068   Code   RO         3921    i.prvInitialiseTaskLists  tasks.o
    0x08005738   0x08005738   0x00000068   Code   RO         4400    i.prvInsertBlockIntoFreeList  heap_4.o
    0x080057a0   0x080057a0   0x00000058   Code   RO         4249    i.prvInsertTimerInActiveList  timers.o
    0x080057f8   0x080057f8   0x0000001a   Code   RO         3618    i.prvIsQueueEmpty   queue.o
    0x08005812   0x08005812   0x0000001e   Code   RO         3619    i.prvIsQueueFull    queue.o
    0x08005830   0x08005830   0x00000044   Code   RO         4250    i.prvProcessExpiredTimer  timers.o
    0x08005874   0x08005874   0x000000f8   Code   RO         4251    i.prvProcessReceivedCommands  timers.o
    0x0800596c   0x0800596c   0x00000074   Code   RO         4252    i.prvProcessTimerOrBlockTask  timers.o
    0x080059e0   0x080059e0   0x00000028   Code   RO         4253    i.prvReloadTimer    timers.o
    0x08005a08   0x08005a08   0x00000030   Code   RO         3922    i.prvResetNextTaskUnblockTime  tasks.o
    0x08005a38   0x08005a38   0x0000002c   Code   RO         4254    i.prvSampleTimeNow  timers.o
    0x08005a64   0x08005a64   0x00000044   Code   RO         4255    i.prvSwitchTimerLists  timers.o
    0x08005aa8   0x08005aa8   0x00000016   Code   RO         4461    i.prvTaskExitError  port.o
    0x08005abe   0x08005abe   0x0000001a   Code   RO         4256    i.prvTimerTask      timers.o
    0x08005ad8   0x08005ad8   0x0000007e   Code   RO         3620    i.prvUnlockQueue    queue.o
    0x08005b56   0x08005b56   0x00000002   PAD
    0x08005b58   0x08005b58   0x000000e4   Code   RO         4402    i.pvPortMalloc      heap_4.o
    0x08005c3c   0x08005c3c   0x0000000e   Code   RO         5097    i.pwm_control       pid.o
    0x08005c4a   0x08005c4a   0x00000002   PAD
    0x08005c4c   0x08005c4c   0x00000024   Code   RO         4462    i.pxPortInitialiseStack  port.o
    0x08005c70   0x08005c70   0x00000078   Code   RO         3199    i.returnp           main.o
    0x08005ce8   0x08005ce8   0x00000634   Code   RO         3200    i.ser               main.o
    0x0800631c   0x0800631c   0x000000a0   Code   RO         4720    i.servo_init        pwm.o
    0x080063bc   0x080063bc   0x000000a0   Code   RO         5324    i.sin               m_ws.l(sin.o)
    0x0800645c   0x0800645c   0x000000dc   Code   RO         5044    i.sonar_mm          hcsr04.o
    0x08006538   0x08006538   0x0000005c   Code   RO         4657    i.speed_left        motor.o
    0x08006594   0x08006594   0x0000005c   Code   RO         4658    i.speed_on          motor.o
    0x080065f0   0x080065f0   0x00000054   Code   RO         4659    i.speed_right       motor.o
    0x08006644   0x08006644   0x000001a0   Code   RO         4660    i.speedcontrol      motor.o
    0x080067e4   0x080067e4   0x00000088   Code   RO         4661    i.speedturn         motor.o
    0x0800686c   0x0800686c   0x0000004c   Code   RO         5507    i.sqrt              m_ws.l(sqrt.o)
    0x080068b8   0x080068b8   0x0000002c   Code   RO         3201    i.starttask         main.o
    0x080068e4   0x080068e4   0x00000028   Code   RO         3576    i.uxListRemove      list.o
    0x0800690c   0x0800690c   0x0000000c   Code   RO         3926    i.uxTaskGetNumberOfTasks  tasks.o
    0x08006918   0x08006918   0x00000018   Code   RO         3202    i.vApplicationGetIdleTaskMemory  main.o
    0x08006930   0x08006930   0x00000018   Code   RO         3203    i.vApplicationGetTimerTaskMemory  main.o
    0x08006948   0x08006948   0x0000001a   Code   RO         3577    i.vListInitialise   list.o
    0x08006962   0x08006962   0x00000006   Code   RO         3578    i.vListInitialiseItem  list.o
    0x08006968   0x08006968   0x00000034   Code   RO         3579    i.vListInsert       list.o
    0x0800699c   0x0800699c   0x00000018   Code   RO         3580    i.vListInsertEnd    list.o
    0x080069b4   0x080069b4   0x00000024   Code   RO         4464    i.vPortEnterCritical  port.o
    0x080069d8   0x080069d8   0x00000020   Code   RO         4465    i.vPortExitCritical  port.o
    0x080069f8   0x080069f8   0x0000004c   Code   RO         4403    i.vPortFree         heap_4.o
    0x08006a44   0x08006a44   0x00000068   Code   RO         4466    i.vPortSetupTimerInterrupt  port.o
    0x08006aac   0x08006aac   0x00000144   Code   RO         4467    i.vPortSuppressTicksAndSleep  port.o
    0x08006bf0   0x08006bf0   0x0000004a   Code   RO         3625    i.vQueueWaitForMessageRestricted  queue.o
    0x08006c3a   0x08006c3a   0x00000002   PAD
    0x08006c3c   0x08006c3c   0x00000034   Code   RO         3930    i.vTaskDelay        tasks.o
    0x08006c70   0x08006c70   0x000000d4   Code   RO         3931    i.vTaskDelete       tasks.o
    0x08006d44   0x08006d44   0x00000018   Code   RO         3934    i.vTaskInternalSetTimeOutState  tasks.o
    0x08006d5c   0x08006d5c   0x0000000c   Code   RO         3935    i.vTaskMissedYield  tasks.o
    0x08006d68   0x08006d68   0x00000020   Code   RO         3936    i.vTaskPlaceOnEventList  tasks.o
    0x08006d88   0x08006d88   0x0000004c   Code   RO         3937    i.vTaskPlaceOnEventListRestricted  tasks.o
    0x08006dd4   0x08006dd4   0x0000009c   Code   RO         3943    i.vTaskStartScheduler  tasks.o
    0x08006e70   0x08006e70   0x00000040   Code   RO         3944    i.vTaskStepTick     tasks.o
    0x08006eb0   0x08006eb0   0x00000010   Code   RO         3946    i.vTaskSuspendAll   tasks.o
    0x08006ec0   0x08006ec0   0x00000060   Code   RO         3947    i.vTaskSwitchContext  tasks.o
    0x08006f20   0x08006f20   0x00000034   Code   RO         4468    i.xPortStartScheduler  port.o
    0x08006f54   0x08006f54   0x00000034   Code   RO         4469    i.xPortSysTickHandler  port.o
    0x08006f88   0x08006f88   0x0000003e   Code   RO         3627    i.xQueueGenericCreateStatic  queue.o
    0x08006fc6   0x08006fc6   0x00000002   PAD
    0x08006fc8   0x08006fc8   0x000000a0   Code   RO         3628    i.xQueueGenericReset  queue.o
    0x08007068   0x08007068   0x00000118   Code   RO         3629    i.xQueueGenericSend  queue.o
    0x08007180   0x08007180   0x00000098   Code   RO         3630    i.xQueueGenericSendFromISR  queue.o
    0x08007218   0x08007218   0x00000104   Code   RO         3636    i.xQueueReceive     queue.o
    0x0800731c   0x0800731c   0x00000060   Code   RO         3949    i.xTaskCheckForTimeOut  tasks.o
    0x0800737c   0x0800737c   0x0000006c   Code   RO         3950    i.xTaskCreate       tasks.o
    0x080073e8   0x080073e8   0x00000056   Code   RO         3951    i.xTaskCreateStatic  tasks.o
    0x0800743e   0x0800743e   0x00000002   PAD
    0x08007440   0x08007440   0x00000020   Code   RO         3958    i.xTaskGetSchedulerState  tasks.o
    0x08007460   0x08007460   0x0000000c   Code   RO         3959    i.xTaskGetTickCount  tasks.o
    0x0800746c   0x0800746c   0x00000190   Code   RO         3961    i.xTaskIncrementTick  tasks.o
    0x080075fc   0x080075fc   0x0000010c   Code   RO         3962    i.xTaskRemoveFromEventList  tasks.o
    0x08007708   0x08007708   0x0000015c   Code   RO         3963    i.xTaskResumeAll    tasks.o
    0x08007864   0x08007864   0x00000036   Code   RO         4261    i.xTimerCreate      timers.o
    0x0800789a   0x0800789a   0x00000002   PAD
    0x0800789c   0x0800789c   0x00000060   Code   RO         4263    i.xTimerCreateTimerTask  timers.o
    0x080078fc   0x080078fc   0x0000006c   Code   RO         4264    i.xTimerGenericCommand  timers.o
    0x08007968   0x08007968   0x0000002c   Code   RO         5561    locale$$code        c_w.l(lc_numeric_c.o)
    0x08007994   0x08007994   0x0000002c   Code   RO         5608    locale$$code        c_w.l(lc_ctype_c.o)
    0x080079c0   0x080079c0   0x00000062   Code   RO         5219    x$fpl$d2f           fz_ws.l(d2f.o)
    0x08007a22   0x08007a22   0x00000002   PAD
    0x08007a24   0x08007a24   0x00000150   Code   RO         5221    x$fpl$dadd          fz_ws.l(daddsub_clz.o)
    0x08007b74   0x08007b74   0x00000010   Code   RO         5563    x$fpl$dcheck1       fz_ws.l(dcheck1.o)
    0x08007b84   0x08007b84   0x00000018   Code   RO         5440    x$fpl$dcmpinf       fz_ws.l(dcmpi.o)
    0x08007b9c   0x08007b9c   0x000002b0   Code   RO         5228    x$fpl$ddiv          fz_ws.l(ddiv.o)
    0x08007e4c   0x08007e4c   0x00000078   Code   RO         5722    x$fpl$deqf          fz_ws.l(deqf.o)
    0x08007ec4   0x08007ec4   0x0000005e   Code   RO         5231    x$fpl$dfix          fz_ws.l(dfix.o)
    0x08007f22   0x08007f22   0x00000002   PAD
    0x08007f24   0x08007f24   0x0000005a   Code   RO         5235    x$fpl$dfixu         fz_ws.l(dfixu.o)
    0x08007f7e   0x08007f7e   0x0000002e   Code   RO         5240    x$fpl$dflt          fz_ws.l(dflt_clz.o)
    0x08007fac   0x08007fac   0x00000026   Code   RO         5239    x$fpl$dfltu         fz_ws.l(dflt_clz.o)
    0x08007fd2   0x08007fd2   0x00000002   PAD
    0x08007fd4   0x08007fd4   0x0000008a   Code   RO         5246    x$fpl$dfltull       fz_ws.l(dfltll_clz.o)
    0x0800805e   0x0800805e   0x00000002   PAD
    0x08008060   0x08008060   0x00000078   Code   RO         5249    x$fpl$dleqf         fz_ws.l(dleqf.o)
    0x080080d8   0x080080d8   0x00000154   Code   RO         5251    x$fpl$dmul          fz_ws.l(dmul.o)
    0x0800822c   0x0800822c   0x0000009c   Code   RO         5442    x$fpl$dnaninf       fz_ws.l(dnaninf.o)
    0x080082c8   0x080082c8   0x0000000c   Code   RO         5444    x$fpl$dretinf       fz_ws.l(dretinf.o)
    0x080082d4   0x080082d4   0x0000006c   Code   RO         5253    x$fpl$drleqf        fz_ws.l(drleqf.o)
    0x08008340   0x08008340   0x00000016   Code   RO         5222    x$fpl$drsb          fz_ws.l(daddsub_clz.o)
    0x08008356   0x08008356   0x00000002   PAD
    0x08008358   0x08008358   0x000001cc   Code   RO         5565    x$fpl$dsqrt         fz_ws.l(dsqrt_noumaal.o)
    0x08008524   0x08008524   0x000001d4   Code   RO         5223    x$fpl$dsub          fz_ws.l(daddsub_clz.o)
    0x080086f8   0x080086f8   0x000000c4   Code   RO         5255    x$fpl$fadd          fz_ws.l(faddsub_clz.o)
    0x080087bc   0x080087bc   0x00000184   Code   RO         5262    x$fpl$fdiv          fz_ws.l(fdiv.o)
    0x08008940   0x08008940   0x00000036   Code   RO         5265    x$fpl$ffix          fz_ws.l(ffix.o)
    0x08008976   0x08008976   0x00000002   PAD
    0x08008978   0x08008978   0x0000003e   Code   RO         5269    x$fpl$ffixu         fz_ws.l(ffixu.o)
    0x080089b6   0x080089b6   0x00000002   PAD
    0x080089b8   0x080089b8   0x00000030   Code   RO         5274    x$fpl$fflt          fz_ws.l(fflt_clz.o)
    0x080089e8   0x080089e8   0x00000102   Code   RO         5281    x$fpl$fmul          fz_ws.l(fmul.o)
    0x08008aea   0x08008aea   0x0000008c   Code   RO         5448    x$fpl$fnaninf       fz_ws.l(fnaninf.o)
    0x08008b76   0x08008b76   0x0000000a   Code   RO         5450    x$fpl$fretinf       fz_ws.l(fretinf.o)
    0x08008b80   0x08008b80   0x00000014   Code   RO         5256    x$fpl$frsb          fz_ws.l(faddsub_clz.o)
    0x08008b94   0x08008b94   0x000000ea   Code   RO         5257    x$fpl$fsub          fz_ws.l(faddsub_clz.o)
    0x08008c7e   0x08008c7e   0x00000006   Code   RO         5667    x$fpl$ieeestatus    fz_ws.l(istatus.o)
    0x08008c84   0x08008c84   0x00000064   Code   RO         5669    x$fpl$retnan        fz_ws.l(retnan.o)
    0x08008ce8   0x08008ce8   0x0000005c   Code   RO         5460    x$fpl$scalbn        fz_ws.l(scalbn.o)
    0x08008d44   0x08008d44   0x00000004   Code   RO         5567    x$fpl$scanf1        fz_ws.l(scanf1.o)
    0x08008d48   0x08008d48   0x00000008   Code   RO         5687    x$fpl$scanf2        fz_ws.l(scanf2.o)
    0x08008d50   0x08008d50   0x00000030   Code   RO         5693    x$fpl$trapveneer    fz_ws.l(trapv.o)
    0x08008d80   0x08008d80   0x00000000   Code   RO         5462    x$fpl$usenofp       fz_ws.l(usenofp.o)
    0x08008d80   0x08008d80   0x0000093f   Data   RO         5074    .constdata          oled_data.o
    0x080096bf   0x080096bf   0x00000001   PAD
    0x080096c0   0x080096c0   0x00000050   Data   RO         5285    .constdata          m_ws.l(acos.o)
    0x08009710   0x08009710   0x00000088   Data   RO         5315    .constdata          m_ws.l(pow.o)
    0x08009798   0x08009798   0x00000030   Data   RO         5474    .constdata          m_ws.l(cos_i.o)
    0x080097c8   0x080097c8   0x00000008   Data   RO         5494    .constdata          m_ws.l(qnan.o)
    0x080097d0   0x080097d0   0x000000c8   Data   RO         5497    .constdata          m_ws.l(rred.o)
    0x08009898   0x08009898   0x00000028   Data   RO         5501    .constdata          m_ws.l(sin_i.o)
    0x080098c0   0x080098c0   0x00000094   Data   RO         5583    .constdata          c_w.l(bigflt0.o)
    0x08009954   0x08009954   0x00000020   Data   RO         5792    Region$$Table       anon$$obj.o
    0x08009974   0x08009974   0x00000008   Data   RO         5681    c$$dinf             fz_ws.l(fpconst.o)
    0x0800997c   0x0800997c   0x00000008   Data   RO         5684    c$$dmax             fz_ws.l(fpconst.o)
    0x08009984   0x08009984   0x0000001c   Data   RO         5560    locale$$data        c_w.l(lc_numeric_c.o)
    0x080099a0   0x080099a0   0x00000110   Data   RO         5607    locale$$data        c_w.l(lc_ctype_c.o)


    Execution Region RW_IRAM1 (Exec base: 0x20000000, Load base: 0x08009ab0, Size: 0x00004338, Max: 0x00005000, ABSOLUTE, COMPRESSED[0x000000a8])

    Exec Addr    Load Addr    Size         Type   Attr      Idx    E Section Name        Object

    0x20000000   COMPRESSED   0x00000014   Data   RW           28    .data               system_stm32f10x.o
    0x20000014   COMPRESSED   0x00000014   Data   RW         1805    .data               stm32f10x_rcc.o
    0x20000028   COMPRESSED   0x00000048   Data   RW         3205    .data               main.o
    0x20000070   COMPRESSED   0x00000040   Data   RW         3966    .data               tasks.o
    0x200000b0   COMPRESSED   0x00000014   Data   RW         4271    .data               timers.o
    0x200000c4   COMPRESSED   0x0000001c   Data   RW         4409    .data               heap_4.o
    0x200000e0   COMPRESSED   0x00000010   Data   RW         4470    .data               port.o
    0x200000f0   COMPRESSED   0x00000003   Data   RW         4547    .data               usart.o
    0x200000f3   COMPRESSED   0x00000093   Data   RW         4612    .data               esp8266.o
    0x20000186   COMPRESSED   0x00000002   PAD
    0x20000188   COMPRESSED   0x00000044   Data   RW         4662    .data               motor.o
    0x200001cc   COMPRESSED   0x00000004   PAD
    0x200001d0   COMPRESSED   0x00000010   Data   RW         5045    .data               hcsr04.o
    0x200001e0   COMPRESSED   0x00000084   Data   RW         5098    .data               pid.o
    0x20000264   COMPRESSED   0x00000004   Data   RW         5171    .data               delay.o
    0x20000268        -       0x00000a40   Zero   RW         3204    .bss                main.o
    0x20000ca8        -       0x000002e4   Zero   RW         3965    .bss                tasks.o
    0x20000f8c        -       0x000000e8   Zero   RW         4270    .bss                timers.o
    0x20001074        -       0x00002800   Zero   RW         4408    .bss                heap_4.o
    0x20003874        -       0x00000064   Zero   RW         4546    .bss                usart.o
    0x200038d8        -       0x00000400   Zero   RW         4836    .bss                oled.o
    0x20003cd8        -       0x00000060   Zero   RW         5515    .bss                c_w.l(libspace.o)
    0x20003d38        -       0x00000200   Zero   RW            2    HEAP                startup_stm32f10x_md.o
    0x20003f38        -       0x00000400   Zero   RW            1    STACK               startup_stm32f10x_md.o


==============================================================================

Image component sizes


      Code (inc. data)   RO Data    RW Data    ZI Data      Debug   Object Name

         0          0          0          0          0       4500   core_cm3.o
       200         16          0          4          0       1795   delay.o
       566         34          0          0          0       3592   encoder.o
       112         24          0        147          0       1363   esp8266.o
         0          0          0          0          0      24060   event_groups.o
       304         24          0         16          0       1314   hcsr04.o
       520         58          0         28      10240       4439   heap_4.o
       100         10          0          0          0       1020   key.o
       148          0          0          0          0      12646   list.o
      1932        306          0         72       2624     243193   main.o
       172         22          0          0          0     205453   misc.o
       940         94          0         68          0       5118   motor.o
      2082         46          0          0       1024      14696   oled.o
         0          0       2367          0          0       1194   oled_data.o
      1418        240          0        132          0       6662   pid.o
       808         80          0         16          0      10005   port.o
       416         44          0          0          0       3412   pwm.o
      1356         12          0          0          0      14169   queue.o
        64         26        236          0       1536        848   startup_stm32f10x_md.o
         0          0          0          0          0       1692   stm32f10x_adc.o
       314          0          0          0          0      12584   stm32f10x_gpio.o
        36          0          0          0          0       2979   stm32f10x_it.o
       276         32          0         20          0      13190   stm32f10x_rcc.o
      1798        200          0          0          0      37038   stm32f10x_tim.o
       472          6          0          0          0      12831   stm32f10x_usart.o
       328         28          0         20          0      45821   system_stm32f10x.o
      3132        432          0         64        740      44319   tasks.o
      1144        116          0         20        232      15670   timers.o
       442         42          0          3        100       3683   usart.o

    ----------------------------------------------------------------------
     19118       1892       2636        616      16496     749286   Object Totals
         0          0         32          0          0          0   (incl. Generated)
        38          0          1          6          0          0   (incl. Padding)

    ----------------------------------------------------------------------

      Code (inc. data)   RO Data    RW Data    ZI Data      Debug   Library Member Name

        90          0          0          0          0          0   __dczerorl2.o
         8          0          0          0          0         68   __main.o
        14          0          0          0          0         68   __printf_wp.o
         0          0          0          0          0          0   __rtentry.o
        12          0          0          0          0          0   __rtentry2.o
         6          0          0          0          0          0   __rtentry4.o
        52          8          0          0          0          0   __scatter.o
        28          0          0          0          0          0   __scatter_zi.o
        28          0          0          0          0         68   _chval.o
        22          0          0          0          0        100   _rserrno.o
        64          0          0          0          0         84   _sgetc.o
       158          0          0          0          0         92   _strtoul.o
        26          0          0          0          0         80   atoi.o
       228          4        148          0          0         96   bigflt0.o
      1924        136          0          0          0        756   btod.o
        18          0          0          0          0         80   exit.o
         6          0          0          0          0        152   heapauxi.o
         0          0          0          0          0          0   indicate_semi.o
        18          0          0          0          0         76   isspace.o
        44         10        272          0          0         76   lc_ctype_c.o
        44         10         28          0          0         76   lc_numeric_c.o
         2          0          0          0          0          0   libinit.o
        30          0          0          0          0          0   libinit2.o
         2          0          0          0          0          0   libshutdown.o
         2          0          0          0          0          0   libshutdown2.o
         8          4          0          0         96         68   libspace.o
        38          0          0          0          0         68   llshl.o
        16          4          0          0          0         76   rt_ctype_table.o
         8          4          0          0          0         68   rt_errno_addr_intlibspace.o
         8          4          0          0          0         68   rt_locale_intlibspace.o
        78          0          0          0          0         80   rt_memclr_w.o
       138          0          0          0          0         68   rt_memcpy_v6.o
       100          0          0          0          0         80   rt_memcpy_w.o
         2          0          0          0          0          0   rtexit.o
        10          0          0          0          0          0   rtexit2.o
      1272         16          0          0          0        168   scanf_fp.o
       800         14          0          0          0        100   scanf_hexfp.o
       308         16          0          0          0        100   scanf_infnan.o
       128          0          0          0          0         68   strcmpv7m.o
       164         14          0          0          0        120   strtod.o
       112          0          0          0          0         88   strtol.o
        12          4          0          0          0         68   sys_exit.o
        74          0          0          0          0         80   sys_stackheap_outer.o
         2          0          0          0          0         68   use_no_semi.o
        98          4          0          0          0         92   d2f.o
       826         16          0          0          0        348   daddsub_clz.o
        16          4          0          0          0         68   dcheck1.o
        24          0          0          0          0         68   dcmpi.o
       688        140          0          0          0        208   ddiv.o
       120          4          0          0          0         92   deqf.o
        94          4          0          0          0         92   dfix.o
        90          4          0          0          0         92   dfixu.o
        84          0          0          0          0        136   dflt_clz.o
       138          0          0          0          0         84   dfltll_clz.o
       120          4          0          0          0         92   dleqf.o
       340         12          0          0          0        104   dmul.o
       156          4          0          0          0         92   dnaninf.o
        12          0          0          0          0         68   dretinf.o
       108          0          0          0          0         80   drleqf.o
       460         56          0          0          0        120   dsqrt_noumaal.o
       450          8          0          0          0        236   faddsub_clz.o
       388         76          0          0          0         96   fdiv.o
        54          4          0          0          0         84   ffix.o
        62          4          0          0          0         84   ffixu.o
        48          0          0          0          0         68   fflt_clz.o
       258          4          0          0          0         84   fmul.o
       140          4          0          0          0         84   fnaninf.o
         0          0         16          0          0          0   fpconst.o
        10          0          0          0          0         68   fretinf.o
         6          0          0          0          0         68   istatus.o
       100          0          0          0          0         68   retnan.o
        92          0          0          0          0         68   scalbn.o
         4          0          0          0          0         68   scanf1.o
         8          0          0          0          0         84   scanf2.o
        48          0          0          0          0         68   trapv.o
         0          0          0          0          0          0   usenofp.o
       636         62         80          0          0        188   acos.o
        42          0          0          0          0         84   atof.o
       156          8          0          0          0        104   cos.o
       252         22         48          0          0        124   cos_i.o
        68         10          0          0          0        408   dunder.o
        40          0          0          0          0         68   fpclassify.o
        88          8          0          0          0         76   frexp.o
       138          0          0          0          0        160   ldexp.o
       204          4          0          0          0        168   narrow.o
       170          0          0          0          0         96   poly.o
      2520        190        136          0          0        324   pow.o
         0          0          8          0          0          0   qnan.o
       904         76        200          0          0        140   rred.o
       160         10          0          0          0        108   sin.o
       236         12         40          0          0        128   sin_i.o
        76          0          0          0          0         84   sqrt.o

    ----------------------------------------------------------------------
     16870       1002        976          0         96       8632   Library Totals
        34          0          0          0          0          0   (incl. Padding)

    ----------------------------------------------------------------------

      Code (inc. data)   RO Data    RW Data    ZI Data      Debug   Library Name

      6104        248        448          0         96       3308   c_w.l
      5042        352         16          0          0       3064   fz_ws.l
      5690        402        512          0          0       2260   m_ws.l

    ----------------------------------------------------------------------
     16870       1002        976          0         96       8632   Library Totals

    ----------------------------------------------------------------------

==============================================================================


      Code (inc. data)   RO Data    RW Data    ZI Data      Debug   

     35988       2894       3612        616      16592     743094   Grand Totals
     35988       2894       3612        168      16592     743094   ELF Image Totals (compressed)
     35988       2894       3612        168          0          0   ROM Totals

==============================================================================

    Total RO  Size (Code + RO Data)                39600 (  38.67kB)
    Total RW  Size (RW Data + ZI Data)             17208 (  16.80kB)
    Total ROM Size (Code + RO Data + RW Data)      39768 (  38.84kB)

==============================================================================

