Component: Arm Compiler for Embedded 6.21 Tool: armlink [5ec1fa00]

==============================================================================

Section Cross References

    startup_stm32h743xx.o(RESET) refers to startup_stm32h743xx.o(STACK) for __initial_sp
    startup_stm32h743xx.o(RESET) refers to startup_stm32h743xx.o(.text) for Reset_Handler
    startup_stm32h743xx.o(RESET) refers to stm32h7xx_it.o(.text.NMI_Handler) for NMI_Handler
    startup_stm32h743xx.o(RESET) refers to stm32h7xx_it.o(.text.HardFault_Handler) for HardFault_Handler
    startup_stm32h743xx.o(RESET) refers to stm32h7xx_it.o(.text.MemManage_Handler) for MemManage_Handler
    startup_stm32h743xx.o(RESET) refers to stm32h7xx_it.o(.text.BusFault_Handler) for BusFault_Handler
    startup_stm32h743xx.o(RESET) refers to stm32h7xx_it.o(.text.UsageFault_Handler) for UsageFault_Handler
    startup_stm32h743xx.o(RESET) refers to stm32h7xx_it.o(.text.SVC_Handler) for SVC_Handler
    startup_stm32h743xx.o(RESET) refers to stm32h7xx_it.o(.text.DebugMon_Handler) for DebugMon_Handler
    startup_stm32h743xx.o(RESET) refers to stm32h7xx_it.o(.text.PendSV_Handler) for PendSV_Handler
    startup_stm32h743xx.o(RESET) refers to stm32h7xx_it.o(.text.SysTick_Handler) for SysTick_Handler
    startup_stm32h743xx.o(RESET) refers to stm32h7xx_it.o(.text.EXTI1_IRQHandler) for EXTI1_IRQHandler
    startup_stm32h743xx.o(RESET) refers to stm32h7xx_it.o(.text.TIM1_BRK_IRQHandler) for TIM1_BRK_IRQHandler
    startup_stm32h743xx.o(RESET) refers to stm32h7xx_it.o(.text.TIM1_UP_IRQHandler) for TIM1_UP_IRQHandler
    startup_stm32h743xx.o(RESET) refers to stm32h7xx_it.o(.text.TIM1_TRG_COM_IRQHandler) for TIM1_TRG_COM_IRQHandler
    startup_stm32h743xx.o(RESET) refers to stm32h7xx_it.o(.text.TIM1_CC_IRQHandler) for TIM1_CC_IRQHandler
    startup_stm32h743xx.o(RESET) refers to stm32h7xx_it.o(.text.TIM8_BRK_TIM12_IRQHandler) for TIM8_BRK_TIM12_IRQHandler
    startup_stm32h743xx.o(.text) refers to system_stm32h7xx.o(.text.SystemInit) for SystemInit
    startup_stm32h743xx.o(.text) refers to entry.o(.ARM.Collect$$$$00000000) for __main
    dj.o(.text.DJ_All_Init) refers to tim.o(.bss.htim8) for htim8
    dj.o(.text.DJ_All_Init) refers to dj.o(.bss..L_MergedGlobals.1) for .L_MergedGlobals.1
    dj.o(.text.DJ_All_Init) refers to tim.o(.bss.htim5) for htim5
    dj.o(.text.DJ_All_Init) refers to stm32h7xx_hal_tim.o(.text.HAL_TIM_Encoder_Start) for HAL_TIM_Encoder_Start
    dj.o(.text.DJ_All_Init) refers to tim.o(.bss.htim2) for htim2
    dj.o(.text.DJ_All_Init) refers to tim.o(.bss.htim3) for htim3
    dj.o(.text.DJ_All_Init) refers to stm32h7xx_hal_tim.o(.text.HAL_TIM_Base_Start) for HAL_TIM_Base_Start
    dj.o(.text.DJ_All_Init) refers to stm32h7xx_hal_tim.o(.text.HAL_TIM_PWM_Start) for HAL_TIM_PWM_Start
    dj.o(.ARM.exidx.text.DJ_All_Init) refers to dj.o(.text.DJ_All_Init) for [Anonymous Symbol]
    dj.o(.text.DJ_Set_Mode) refers to dj.o(.bss..L_MergedGlobals.1) for [Anonymous Symbol]
    dj.o(.ARM.exidx.text.DJ_Set_Mode) refers to dj.o(.text.DJ_Set_Mode) for [Anonymous Symbol]
    dj.o(.text.DJ_Set_PWM) refers to tim.o(.bss.htim8) for htim8
    dj.o(.ARM.exidx.text.DJ_Set_PWM) refers to dj.o(.text.DJ_Set_PWM) for [Anonymous Symbol]
    dj.o(.text.DJ_Get_Encoder) refers to stm32h7xx_hal.o(.text.HAL_Delay) for HAL_Delay
    dj.o(.text.DJ_Get_Encoder) refers to tim.o(.bss.htim5) for htim5
    dj.o(.text.DJ_Get_Encoder) refers to tim.o(.bss.htim2) for htim2
    dj.o(.text.DJ_Get_Encoder) refers to tim.o(.bss.htim3) for htim3
    dj.o(.ARM.exidx.text.DJ_Get_Encoder) refers to dj.o(.text.DJ_Get_Encoder) for [Anonymous Symbol]
    dj.o(.text.DJ_Get_Encoder_All) refers to tim.o(.bss.htim5) for htim5
    dj.o(.text.DJ_Get_Encoder_All) refers to tim.o(.bss.htim2) for htim2
    dj.o(.text.DJ_Get_Encoder_All) refers to tim.o(.bss.htim3) for htim3
    dj.o(.text.DJ_Get_Encoder_All) refers to stm32h7xx_hal.o(.text.HAL_Delay) for HAL_Delay
    dj.o(.ARM.exidx.text.DJ_Get_Encoder_All) refers to dj.o(.text.DJ_Get_Encoder_All) for [Anonymous Symbol]
    dj.o(.text.DJ_Step) refers to tim.o(.bss.htim5) for htim5
    dj.o(.text.DJ_Step) refers to tim.o(.bss.htim2) for htim2
    dj.o(.text.DJ_Step) refers to tim.o(.bss.htim3) for htim3
    dj.o(.text.DJ_Step) refers to stm32h7xx_hal.o(.text.HAL_Delay) for HAL_Delay
    dj.o(.text.DJ_Step) refers to dj.o(.bss..L_MergedGlobals.1) for .L_MergedGlobals.1
    dj.o(.text.DJ_Step) refers to stm32h7xx_hal_gpio.o(.text.HAL_GPIO_WritePin) for HAL_GPIO_WritePin
    dj.o(.text.DJ_Step) refers to dj.o(.data..L_MergedGlobals) for .L_MergedGlobals
    dj.o(.text.DJ_Step) refers to pid.o(.text.PID) for PID
    dj.o(.text.DJ_Step) refers to tim.o(.bss.htim8) for htim8
    dj.o(.ARM.exidx.text.DJ_Step) refers to dj.o(.text.DJ_Step) for [Anonymous Symbol]
    dj.o(.text.DJ_Set_Speed) refers to dj.o(.bss..L_MergedGlobals.1) for [Anonymous Symbol]
    dj.o(.ARM.exidx.text.DJ_Set_Speed) refers to dj.o(.text.DJ_Set_Speed) for [Anonymous Symbol]
[...]
    .text                                    0x08100086   Section        0  llshl.o(.text)
    .text                                    0x081000a4   Section        0  llushr.o(.text)
    [Anonymous Symbol]                       0x081000c8   Section        0  stm32h7xx_it.o(.text.BusFault_Handler)
    [Anonymous Symbol]                       0x081000d0   Section        0  dj.o(.text.DJ_All_Init)
    [Anonymous Symbol]                       0x08100140   Section        0  dj.o(.text.DJ_Set_Speed_All)
    [Anonymous Symbol]                       0x08100150   Section        0  dj.o(.text.DJ_Step)
    [Anonymous Symbol]                       0x081003d8   Section        0  stm32h7xx_hal.o(.text.HAL_Delay)
    [Anonymous Symbol]                       0x08100400   Section        0  main.o(.text.HAL_GPIO_EXTI_Callback)
    [Anonymous Symbol]                       0x08100458   Section        0  stm32h7xx_hal_gpio.o(.text.HAL_GPIO_Init)
    [Anonymous Symbol]                       0x08100600   Section        0  stm32h7xx_hal_gpio.o(.text.HAL_GPIO_ReadPin)
    [Anonymous Symbol]                       0x08100610   Section        0  stm32h7xx_hal_i2c_ex.o(.text.HAL_I2CEx_ConfigDigitalFilter)
    [Anonymous Symbol]                       0x08100658   Section        0  stm32h7xx_hal_i2c.o(.text.HAL_I2C_Mem_Read)
    [Anonymous Symbol]                       0x08100890   Section        0  stm32h7xx_hal.o(.text.HAL_IncTick)
    [Anonymous Symbol]                       0x081008b0   Section        0  stm32h7xx_hal_cortex.o(.text.HAL_MPU_Disable)
    [Anonymous Symbol]                       0x081008d0   Section        0  stm32h7xx_hal_cortex.o(.text.HAL_MPU_Enable)
    [Anonymous Symbol]                       0x081008f0   Section        0  stm32h7xx_hal_msp.o(.text.HAL_MspInit)
    [Anonymous Symbol]                       0x08100910   Section        0  stm32h7xx_hal_pwr_ex.o(.text.HAL_PWREx_ConfigSupply)
    [Anonymous Symbol]                       0x08100960   Section        0  stm32h7xx_hal_rcc_ex.o(.text.HAL_RCCEx_PeriphCLKConfig)
    [Anonymous Symbol]                       0x081014a0   Section        0  stm32h7xx_hal_rcc.o(.text.HAL_RCC_OscConfig)
    [Anonymous Symbol]                       0x08101a10   Section        0  stm32h7xx_hal_tim_ex.o(.text.HAL_TIMEx_Break2Callback)
    [Anonymous Symbol]                       0x08101a18   Section        0  stm32h7xx_hal_tim_ex.o(.text.HAL_TIMEx_CommutCallback)
    [Anonymous Symbol]                       0x08101a20   Section        0  stm32h7xx_hal_tim.o(.text.HAL_TIM_Base_Start)
    [Anonymous Symbol]                       0x08101ad0   Section        0  stm32h7xx_hal_tim.o(.text.HAL_TIM_Base_Start_IT)
    [Anonymous Symbol]                       0x08101b88   Section        0  stm32h7xx_hal_tim.o(.text.HAL_TIM_Base_Stop)
    [Anonymous Symbol]                       0x08101bc0   Section        0  stm32h7xx_hal_tim.o(.text.HAL_TIM_ConfigClockSource)
    [Anonymous Symbol]                       0x08101dc0   Section        0  stm32h7xx_hal_tim.o(.text.HAL_TIM_Encoder_Init)
    [Anonymous Symbol]                       0x08101e78   Section        0  tim.o(.text.HAL_TIM_Encoder_MspInit)
    [Anonymous Symbol]                       0x08101f98   Section        0  stm32h7xx_hal_tim.o(.text.HAL_TIM_Encoder_Start)
    [Anonymous Symbol]                       0x08102058   Section        0  main.o(.text.HAL_TIM_IC_CaptureCallback)
    [Anonymous Symbol]                       0x081021d0   Section        0  stm32h7xx_hal_tim.o(.text.HAL_TIM_IC_ConfigChannel)
    [Anonymous Symbol]                       0x081023a0   Section        0  stm32h7xx_hal_tim.o(.text.HAL_TIM_IC_Init)
    [Anonymous Symbol]                       0x08102400   Section        0  stm32h7xx_hal_tim.o(.text.HAL_TIM_IC_MspInit)
    [Anonymous Symbol]                       0x08102408   Section        0  stm32h7xx_hal_tim.o(.text.HAL_TIM_PWM_ConfigChannel)
    [Anonymous Symbol]                       0x081028c0   Section        0  stm32h7xx_hal_tim.o(.text.HAL_TIM_PWM_PulseFinishedCallback)
    [Anonymous Symbol]                       0x081028c8   Section        0  hcsr04.o(.text.HCSR04_GetValue)
    [Anonymous Symbol]                       0x08102918   Section        0  hcsr04.o(.text.HCSR04_Init)
    [Anonymous Symbol]                       0x08102928   Section        0  hcsr04.o(.text.HCSR04_Start)
    [Anonymous Symbol]                       0x08102998   Section        0  stm32h7xx_it.o(.text.HardFault_Handler)
    I2C_WaitOnFlagUntilTimeout               0x081029a1   Thumb Code   228  stm32h7xx_hal_i2c.o(.text.I2C_WaitOnFlagUntilTimeout)
    [Anonymous Symbol]                       0x081029a0   Section        0  stm32h7xx_hal_i2c.o(.text.I2C_WaitOnFlagUntilTimeout)
    I2C_WaitOnSTOPFlagUntilTimeout           0x08102a89   Thumb Code   124  stm32h7xx_hal_i2c.o(.text.I2C_WaitOnSTOPFlagUntilTimeout)
    [Anonymous Symbol]                       0x08102a88   Section        0  stm32h7xx_hal_i2c.o(.text.I2C_WaitOnSTOPFlagUntilTimeout)
    I2C_WaitOnTXISFlagUntilTimeout           0x08102b09   Thumb Code   152  stm32h7xx_hal_i2c.o(.text.I2C_WaitOnTXISFlagUntilTimeout)
    [Anonymous Symbol]                       0x08102b08   Section        0  stm32h7xx_hal_i2c.o(.text.I2C_WaitOnTXISFlagUntilTimeout)
    [Anonymous Symbol]                       0x08102ba0   Section        0  lcd_spi_130.o(.text.LCD_Clear)
    [Anonymous Symbol]                       0x08102c00   Section        0  lcd_spi_130.o(.text.LCD_DisplayNumber)
    [Anonymous Symbol]                       0x08102c68   Section        0  lcd_spi_130.o(.text.LCD_SPI_CloseTransfer)
    [Anonymous Symbol]                       0x08102d38   Section        0  lcd_spi_130.o(.text.LCD_SPI_Transmit)
    [Anonymous Symbol]                       0x08102ea8   Section        0  lcd_spi_130.o(.text.LCD_SetAddress)
    [Anonymous Symbol]                       0x08102fe8   Section        0  lcd_spi_130.o(.text.LCD_SetAsciiFont)
    [Anonymous Symbol]                       0x08102ff8   Section        0  lcd_spi_130.o(.text.LCD_SetColor)
    [Anonymous Symbol]                       0x08103020   Section        0  lcd_spi_130.o(.text.LCD_SetTextFont)
    [Anonymous Symbol]                       0x08103070   Section        0  mpu6050.o(.text.MPU_Init)
    [Anonymous Symbol]                       0x08103290   Section        0  mpu6050.o(.text.MPU_Read_Fast)
    [Anonymous Symbol]                       0x081032c0   Section        0  mpu6050.o(.text.MPU_Write_Len)
    [Anonymous Symbol]                       0x081032f0   Section        0  tim.o(.text.MX_TIM3_Init)
    [Anonymous Symbol]                       0x08103358   Section        0  tim.o(.text.MX_TIM5_Init)
    [Anonymous Symbol]                       0x081033c0   Section        0  tim.o(.text.MX_TIM8_Init)
    [Anonymous Symbol]                       0x08103570   Section        0  pid.o(.text.PID)
    [Anonymous Symbol]                       0x081035f8   Section        0  stm32h7xx_it.o(.text.PendSV_Handler)
    RCCEx_PLL2_Config                        0x08103601   Thumb Code   290  stm32h7xx_hal_rcc_ex.o(.text.RCCEx_PLL2_Config)
    [Anonymous Symbol]                       0x08103600   Section        0  stm32h7xx_hal_rcc_ex.o(.text.RCCEx_PLL2_Config)
    [Anonymous Symbol]                       0x08103728   Section        0  stm32h7xx_it.o(.text.SVC_Handler)
    [Anonymous Symbol]                       0x08103730   Section        0  main.o(.text.SystemClock_Config)
    [Anonymous Symbol]                       0x08103870   Section        0  system_stm32h7xx.o(.text.SystemInit)
    [Anonymous Symbol]                       0x08103940   Section        0  stm32h7xx_it.o(.text.TIM1_CC_IRQHandler)
    [Anonymous Symbol]                       0x08103950   Section        0  stm32h7xx_it.o(.text.TIM1_UP_IRQHandler)
    [Anonymous Symbol]                       0x08103960   Section        0  stm32h7xx_hal_tim.o(.text.TIM_Base_SetConfig)
    [Anonymous Symbol]                       0x08103ac8   Section        0  main.o(.text._nop_)
    [Anonymous Symbol]                       0x08103ad0   Section        0  main.o(.text.ctr_mode)
    i.__0sprintf$8                           0x08103bbc   Section        0  printf8.o(i.__0sprintf$8)
    i.__ARM_fpclassify                       0x08103be4   Section        0  fpclassify.o(i.__ARM_fpclassify)
    i.__hardfp_sin                           0x08103c18   Section        0  sin.o(i.__hardfp_sin)
    i.__ieee754_rem_pio2                     0x08103cc8   Section        0  rred.o(i.__ieee754_rem_pio2)
    i.__kernel_cos                           0x08103fd0   Section        0  cos_i.o(i.__kernel_cos)
    i.__set_errno                            0x08104094   Section        0  errno.o(i.__set_errno)
    _printf_core                             0x081040a1   Thumb Code   996  printf8.o(i._printf_core)
    i._printf_core                           0x081040a0   Section        0  printf8.o(i._printf_core)
    _printf_post_padding                     0x081044b1   Thumb Code    36  printf8.o(i._printf_post_padding)
    i._printf_post_padding                   0x081044b0   Section        0  printf8.o(i._printf_post_padding)
    _sputc                                   0x081044d5   Thumb Code    10  printf8.o(i._sputc)
    i._sputc                                 0x081044d4   Section        0  printf8.o(i._sputc)
    i.fabs                                   0x081044de   Section        0  fabs.o(i.fabs)
    C                                        0x081044f8   Data          48  cos_i.o(.constdata)
    .constdata                               0x081044f8   Section       48  cos_i.o(.constdata)
    S                                        0x08104528   Data          40  sin_i.o(.constdata)
    .constdata                               0x08104528   Section       40  sin_i.o(.constdata)
    _errno                                   0x24000000   Data           4  errno.o(.data)
    .data                                    0x24000000   Section        4  errno.o(.data)
    .L_MergedGlobals                         0x24000008   Data          24  dj.o(.data..L_MergedGlobals)
    [Anonymous Symbol]                       0x24000008   Section        0  dj.o(.data..L_MergedGlobals)
    .L_MergedGlobals                         0x24000020   Data           8  stm32h7xx_hal.o(.data..L_MergedGlobals)
    [Anonymous Symbol]                       0x24000020   Section        0  stm32h7xx_hal.o(.data..L_MergedGlobals)
    .L_MergedGlobals                         0x24000028   Data           8  system_stm32h7xx.o(.data..L_MergedGlobals)
    [Anonymous Symbol]                       0x24000028   Section        0  system_stm32h7xx.o(.data..L_MergedGlobals)
    .L_MergedGlobals                         0x24000030   Data          56  inv_mpu.o(.data..L_MergedGlobals)
    gyro_orientation                         0x24000030   Data           9  inv_mpu.o(.data..L_MergedGlobals)
    [Anonymous Symbol]                       0x24000030   Section        0  inv_mpu.o(.data..L_MergedGlobals)
    st                                       0x2400003c   Data          44  inv_mpu.o(.data..L_MergedGlobals)
    .L_MergedGlobals                         0x240000b0   Data          24  pid.o(.bss..L_MergedGlobals)
    [Anonymous Symbol]                       0x240000b0   Section        0  pid.o(.bss..L_MergedGlobals)
    .L_MergedGlobals                         0x240000c8   Data          80  main.o(.bss..L_MergedGlobals)
    [Anonymous Symbol]                       0x240000c8   Section        0  main.o(.bss..L_MergedGlobals)
    .L_MergedGlobals                         0x24000118   Data          24  lcd_spi_130.o(.bss..L_MergedGlobals)
    LCD_AsciiFonts                           0x24000118   Data           4  lcd_spi_130.o(.bss..L_MergedGlobals)
    [Anonymous Symbol]                       0x24000118   Section        0  lcd_spi_130.o(.bss..L_MergedGlobals)
    LCD_CHFonts                              0x2400011c   Data           4  lcd_spi_130.o(.bss..L_MergedGlobals)
    .L_MergedGlobals.1                       0x24000130   Data          88  dj.o(.bss..L_MergedGlobals.1)
    [Anonymous Symbol]                       0x24000130   Section        0  dj.o(.bss..L_MergedGlobals.1)
    STACK                                    0x24000e80   Section     3840  startup_stm32h743xx.o(STACK)

    Global Symbols

    Symbol Name                              Value     Ov Type        Size  Object(Section)

    BuildAttributes$$THM_ISAv4$E$P$D$K$B$S$7EM$VFPv5_D16$PE$PLD8$A:L22UL41UL21$X:L11$S22US41US21$IEEE1$IW$~IW$USESV6$~STKCKD$USESV7$~SHL$OTIME$ROPI$IEEEX$EBA8$MICROLIB$REQ8$PRES8$EABIv2 0x00000000   Number         0  anon$$obj.o ABSOLUTE
    _printf_a                                0x00000000   Number         0  printfstubs.o ABSOLUTE
    _printf_c                                0x00000000   Number         0  printfstubs.o ABSOLUTE
    _printf_charcount                        0x00000000   Number         0  printfstubs.o ABSOLUTE
    _printf_d                                0x00000000   Number         0  printfstubs.o ABSOLUTE
    _printf_e                                0x00000000   Number         0  printfstubs.o ABSOLUTE
    _printf_f                                0x00000000   Number         0  printfstubs.o ABSOLUTE
    _printf_flags                            0x00000000   Number         0  printfstubs.o ABSOLUTE
    _printf_fp_dec                           0x00000000   Number         0  printfstubs.o ABSOLUTE
    _printf_fp_hex                           0x00000000   Number         0  printfstubs.o ABSOLUTE
    _printf_g                                0x00000000   Number         0  printfstubs.o ABSOLUTE
    _printf_i                                0x00000000   Number         0  printfstubs.o ABSOLUTE
    _printf_int_dec                          0x00000000   Number         0  printfstubs.o ABSOLUTE
    _printf_l                                0x00000000   Number         0  printfstubs.o ABSOLUTE
    _printf_lc                               0x00000000   Number         0  printfstubs.o ABSOLUTE
    _printf_ll                               0x00000000   Number         0  printfstubs.o ABSOLUTE
    _printf_lld                              0x00000000   Number         0  printfstubs.o ABSOLUTE
    _printf_lli                              0x00000000   Number         0  printfstubs.o ABSOLUTE
    _printf_llo                              0x00000000   Number         0  printfstubs.o ABSOLUTE
    _printf_llu                              0x00000000   Number         0  printfstubs.o ABSOLUTE
    _printf_llx                              0x00000000   Number         0  printfstubs.o ABSOLUTE
    _printf_longlong_dec                     0x00000000   Number         0  printfstubs.o ABSOLUTE
    _printf_longlong_hex                     0x00000000   Number         0  printfstubs.o ABSOLUTE
    _printf_longlong_oct                     0x00000000   Number         0  printfstubs.o ABSOLUTE
    _printf_ls                               0x00000000   Number         0  printfstubs.o ABSOLUTE
    _printf_mbtowc                           0x00000000   Number         0  printfstubs.o ABSOLUTE
    _printf_n                                0x00000000   Number         0  printfstubs.o ABSOLUTE
    _printf_o                                0x00000000   Number         0  printfstubs.o ABSOLUTE
    _printf_p                                0x00000000   Number         0  printfstubs.o ABSOLUTE
    _printf_percent                          0x00000000   Number         0  printfstubs.o ABSOLUTE
    _printf_pre_padding                      0x00000000   Number         0  printfstubs.o ABSOLUTE
    _printf_return_value                     0x00000000   Number         0  printfstubs.o ABSOLUTE
    _printf_s                                0x00000000   Number         0  printfstubs.o ABSOLUTE
    _printf_sizespec                         0x00000000   Number         0  printfstubs.o ABSOLUTE
    _printf_str                              0x00000000   Number         0  printfstubs.o ABSOLUTE
    _printf_truncate_signed                  0x00000000   Number         0  printfstubs.o ABSOLUTE
    _printf_truncate_unsigned                0x00000000   Number         0  printfstubs.o ABSOLUTE
    _printf_u                                0x00000000   Number         0  printfstubs.o ABSOLUTE
    _printf_wc                               0x00000000   Number         0  printfstubs.o ABSOLUTE
    _printf_wctomb                           0x00000000   Number         0  printfstubs.o ABSOLUTE
    _printf_widthprec                        0x00000000   Number         0  printfstubs.o ABSOLUTE
    _printf_x                                0x00000000   Number         0  printfstubs.o ABSOLUTE
    __cpp_initialize__aeabi_                  - Undefined Weak Reference
    __cxa_finalize                            - Undefined Weak Reference
    __decompress                              - Undefined Weak Reference
    _clock_init                               - Undefined Weak Reference
    _microlib_exit                            - Undefined Weak Reference
    __Vectors_Size                           0x00000298   Number         0  startup_stm32h743xx.o ABSOLUTE
    __Vectors                                0x08000000   Data           4  startup_stm32h743xx.o(RESET)
    __Vectors_End                            0x08000298   Data           0  startup_stm32h743xx.o(RESET)
    __main                                   0x08000299   Thumb Code     0  entry.o(.ARM.Collect$$$$00000000)
    _main_stk                                0x08000299   Thumb Code     0  entry2.o(.ARM.Collect$$$$00000001)
    _main_scatterload                        0x0800029d   Thumb Code     0  entry5.o(.ARM.Collect$$$$00000004)
    __main_after_scatterload                 0x080002a1   Thumb Code     0  entry5.o(.ARM.Collect$$$$00000004)
    _main_clock                              0x080002a1   Thumb Code     0  entry7b.o(.ARM.Collect$$$$00000008)
    _main_cpp_init                           0x080002a1   Thumb Code     0  entry8b.o(.ARM.Collect$$$$0000000A)
    _main_init                               0x080002a1   Thumb Code     0  entry9a.o(.ARM.Collect$$$$0000000B)
    __rt_final_cpp                           0x080002a9   Thumb Code     0  entry10a.o(.ARM.Collect$$$$0000000D)
    __rt_final_exit                          0x080002a9   Thumb Code     0  entry11a.o(.ARM.Collect$$$$0000000F)
    __aeabi_memset                           0x080002ad   Thumb Code    14  memseta.o(.text)
    __aeabi_memset4                          0x080002ad   Thumb Code     0  memseta.o(.text)
    __aeabi_memset8                          0x080002ad   Thumb Code     0  memseta.o(.text)
    __aeabi_memclr                           0x080002bb   Thumb Code     4  memseta.o(.text)
    __aeabi_memclr4                          0x080002bb   Thumb Code     0  memseta.o(.text)
    __aeabi_memclr8                          0x080002bb   Thumb Code     0  memseta.o(.text)
    _memset$wrapper                          0x080002bf   Thumb Code    18  memseta.o(.text)
    __aeabi_l2d                              0x080002d1   Thumb Code    40  dfltl.o(.text)
    __I$use$fp                               0x080002f9   Thumb Code     0  iusefp.o(.text)
    _double_round                            0x080002f9   Thumb Code    30  depilogue.o(.text)
    _double_epilogue                         0x08000317   Thumb Code   156  depilogue.o(.text)
    __scatterload                            0x080003b5   Thumb Code    38  init.o(.text)
    __scatterload_rt2                        0x080003b5   Thumb Code     0  init.o(.text)
    DJ_Set_Mode                              0x080003e9   Thumb Code    20  dj.o(.text.DJ_Set_Mode)
    DebugMon_Handler                         0x08000409   Thumb Code     2  stm32h7xx_it.o(.text.DebugMon_Handler)
    EXTI1_IRQHandler                         0x08000411   Thumb Code     6  stm32h7xx_it.o(.text.EXTI1_IRQHandler)
    Error_Handler                            0x08000419   Thumb Code    10  main.o(.text.Error_Handler)
    HAL_GPIO_EXTI_IRQHandler                 0x08000429   Thumb Code    20  stm32h7xx_hal_gpio.o(.text.HAL_GPIO_EXTI_IRQHandler)
    HAL_GPIO_WritePin                        0x08000441   Thumb Code    10  stm32h7xx_hal_gpio.o(.text.HAL_GPIO_WritePin)
    HAL_GetREVID                             0x08000451   Thumb Code    14  stm32h7xx_hal.o(.text.HAL_GetREVID)
    HAL_GetTick                              0x08000461   Thumb Code    12  stm32h7xx_hal.o(.text.HAL_GetTick)
    HAL_I2CEx_ConfigAnalogFilter             0x08000471   Thumb Code    74  stm32h7xx_hal_i2c_ex.o(.text.HAL_I2CEx_ConfigAnalogFilter)
    HAL_I2CEx_EnableFastModePlus             0x080004c1   Thumb Code    46  stm32h7xx_hal_i2c_ex.o(.text.HAL_I2CEx_EnableFastModePlus)
    HAL_I2C_Init                             0x080004f1   Thumb Code   174  stm32h7xx_hal_i2c.o(.text.HAL_I2C_Init)
    HAL_I2C_Mem_Write                        0x080005a1   Thumb Code   564  stm32h7xx_hal_i2c.o(.text.HAL_I2C_Mem_Write)
    HAL_I2C_MspInit                          0x080007d9   Thumb Code   134  i2c.o(.text.HAL_I2C_MspInit)
    HAL_Init                                 0x08000861   Thumb Code   100  stm32h7xx_hal.o(.text.HAL_Init)
    HAL_InitTick                             0x080008c9   Thumb Code    76  stm32h7xx_hal.o(.text.HAL_InitTick)
    HAL_MPU_ConfigRegion                     0x08000919   Thumb Code    94  stm32h7xx_hal_cortex.o(.text.HAL_MPU_ConfigRegion)
    HAL_NVIC_EnableIRQ                       0x08000979   Thumb Code    34  stm32h7xx_hal_cortex.o(.text.HAL_NVIC_EnableIRQ)
    HAL_NVIC_SetPriority                     0x080009a1   Thumb Code    90  stm32h7xx_hal_cortex.o(.text.HAL_NVIC_SetPriority)
    HAL_NVIC_SetPriorityGrouping             0x08000a01   Thumb Code    32  stm32h7xx_hal_cortex.o(.text.HAL_NVIC_SetPriorityGrouping)
    HAL_RCC_ClockConfig                      0x08000a21   Thumb Code   616  stm32h7xx_hal_rcc.o(.text.HAL_RCC_ClockConfig)
    HAL_RCC_GetSysClockFreq                  0x08000c89   Thumb Code   264  stm32h7xx_hal_rcc.o(.text.HAL_RCC_GetSysClockFreq)
    HAL_SPI_Init                             0x08000da1   Thumb Code   442  stm32h7xx_hal_spi.o(.text.HAL_SPI_Init)
    HAL_SPI_MspInit                          0x08000f61   Thumb Code   192  lcd_spi_130.o(.text.HAL_SPI_MspInit)
    HAL_SPI_Transmit                         0x08001021   Thumb Code   664  stm32h7xx_hal_spi.o(.text.HAL_SPI_Transmit)
    HAL_SYSTICK_Config                       0x080012b9   Thumb Code    46  stm32h7xx_hal_cortex.o(.text.HAL_SYSTICK_Config)
    HAL_TIMEx_BreakCallback                  0x080012e9   Thumb Code     2  stm32h7xx_hal_tim_ex.o(.text.HAL_TIMEx_BreakCallback)
    HAL_TIMEx_ConfigBreakDeadTime            0x080012f1   Thumb Code   160  stm32h7xx_hal_tim_ex.o(.text.HAL_TIMEx_ConfigBreakDeadTime)
    HAL_TIMEx_MasterConfigSynchronization    0x08001391   Thumb Code   206  stm32h7xx_hal_tim_ex.o(.text.HAL_TIMEx_MasterConfigSynchronization)
    HAL_TIM_Base_Init                        0x08001461   Thumb Code    96  stm32h7xx_hal_tim.o(.text.HAL_TIM_Base_Init)
    HAL_TIM_Base_MspInit                     0x080014c1   Thumb Code   396  tim.o(.text.HAL_TIM_Base_MspInit)
    HAL_TIM_IC_Start_IT                      0x08001651   Thumb Code   528  stm32h7xx_hal_tim.o(.text.HAL_TIM_IC_Start_IT)
    HAL_TIM_IRQHandler                       0x08001861   Thumb Code   364  stm32h7xx_hal_tim.o(.text.HAL_TIM_IRQHandler)
    HAL_TIM_OC_DelayElapsedCallback          0x080019d1   Thumb Code     2  stm32h7xx_hal_tim.o(.text.HAL_TIM_OC_DelayElapsedCallback)
    HAL_TIM_PWM_Init                         0x080019d9   Thumb Code    96  stm32h7xx_hal_tim.o(.text.HAL_TIM_PWM_Init)
    HAL_TIM_PWM_MspInit                      0x08001a39   Thumb Code     2  stm32h7xx_hal_tim.o(.text.HAL_TIM_PWM_MspInit)
    HAL_TIM_PWM_Start                        0x08001a41   Thumb Code   400  stm32h7xx_hal_tim.o(.text.HAL_TIM_PWM_Start)
    HAL_TIM_PeriodElapsedCallback            0x08001bd1   Thumb Code  1224  main.o(.text.HAL_TIM_PeriodElapsedCallback)
    HAL_TIM_ReadCapturedValue                0x080020b1   Thumb Code    52  stm32h7xx_hal_tim.o(.text.HAL_TIM_ReadCapturedValue)
    HAL_TIM_TriggerCallback                  0x080020e9   Thumb Code     2  stm32h7xx_hal_tim.o(.text.HAL_TIM_TriggerCallback)
    LCD_DisplayChar                          0x08002251   Thumb Code   442  lcd_spi_130.o(.text.LCD_DisplayChar)
    LCD_DrawPoint                            0x08002411   Thumb Code    66  lcd_spi_130.o(.text.LCD_DrawPoint)
    LCD_SetBackColor                         0x08002459   Thumb Code    36  lcd_spi_130.o(.text.LCD_SetBackColor)
    MX_GPIO_Init                             0x08002481   Thumb Code   282  gpio.o(.text.MX_GPIO_Init)
    MX_I2C1_Init                             0x080025a1   Thumb Code   108  i2c.o(.text.MX_I2C1_Init)
    MX_TIM12_Init                            0x08002611   Thumb Code   118  tim.o(.text.MX_TIM12_Init)
    MX_TIM15_Init                            0x08002689   Thumb Code   114  tim.o(.text.MX_TIM15_Init)
    MX_TIM1_Init                             0x08002701   Thumb Code   182  tim.o(.text.MX_TIM1_Init)
    MX_TIM2_Init                             0x080027b9   Thumb Code    98  tim.o(.text.MX_TIM2_Init)
    MX_TIM4_Init                             0x08002821   Thumb Code   308  tim.o(.text.MX_TIM4_Init)
    MX_TIM6_Init                             0x08002959   Thumb Code    80  tim.o(.text.MX_TIM6_Init)
    MemManage_Handler                        0x080029a9   Thumb Code     2  stm32h7xx_it.o(.text.MemManage_Handler)
    NMI_Handler                              0x080029b1   Thumb Code     2  stm32h7xx_it.o(.text.NMI_Handler)
    SPI_LCD_Init                             0x08002bb1   Thumb Code  2332  lcd_spi_130.o(.text.SPI_LCD_Init)
    SysTick_Handler                          0x080034d1   Thumb Code     4  stm32h7xx_it.o(.text.SysTick_Handler)
    TIM1_BRK_IRQHandler                      0x080034d9   Thumb Code    12  stm32h7xx_it.o(.text.TIM1_BRK_IRQHandler)
    TIM1_TRG_COM_IRQHandler                  0x080034e9   Thumb Code    12  stm32h7xx_it.o(.text.TIM1_TRG_COM_IRQHandler)
    TIM8_BRK_TIM12_IRQHandler                0x080034f9   Thumb Code    30  stm32h7xx_it.o(.text.TIM8_BRK_TIM12_IRQHandler)
    UsageFault_Handler                       0x08003519   Thumb Code     2  stm32h7xx_it.o(.text.UsageFault_Handler)
    getSpeed                                 0x08003521   Thumb Code    52  dj.o(.text.getSpeed)
    main                                     0x08003559   Thumb Code   848  main.o(.text.main)
    mpu_reset_fifo                           0x080038b9   Thumb Code   328  inv_mpu.o(.text.mpu_reset_fifo)
    servo_setAngle                           0x08003a01   Thumb Code    38  servo.o(.text.servo_setAngle)
    __hardfp_cos                             0x08003a29   Thumb Code   158  cos.o(i.__hardfp_cos)
    __kernel_poly                            0x08003ad9   Thumb Code   112  poly.o(i.__kernel_poly)
    __kernel_sin                             0x08003b49   Thumb Code   144  sin_i.o(i.__kernel_sin)
    __mathlib_dbl_invalid                    0x08003be9   Thumb Code    10  dunder.o(i.__mathlib_dbl_invalid)
    __mathlib_dbl_underflow                  0x08003c01   Thumb Code    10  dunder.o(i.__mathlib_dbl_underflow)
    __scatterload_copy                       0x08003c19   Thumb Code    14  handlers.o(i.__scatterload_copy)
    __scatterload_null                       0x08003c27   Thumb Code     2  handlers.o(i.__scatterload_null)
    __scatterload_zeroinit                   0x08003c29   Thumb Code    14  handlers.o(i.__scatterload_zeroinit)
    ASCII_1206_Table                         0x08003d34   Data        1140  lcd_fonts.o(.rodata.ASCII_1206_Table)
    ASCII_1608_Table                         0x080041a8   Data        1520  lcd_fonts.o(.rodata.ASCII_1608_Table)
    ASCII_2412_Table                         0x08004798   Data        4560  lcd_fonts.o(.rodata.ASCII_2412_Table)
    Chinese_2424                             0x08005968   Data        4680  lcd_fonts.o(.rodata.Chinese_2424)
    hw                                       0x08006bd0   Data          12  inv_mpu.o(.rodata.hw)
    reg                                      0x08006bdc   Data          27  inv_mpu.o(.rodata.reg)
    test                                     0x08006bf8   Data          40  inv_mpu.o(.rodata.test)
    Region$$Table$$Base                      0x08006c20   Number         0  anon$$obj.o(Region$$Table)
    Region$$Table$$Limit                     0x08006c40   Number         0  anon$$obj.o(Region$$Table)
    Reset_Handler                            0x08100001   Thumb Code     8  startup_stm32h743xx.o(.text)
    ADC3_IRQHandler                          0x0810001b   Thumb Code     0  startup_stm32h743xx.o(.text)
    ADC_IRQHandler                           0x0810001b   Thumb Code     0  startup_stm32h743xx.o(.text)
    BDMA_Channel0_IRQHandler                 0x0810001b   Thumb Code     0  startup_stm32h743xx.o(.text)
    BDMA_Channel1_IRQHandler                 0x0810001b   Thumb Code     0  startup_stm32h743xx.o(.text)
    BDMA_Channel2_IRQHandler                 0x0810001b   Thumb Code     0  startup_stm32h743xx.o(.text)
    BDMA_Channel3_IRQHandler                 0x0810001b   Thumb Code     0  startup_stm32h743xx.o(.text)
    BDMA_Channel4_IRQHandler                 0x0810001b   Thumb Code     0  startup_stm32h743xx.o(.text)
    BDMA_Channel5_IRQHandler                 0x0810001b   Thumb Code     0  startup_stm32h743xx.o(.text)
    BDMA_Channel6_IRQHandler                 0x0810001b   Thumb Code     0  startup_stm32h743xx.o(.text)
    BDMA_Channel7_IRQHandler                 0x0810001b   Thumb Code     0  startup_stm32h743xx.o(.text)
    CEC_IRQHandler                           0x0810001b   Thumb Code     0  startup_stm32h743xx.o(.text)
    COMP1_IRQHandler                         0x0810001b   Thumb Code     0  startup_stm32h743xx.o(.text)
    CRS_IRQHandler                           0x0810001b   Thumb Code     0  startup_stm32h743xx.o(.text)
    DCMI_IRQHandler                          0x0810001b   Thumb Code     0  startup_stm32h743xx.o(.text)
    DFSDM1_FLT0_IRQHandler                   0x0810001b   Thumb Code     0  startup_stm32h743xx.o(.text)
    DFSDM1_FLT1_IRQHandler                   0x0810001b   Thumb Code     0  startup_stm32h743xx.o(.text)
    DFSDM1_FLT2_IRQHandler                   0x0810001b   Thumb Code     0  startup_stm32h743xx.o(.text)
    DFSDM1_FLT3_IRQHandler                   0x0810001b   Thumb Code     0  startup_stm32h743xx.o(.text)
    DMA1_Stream0_IRQHandler                  0x0810001b   Thumb Code     0  startup_stm32h743xx.o(.text)
    DMA1_Stream1_IRQHandler                  0x0810001b   Thumb Code     0  startup_stm32h743xx.o(.text)
    DMA1_Stream2_IRQHandler                  0x0810001b   Thumb Code     0  startup_stm32h743xx.o(.text)
    DMA1_Stream3_IRQHandler                  0x0810001b   Thumb Code     0  startup_stm32h743xx.o(.text)
    DMA1_Stream4_IRQHandler                  0x0810001b   Thumb Code     0  startup_stm32h743xx.o(.text)
    DMA1_Stream5_IRQHandler                  0x0810001b   Thumb Code     0  startup_stm32h743xx.o(.text)
    DMA1_Stream6_IRQHandler                  0x0810001b   Thumb Code     0  startup_stm32h743xx.o(.text)
    DMA1_Stream7_IRQHandler                  0x0810001b   Thumb Code     0  startup_stm32h743xx.o(.text)
    DMA2D_IRQHandler                         0x0810001b   Thumb Code     0  startup_stm32h743xx.o(.text)
    DMA2_Stream0_IRQHandler                  0x0810001b   Thumb Code     0  startup_stm32h743xx.o(.text)
    DMA2_Stream1_IRQHandler                  0x0810001b   Thumb Code     0  startup_stm32h743xx.o(.text)
    DMA2_Stream2_IRQHandler                  0x0810001b   Thumb Code     0  startup_stm32h743xx.o(.text)
    DMA2_Stream3_IRQHandler                  0x0810001b   Thumb Code     0  startup_stm32h743xx.o(.text)
    DMA2_Stream4_IRQHandler                  0x0810001b   Thumb Code     0  startup_stm32h743xx.o(.text)
    DMA2_Stream5_IRQHandler                  0x0810001b   Thumb Code     0  startup_stm32h743xx.o(.text)
    DMA2_Stream6_IRQHandler                  0x0810001b   Thumb Code     0  startup_stm32h743xx.o(.text)
    DMA2_Stream7_IRQHandler                  0x0810001b   Thumb Code     0  startup_stm32h743xx.o(.text)
    DMAMUX1_OVR_IRQHandler                   0x0810001b   Thumb Code     0  startup_stm32h743xx.o(.text)
    DMAMUX2_OVR_IRQHandler                   0x0810001b   Thumb Code     0  startup_stm32h743xx.o(.text)
    ECC_IRQHandler                           0x0810001b   Thumb Code     0  startup_stm32h743xx.o(.text)
    ETH_IRQHandler                           0x0810001b   Thumb Code     0  startup_stm32h743xx.o(.text)
    ETH_WKUP_IRQHandler                      0x0810001b   Thumb Code     0  startup_stm32h743xx.o(.text)
    EXTI0_IRQHandler                         0x0810001b   Thumb Code     0  startup_stm32h743xx.o(.text)
    EXTI15_10_IRQHandler                     0x0810001b   Thumb Code     0  startup_stm32h743xx.o(.text)
    EXTI2_IRQHandler                         0x0810001b   Thumb Code     0  startup_stm32h743xx.o(.text)
    EXTI3_IRQHandler                         0x0810001b   Thumb Code     0  startup_stm32h743xx.o(.text)
    EXTI4_IRQHandler                         0x0810001b   Thumb Code     0  startup_stm32h743xx.o(.text)
    EXTI9_5_IRQHandler                       0x0810001b   Thumb Code     0  startup_stm32h743xx.o(.text)
    FDCAN1_IT0_IRQHandler                    0x0810001b   Thumb Code     0  startup_stm32h743xx.o(.text)
    FDCAN1_IT1_IRQHandler                    0x0810001b   Thumb Code     0  startup_stm32h743xx.o(.text)
    FDCAN2_IT0_IRQHandler                    0x0810001b   Thumb Code     0  startup_stm32h743xx.o(.text)
    FDCAN2_IT1_IRQHandler                    0x0810001b   Thumb Code     0  startup_stm32h743xx.o(.text)
    FDCAN_CAL_IRQHandler                     0x0810001b   Thumb Code     0  startup_stm32h743xx.o(.text)
    FLASH_IRQHandler                         0x0810001b   Thumb Code     0  startup_stm32h743xx.o(.text)
    FMC_IRQHandler                           0x0810001b   Thumb Code     0  startup_stm32h743xx.o(.text)
    FPU_IRQHandler                           0x0810001b   Thumb Code     0  startup_stm32h743xx.o(.text)
    HRTIM1_FLT_IRQHandler                    0x0810001b   Thumb Code     0  startup_stm32h743xx.o(.text)
    HRTIM1_Master_IRQHandler                 0x0810001b   Thumb Code     0  startup_stm32h743xx.o(.text)
    HRTIM1_TIMA_IRQHandler                   0x0810001b   Thumb Code     0  startup_stm32h743xx.o(.text)
    HRTIM1_TIMB_IRQHandler                   0x0810001b   Thumb Code     0  startup_stm32h743xx.o(.text)
    HRTIM1_TIMC_IRQHandler                   0x0810001b   Thumb Code     0  startup_stm32h743xx.o(.text)
    HRTIM1_TIMD_IRQHandler                   0x0810001b   Thumb Code     0  startup_stm32h743xx.o(.text)
    HRTIM1_TIME_IRQHandler                   0x0810001b   Thumb Code     0  startup_stm32h743xx.o(.text)
    HSEM1_IRQHandler                         0x0810001b   Thumb Code     0  startup_stm32h743xx.o(.text)
    I2C1_ER_IRQHandler                       0x0810001b   Thumb Code     0  startup_stm32h743xx.o(.text)
    I2C1_EV_IRQHandler                       0x0810001b   Thumb Code     0  startup_stm32h743xx.o(.text)
    I2C2_ER_IRQHandler                       0x0810001b   Thumb Code     0  startup_stm32h743xx.o(.text)
    I2C2_EV_IRQHandler                       0x0810001b   Thumb Code     0  startup_stm32h743xx.o(.text)
    I2C3_ER_IRQHandler                       0x0810001b   Thumb Code     0  startup_stm32h743xx.o(.text)
    I2C3_EV_IRQHandler                       0x0810001b   Thumb Code     0  startup_stm32h743xx.o(.text)
    I2C4_ER_IRQHandler                       0x0810001b   Thumb Code     0  startup_stm32h743xx.o(.text)
    I2C4_EV_IRQHandler                       0x0810001b   Thumb Code     0  startup_stm32h743xx.o(.text)
    JPEG_IRQHandler                          0x0810001b   Thumb Code     0  startup_stm32h743xx.o(.text)
    LPTIM1_IRQHandler                        0x0810001b   Thumb Code     0  startup_stm32h743xx.o(.text)
    LPTIM2_IRQHandler                        0x0810001b   Thumb Code     0  startup_stm32h743xx.o(.text)
    LPTIM3_IRQHandler                        0x0810001b   Thumb Code     0  startup_stm32h743xx.o(.text)
    LPTIM4_IRQHandler                        0x0810001b   Thumb Code     0  startup_stm32h743xx.o(.text)
    LPTIM5_IRQHandler                        0x0810001b   Thumb Code     0  startup_stm32h743xx.o(.text)
    LPUART1_IRQHandler                       0x0810001b   Thumb Code     0  startup_stm32h743xx.o(.text)
    LTDC_ER_IRQHandler                       0x0810001b   Thumb Code     0  startup_stm32h743xx.o(.text)
    LTDC_IRQHandler                          0x0810001b   Thumb Code     0  startup_stm32h743xx.o(.text)
    MDIOS_IRQHandler                         0x0810001b   Thumb Code     0  startup_stm32h743xx.o(.text)
    MDIOS_WKUP_IRQHandler                    0x0810001b   Thumb Code     0  startup_stm32h743xx.o(.text)
    MDMA_IRQHandler                          0x0810001b   Thumb Code     0  startup_stm32h743xx.o(.text)
    OTG_FS_EP1_IN_IRQHandler                 0x0810001b   Thumb Code     0  startup_stm32h743xx.o(.text)
    OTG_FS_EP1_OUT_IRQHandler                0x0810001b   Thumb Code     0  startup_stm32h743xx.o(.text)
    OTG_FS_IRQHandler                        0x0810001b   Thumb Code     0  startup_stm32h743xx.o(.text)
    OTG_FS_WKUP_IRQHandler                   0x0810001b   Thumb Code     0  startup_stm32h743xx.o(.text)
    OTG_HS_EP1_IN_IRQHandler                 0x0810001b   Thumb Code     0  startup_stm32h743xx.o(.text)
    OTG_HS_EP1_OUT_IRQHandler                0x0810001b   Thumb Code     0  startup_stm32h743xx.o(.text)
    OTG_HS_IRQHandler                        0x0810001b   Thumb Code     0  startup_stm32h743xx.o(.text)
    OTG_HS_WKUP_IRQHandler                   0x0810001b   Thumb Code     0  startup_stm32h743xx.o(.text)
    PVD_AVD_IRQHandler                       0x0810001b   Thumb Code     0  startup_stm32h743xx.o(.text)
    QUADSPI_IRQHandler                       0x0810001b   Thumb Code     0  startup_stm32h743xx.o(.text)
    RCC_IRQHandler                           0x0810001b   Thumb Code     0  startup_stm32h743xx.o(.text)
    RNG_IRQHandler                           0x0810001b   Thumb Code     0  startup_stm32h743xx.o(.text)
    RTC_Alarm_IRQHandler                     0x0810001b   Thumb Code     0  startup_stm32h743xx.o(.text)
    RTC_WKUP_IRQHandler                      0x0810001b   Thumb Code     0  startup_stm32h743xx.o(.text)
    SAI1_IRQHandler                          0x0810001b   Thumb Code     0  startup_stm32h743xx.o(.text)
    SAI2_IRQHandler                          0x0810001b   Thumb Code     0  startup_stm32h743xx.o(.text)
    SAI3_IRQHandler                          0x0810001b   Thumb Code     0  startup_stm32h743xx.o(.text)
    SAI4_IRQHandler                          0x0810001b   Thumb Code     0  startup_stm32h743xx.o(.text)
    SDMMC1_IRQHandler                        0x0810001b   Thumb Code     0  startup_stm32h743xx.o(.text)
    SDMMC2_IRQHandler                        0x0810001b   Thumb Code     0  startup_stm32h743xx.o(.text)
    SPDIF_RX_IRQHandler                      0x0810001b   Thumb Code     0  startup_stm32h743xx.o(.text)
    SPI1_IRQHandler                          0x0810001b   Thumb Code     0  startup_stm32h743xx.o(.text)
    SPI2_IRQHandler                          0x0810001b   Thumb Code     0  startup_stm32h743xx.o(.text)
    SPI3_IRQHandler                          0x0810001b   Thumb Code     0  startup_stm32h743xx.o(.text)
    SPI4_IRQHandler                          0x0810001b   Thumb Code     0  startup_stm32h743xx.o(.text)
    SPI5_IRQHandler                          0x0810001b   Thumb Code     0  startup_stm32h743xx.o(.text)
    SPI6_IRQHandler                          0x0810001b   Thumb Code     0  startup_stm32h743xx.o(.text)
    SWPMI1_IRQHandler                        0x0810001b   Thumb Code     0  startup_stm32h743xx.o(.text)
    TAMP_STAMP_IRQHandler                    0x0810001b   Thumb Code     0  startup_stm32h743xx.o(.text)
    TIM15_IRQHandler                         0x0810001b   Thumb Code     0  startup_stm32h743xx.o(.text)
    TIM16_IRQHandler                         0x0810001b   Thumb Code     0  startup_stm32h743xx.o(.text)
    TIM17_IRQHandler                         0x0810001b   Thumb Code     0  startup_stm32h743xx.o(.text)
    TIM2_IRQHandler                          0x0810001b   Thumb Code     0  startup_stm32h743xx.o(.text)
    TIM3_IRQHandler                          0x0810001b   Thumb Code     0  startup_stm32h743xx.o(.text)
    TIM4_IRQHandler                          0x0810001b   Thumb Code     0  startup_stm32h743xx.o(.text)
    TIM5_IRQHandler                          0x0810001b   Thumb Code     0  startup_stm32h743xx.o(.text)
    TIM6_DAC_IRQHandler                      0x0810001b   Thumb Code     0  startup_stm32h743xx.o(.text)
    TIM7_IRQHandler                          0x0810001b   Thumb Code     0  startup_stm32h743xx.o(.text)
    TIM8_CC_IRQHandler                       0x0810001b   Thumb Code     0  startup_stm32h743xx.o(.text)
    TIM8_TRG_COM_TIM14_IRQHandler            0x0810001b   Thumb Code     0  startup_stm32h743xx.o(.text)
    TIM8_UP_TIM13_IRQHandler                 0x0810001b   Thumb Code     0  startup_stm32h743xx.o(.text)
    UART4_IRQHandler                         0x0810001b   Thumb Code     0  startup_stm32h743xx.o(.text)
    UART5_IRQHandler                         0x0810001b   Thumb Code     0  startup_stm32h743xx.o(.text)
    UART7_IRQHandler                         0x0810001b   Thumb Code     0  startup_stm32h743xx.o(.text)
    UART8_IRQHandler                         0x0810001b   Thumb Code     0  startup_stm32h743xx.o(.text)
    USART1_IRQHandler                        0x0810001b   Thumb Code     0  startup_stm32h743xx.o(.text)
    USART2_IRQHandler                        0x0810001b   Thumb Code     0  startup_stm32h743xx.o(.text)
    USART3_IRQHandler                        0x0810001b   Thumb Code     0  startup_stm32h743xx.o(.text)
    USART6_IRQHandler                        0x0810001b   Thumb Code     0  startup_stm32h743xx.o(.text)
    WAKEUP_PIN_IRQHandler                    0x0810001b   Thumb Code     0  startup_stm32h743xx.o(.text)
    WWDG_IRQHandler                          0x0810001b   Thumb Code     0  startup_stm32h743xx.o(.text)
    __aeabi_uldivmod                         0x08100025   Thumb Code    98  uldiv.o(.text)
    __aeabi_llsl                             0x08100087   Thumb Code    30  llshl.o(.text)
    _ll_shift_l                              0x08100087   Thumb Code     0  llshl.o(.text)
    __aeabi_llsr                             0x081000a5   Thumb Code    32  llushr.o(.text)
    _ll_ushift_r                             0x081000a5   Thumb Code     0  llushr.o(.text)
    BusFault_Handler                         0x081000c9   Thumb Code     2  stm32h7xx_it.o(.text.BusFault_Handler)
    DJ_All_Init                              0x081000d1   Thumb Code   112  dj.o(.text.DJ_All_Init)
    DJ_Set_Speed_All                         0x08100141   Thumb Code    14  dj.o(.text.DJ_Set_Speed_All)
    DJ_Step                                  0x08100151   Thumb Code   632  dj.o(.text.DJ_Step)
    HAL_Delay                                0x081003d9   Thumb Code    40  stm32h7xx_hal.o(.text.HAL_Delay)
    HAL_GPIO_EXTI_Callback                   0x08100401   Thumb Code    84  main.o(.text.HAL_GPIO_EXTI_Callback)
    HAL_GPIO_Init                            0x08100459   Thumb Code   418  stm32h7xx_hal_gpio.o(.text.HAL_GPIO_Init)
    HAL_GPIO_ReadPin                         0x08100601   Thumb Code    10  stm32h7xx_hal_gpio.o(.text.HAL_GPIO_ReadPin)
    HAL_I2CEx_ConfigDigitalFilter            0x08100611   Thumb Code    72  stm32h7xx_hal_i2c_ex.o(.text.HAL_I2CEx_ConfigDigitalFilter)
    HAL_I2C_Mem_Read                         0x08100659   Thumb Code   568  stm32h7xx_hal_i2c.o(.text.HAL_I2C_Mem_Read)
    HAL_IncTick                              0x08100891   Thumb Code    26  stm32h7xx_hal.o(.text.HAL_IncTick)
    HAL_MPU_Disable                          0x081008b1   Thumb Code    26  stm32h7xx_hal_cortex.o(.text.HAL_MPU_Disable)
    HAL_MPU_Enable                           0x081008d1   Thumb Code    32  stm32h7xx_hal_cortex.o(.text.HAL_MPU_Enable)
    HAL_MspInit                              0x081008f1   Thumb Code    32  stm32h7xx_hal_msp.o(.text.HAL_MspInit)
    HAL_PWREx_ConfigSupply                   0x08100911   Thumb Code    76  stm32h7xx_hal_pwr_ex.o(.text.HAL_PWREx_ConfigSupply)
    HAL_RCCEx_PeriphCLKConfig                0x08100961   Thumb Code  2876  stm32h7xx_hal_rcc_ex.o(.text.HAL_RCCEx_PeriphCLKConfig)
    HAL_RCC_OscConfig                        0x081014a1   Thumb Code  1388  stm32h7xx_hal_rcc.o(.text.HAL_RCC_OscConfig)
    HAL_TIMEx_Break2Callback                 0x08101a11   Thumb Code     2  stm32h7xx_hal_tim_ex.o(.text.HAL_TIMEx_Break2Callback)
    HAL_TIMEx_CommutCallback                 0x08101a19   Thumb Code     2  stm32h7xx_hal_tim_ex.o(.text.HAL_TIMEx_CommutCallback)
    HAL_TIM_Base_Start                       0x08101a21   Thumb Code   172  stm32h7xx_hal_tim.o(.text.HAL_TIM_Base_Start)
    HAL_TIM_Base_Start_IT                    0x08101ad1   Thumb Code   180  stm32h7xx_hal_tim.o(.text.HAL_TIM_Base_Start_IT)
    HAL_TIM_Base_Stop                        0x08101b89   Thumb Code    52  stm32h7xx_hal_tim.o(.text.HAL_TIM_Base_Stop)
    HAL_TIM_ConfigClockSource                0x08101bc1   Thumb Code   512  stm32h7xx_hal_tim.o(.text.HAL_TIM_ConfigClockSource)
    HAL_TIM_Encoder_Init                     0x08101dc1   Thumb Code   184  stm32h7xx_hal_tim.o(.text.HAL_TIM_Encoder_Init)
    HAL_TIM_Encoder_MspInit                  0x08101e79   Thumb Code   284  tim.o(.text.HAL_TIM_Encoder_MspInit)
    HAL_TIM_Encoder_Start                    0x08101f99   Thumb Code   188  stm32h7xx_hal_tim.o(.text.HAL_TIM_Encoder_Start)
    HAL_TIM_IC_CaptureCallback               0x08102059   Thumb Code   374  main.o(.text.HAL_TIM_IC_CaptureCallback)
    HAL_TIM_IC_ConfigChannel                 0x081021d1   Thumb Code   462  stm32h7xx_hal_tim.o(.text.HAL_TIM_IC_ConfigChannel)
    HAL_TIM_IC_Init                          0x081023a1   Thumb Code    96  stm32h7xx_hal_tim.o(.text.HAL_TIM_IC_Init)
    HAL_TIM_IC_MspInit                       0x08102401   Thumb Code     2  stm32h7xx_hal_tim.o(.text.HAL_TIM_IC_MspInit)
    HAL_TIM_PWM_ConfigChannel                0x08102409   Thumb Code  1208  stm32h7xx_hal_tim.o(.text.HAL_TIM_PWM_ConfigChannel)
    HAL_TIM_PWM_PulseFinishedCallback        0x081028c1   Thumb Code     2  stm32h7xx_hal_tim.o(.text.HAL_TIM_PWM_PulseFinishedCallback)
    HCSR04_GetValue                          0x081028c9   Thumb Code    64  hcsr04.o(.text.HCSR04_GetValue)
    HCSR04_Init                              0x08102919   Thumb Code    12  hcsr04.o(.text.HCSR04_Init)
    HCSR04_Start                             0x08102929   Thumb Code   110  hcsr04.o(.text.HCSR04_Start)
    HardFault_Handler                        0x08102999   Thumb Code     2  stm32h7xx_it.o(.text.HardFault_Handler)
    LCD_Clear                                0x08102ba1   Thumb Code    94  lcd_spi_130.o(.text.LCD_Clear)
    LCD_DisplayNumber                        0x08102c01   Thumb Code    88  lcd_spi_130.o(.text.LCD_DisplayNumber)
    LCD_SPI_CloseTransfer                    0x08102c69   Thumb Code   208  lcd_spi_130.o(.text.LCD_SPI_CloseTransfer)
    LCD_SPI_Transmit                         0x08102d39   Thumb Code   366  lcd_spi_130.o(.text.LCD_SPI_Transmit)
    LCD_SetAddress                           0x08102ea9   Thumb Code   316  lcd_spi_130.o(.text.LCD_SetAddress)
    LCD_SetAsciiFont                         0x08102fe9   Thumb Code    12  lcd_spi_130.o(.text.LCD_SetAsciiFont)
    LCD_SetColor                             0x08102ff9   Thumb Code    36  lcd_spi_130.o(.text.LCD_SetColor)
    LCD_SetTextFont                          0x08103021   Thumb Code    52  lcd_spi_130.o(.text.LCD_SetTextFont)
    MPU_Init                                 0x08103071   Thumb Code   542  mpu6050.o(.text.MPU_Init)
    MPU_Read_Fast                            0x08103291   Thumb Code    42  mpu6050.o(.text.MPU_Read_Fast)
    MPU_Write_Len                            0x081032c1   Thumb Code    46  mpu6050.o(.text.MPU_Write_Len)
    MX_TIM3_Init                             0x081032f1   Thumb Code   102  tim.o(.text.MX_TIM3_Init)
    MX_TIM5_Init                             0x08103359   Thumb Code   102  tim.o(.text.MX_TIM5_Init)
    MX_TIM8_Init                             0x081033c1   Thumb Code   428  tim.o(.text.MX_TIM8_Init)
    PID                                      0x08103571   Thumb Code   112  pid.o(.text.PID)
    PendSV_Handler                           0x081035f9   Thumb Code     2  stm32h7xx_it.o(.text.PendSV_Handler)
    SVC_Handler                              0x08103729   Thumb Code     2  stm32h7xx_it.o(.text.SVC_Handler)
    SystemClock_Config                       0x08103731   Thumb Code   316  main.o(.text.SystemClock_Config)
    SystemInit                               0x08103871   Thumb Code   204  system_stm32h7xx.o(.text.SystemInit)
    TIM1_CC_IRQHandler                       0x08103941   Thumb Code    12  stm32h7xx_it.o(.text.TIM1_CC_IRQHandler)
    TIM1_UP_IRQHandler                       0x08103951   Thumb Code    12  stm32h7xx_it.o(.text.TIM1_UP_IRQHandler)
    TIM_Base_SetConfig                       0x08103961   Thumb Code   360  stm32h7xx_hal_tim.o(.text.TIM_Base_SetConfig)
    _nop_                                    0x08103ac9   Thumb Code     2  main.o(.text._nop_)
    ctr_mode                                 0x08103ad1   Thumb Code   236  main.o(.text.ctr_mode)
    __0sprintf$8                             0x08103bbd   Thumb Code    34  printf8.o(i.__0sprintf$8)
    __1sprintf$8                             0x08103bbd   Thumb Code     0  printf8.o(i.__0sprintf$8)
    __2sprintf                               0x08103bbd   Thumb Code     0  printf8.o(i.__0sprintf$8)
    __ARM_fpclassify                         0x08103be5   Thumb Code    48  fpclassify.o(i.__ARM_fpclassify)
    __hardfp_sin                             0x08103c19   Thumb Code   158  sin.o(i.__hardfp_sin)
    __ieee754_rem_pio2                       0x08103cc9   Thumb Code   646  rred.o(i.__ieee754_rem_pio2)
    __kernel_cos                             0x08103fd1   Thumb Code   182  cos_i.o(i.__kernel_cos)
    __set_errno                              0x08104095   Thumb Code     6  errno.o(i.__set_errno)
    fabs                                     0x081044df   Thumb Code    24  fabs.o(i.fabs)
    ASCII_2010_Table                         0x08104550   Data        3800  lcd_fonts.o(.rodata.ASCII_2010_Table)
    ASCII_3216_Table                         0x08105428   Data        6080  lcd_fonts.o(.rodata.ASCII_3216_Table)
    D1CorePrescTable                         0x08106be8   Data          16  system_stm32h7xx.o(.rodata.D1CorePrescTable)
    AP                                       0x24000008   Data           8  dj.o(.data..L_MergedGlobals)
    AI                                       0x24000010   Data           8  dj.o(.data..L_MergedGlobals)
    AD                                       0x24000018   Data           8  dj.o(.data..L_MergedGlobals)
    uwTickFreq                               0x24000020   Data           1  stm32h7xx_hal.o(.data..L_MergedGlobals)
    uwTickPrio                               0x24000024   Data           4  stm32h7xx_hal.o(.data..L_MergedGlobals)
    SystemCoreClock                          0x24000028   Data           4  system_stm32h7xx.o(.data..L_MergedGlobals)
    SystemD2Clock                            0x2400002c   Data           4  system_stm32h7xx.o(.data..L_MergedGlobals)
    ASCII_Font12                             0x24000068   Data          12  lcd_fonts.o(.data.ASCII_Font12)
    ASCII_Font16                             0x24000074   Data          12  lcd_fonts.o(.data.ASCII_Font16)
    ASCII_Font20                             0x24000080   Data          12  lcd_fonts.o(.data.ASCII_Font20)
    ASCII_Font24                             0x2400008c   Data          12  lcd_fonts.o(.data.ASCII_Font24)
    ASCII_Font32                             0x24000098   Data          12  lcd_fonts.o(.data.ASCII_Font32)
    CH_Font24                                0x240000a4   Data          12  lcd_fonts.o(.data.CH_Font24)
    P_out                                    0x240000b0   Data           8  pid.o(.bss..L_MergedGlobals)
    D_out                                    0x240000b8   Data           8  pid.o(.bss..L_MergedGlobals)
    PID_out                                  0x240000c0   Data           8  pid.o(.bss..L_MergedGlobals)
    aimAng                                   0x240000c8   Data           1  main.o(.bss..L_MergedGlobals)
    aimA                                     0x240000c9   Data           1  main.o(.bss..L_MergedGlobals)
    azH                                      0x240000ca   Data           1  main.o(.bss..L_MergedGlobals)
    azL                                      0x240000cb   Data           1  main.o(.bss..L_MergedGlobals)
    NEC_Start                                0x240000cc   Data           1  main.o(.bss..L_MergedGlobals)
    NEC_Mode                                 0x240000cd   Data           1  main.o(.bss..L_MergedGlobals)
    NEC_Data_P                               0x240000ce   Data           1  main.o(.bss..L_MergedGlobals)
    az_i                                     0x240000d0   Data           2  main.o(.bss..L_MergedGlobals)
    CR1                                      0x240000d2   Data           2  main.o(.bss..L_MergedGlobals)
    CR2                                      0x240000d4   Data           2  main.o(.bss..L_MergedGlobals)
    time1                                    0x240000d6   Data           2  main.o(.bss..L_MergedGlobals)
    az                                       0x240000d8   Data           2  main.o(.bss..L_MergedGlobals)
    speed1                                   0x240000dc   Data           4  main.o(.bss..L_MergedGlobals)
    speed2                                   0x240000e0   Data           4  main.o(.bss..L_MergedGlobals)
    speed3                                   0x240000e4   Data           4  main.o(.bss..L_MergedGlobals)
    row                                      0x240000e8   Data           4  main.o(.bss..L_MergedGlobals)
    ctr_Flag                                 0x240000ec   Data           4  main.o(.bss..L_MergedGlobals)
    time2                                    0x240000f0   Data           4  main.o(.bss..L_MergedGlobals)
    NEC_Data                                 0x240000f4   Data           4  main.o(.bss..L_MergedGlobals)
    NEC_Last_Data                            0x240000f8   Data           4  main.o(.bss..L_MergedGlobals)
    nowAng                                   0x240000fc   Data           4  main.o(.bss..L_MergedGlobals)
    distance                                 0x24000100   Data           4  main.o(.bss..L_MergedGlobals)
    z_add                                    0x24000108   Data           8  main.o(.bss..L_MergedGlobals)
    az_j                                     0x24000110   Data           8  main.o(.bss..L_MergedGlobals)
    LCD                                      0x24000120   Data          16  lcd_spi_130.o(.bss..L_MergedGlobals)
    Mode_1                                   0x24000130   Data           1  dj.o(.bss..L_MergedGlobals.1)
    Mode_2                                   0x24000131   Data           1  dj.o(.bss..L_MergedGlobals.1)
    Mode_3                                   0x24000132   Data           1  dj.o(.bss..L_MergedGlobals.1)
    set_speed1                               0x24000134   Data           4  dj.o(.bss..L_MergedGlobals.1)
    set_speed2                               0x24000138   Data           4  dj.o(.bss..L_MergedGlobals.1)
    set_speed3                               0x2400013c   Data           4  dj.o(.bss..L_MergedGlobals.1)
    now_speed1                               0x24000140   Data           4  dj.o(.bss..L_MergedGlobals.1)
    now_speed2                               0x24000144   Data           4  dj.o(.bss..L_MergedGlobals.1)
    now_speed3                               0x24000148   Data           4  dj.o(.bss..L_MergedGlobals.1)
    last_speed1                              0x2400014c   Data           4  dj.o(.bss..L_MergedGlobals.1)
    last_speed2                              0x24000150   Data           4  dj.o(.bss..L_MergedGlobals.1)
    last_speed3                              0x24000154   Data           4  dj.o(.bss..L_MergedGlobals.1)
    I1                                       0x24000158   Data           8  dj.o(.bss..L_MergedGlobals.1)
    I2                                       0x24000160   Data           8  dj.o(.bss..L_MergedGlobals.1)
    I3                                       0x24000168   Data           8  dj.o(.bss..L_MergedGlobals.1)
    PWM1                                     0x24000170   Data           8  dj.o(.bss..L_MergedGlobals.1)
    PWM2                                     0x24000178   Data           8  dj.o(.bss..L_MergedGlobals.1)
    PWM3                                     0x24000180   Data           8  dj.o(.bss..L_MergedGlobals.1)
    Angle                                    0x24000188   Data         360  main.o(.bss.Angle)
    LCD_Buff                                 0x240002f0   Data        2048  lcd_spi_130.o(.bss.LCD_Buff)
    Time                                     0x24000af0   Data           2  hcsr04.o(.bss.Time)
    hi2c1                                    0x24000af4   Data          84  i2c.o(.bss.hi2c1)
    hspi4                                    0x24000b48   Data         136  lcd_spi_130.o(.bss.hspi4)
    htim1                                    0x24000bd0   Data          76  tim.o(.bss.htim1)
    htim12                                   0x24000c1c   Data          76  tim.o(.bss.htim12)
    htim15                                   0x24000c68   Data          76  tim.o(.bss.htim15)
    htim2                                    0x24000cb4   Data          76  tim.o(.bss.htim2)
    htim3                                    0x24000d00   Data          76  tim.o(.bss.htim3)
    htim4                                    0x24000d4c   Data          76  tim.o(.bss.htim4)
    htim5                                    0x24000d98   Data          76  tim.o(.bss.htim5)
    htim6                                    0x24000de4   Data          76  tim.o(.bss.htim6)
    htim8                                    0x24000e30   Data          76  tim.o(.bss.htim8)
    uwTick                                   0x24000e7c   Data           4  stm32h7xx_hal.o(.bss.uwTick)
    __initial_sp                             0x24001d80   Data           0  startup_stm32h743xx.o(STACK)



==============================================================================

Memory Map of the image

  Image Entry point : 0x08000299

  Load Region LR_IROM1 (Base: 0x08000000, Size: 0x00006cf0, Max: 0x00080000, ABSOLUTE)

    Execution Region ER_IROM1 (Exec base: 0x08000000, Load base: 0x08000000, Size: 0x00006c40, Max: 0x00080000, ABSOLUTE)

    Exec Addr    Load Addr    Size         Type   Attr      Idx    E Section Name        Object

    0x08000000   0x08000000   0x00000298   Data   RO            3    RESET               startup_stm32h743xx.o
    0x08000298   0x08000298   0x00000000   Code   RO         1895  * .ARM.Collect$$$$00000000  mc_w.l(entry.o)
    0x08000298   0x08000298   0x00000004   Code   RO         2216    .ARM.Collect$$$$00000001  mc_w.l(entry2.o)
    0x0800029c   0x0800029c   0x00000004   Code   RO         2219    .ARM.Collect$$$$00000004  mc_w.l(entry5.o)
    0x080002a0   0x080002a0   0x00000000   Code   RO         2221    .ARM.Collect$$$$00000008  mc_w.l(entry7b.o)
    0x080002a0   0x080002a0   0x00000000   Code   RO         2223    .ARM.Collect$$$$0000000A  mc_w.l(entry8b.o)
    0x080002a0   0x080002a0   0x00000008   Code   RO         2224    .ARM.Collect$$$$0000000B  mc_w.l(entry9a.o)
    0x080002a8   0x080002a8   0x00000000   Code   RO         2226    .ARM.Collect$$$$0000000D  mc_w.l(entry10a.o)
    0x080002a8   0x080002a8   0x00000000   Code   RO         2228    .ARM.Collect$$$$0000000F  mc_w.l(entry11a.o)
    0x080002a8   0x080002a8   0x00000004   Code   RO         2217    .ARM.Collect$$$$00002712  mc_w.l(entry2.o)
    0x080002ac   0x080002ac   0x00000024   Code   RO         1900    .text               mc_w.l(memseta.o)
    0x080002d0   0x080002d0   0x00000028   Code   RO         2165    .text               mf_w.l(dfltl.o)
    0x080002f8   0x080002f8   0x00000000   Code   RO         2255    .text               mc_w.l(iusefp.o)
    0x080002f8   0x080002f8   0x000000ba   Code   RO         2256    .text               mf_w.l(depilogue.o)
    0x080003b2   0x080003b2   0x00000002   PAD
    0x080003b4   0x080003b4   0x00000030   Code   RO         2268    .text               mc_w.l(init.o)
    0x080003e4   0x080003e4   0x00000004   PAD
    0x080003e8   0x080003e8   0x00000020   Code   RO           13    .text.DJ_Set_Mode   dj.o
    0x08000408   0x08000408   0x00000002   Code   RO          193    .text.DebugMon_Handler  stm32h7xx_it.o
    0x0800040a   0x0800040a   0x00000006   PAD
    0x08000410   0x08000410   0x00000006   Code   RO          199    .text.EXTI1_IRQHandler  stm32h7xx_it.o
    0x08000416   0x08000416   0x00000002   PAD
    0x08000418   0x08000418   0x0000000a   Code   RO           80    .text.Error_Handler  main.o
    0x08000422   0x08000422   0x00000006   PAD
    0x08000428   0x08000428   0x00000014   Code   RO          557    .text.HAL_GPIO_EXTI_IRQHandler  stm32h7xx_hal_gpio.o
    0x0800043c   0x0800043c   0x00000004   PAD
    0x08000440   0x08000440   0x0000000a   Code   RO          551    .text.HAL_GPIO_WritePin  stm32h7xx_hal_gpio.o
    0x0800044a   0x0800044a   0x00000006   PAD
    0x08000450   0x08000450   0x0000000e   Code   RO          865    .text.HAL_GetREVID  stm32h7xx_hal.o
    0x0800045e   0x0800045e   0x00000002   PAD
    0x08000460   0x08000460   0x0000000c   Code   RO          849    .text.HAL_GetTick   stm32h7xx_hal.o
    0x0800046c   0x0800046c   0x00000004   PAD
    0x08000470   0x08000470   0x0000004a   Code   RO         1097    .text.HAL_I2CEx_ConfigAnalogFilter  stm32h7xx_hal_i2c_ex.o
    0x080004ba   0x080004ba   0x00000006   PAD
    0x080004c0   0x080004c0   0x0000002e   Code   RO         1105    .text.HAL_I2CEx_EnableFastModePlus  stm32h7xx_hal_i2c_ex.o
    0x080004ee   0x080004ee   0x00000002   PAD
    0x080004f0   0x080004f0   0x000000ae   Code   RO          943    .text.HAL_I2C_Init  stm32h7xx_hal_i2c.o
    0x0800059e   0x0800059e   0x00000002   PAD
    0x080005a0   0x080005a0   0x00000234   Code   RO         1001    .text.HAL_I2C_Mem_Write  stm32h7xx_hal_i2c.o
    0x080007d4   0x080007d4   0x00000004   PAD
    0x080007d8   0x080007d8   0x00000086   Code   RO          123    .text.HAL_I2C_MspInit  i2c.o
    0x0800085e   0x0800085e   0x00000002   PAD
    0x08000860   0x08000860   0x00000064   Code   RO          837    .text.HAL_Init      stm32h7xx_hal.o
    0x080008c4   0x080008c4   0x00000004   PAD
    0x080008c8   0x080008c8   0x0000004c   Code   RO          839    .text.HAL_InitTick  stm32h7xx_hal.o
    0x08000914   0x08000914   0x00000004   PAD
    0x08000918   0x08000918   0x0000005e   Code   RO          350    .text.HAL_MPU_ConfigRegion  stm32h7xx_hal_cortex.o
    0x08000976   0x08000976   0x00000002   PAD
    0x08000978   0x08000978   0x00000022   Code   RO          332    .text.HAL_NVIC_EnableIRQ  stm32h7xx_hal_cortex.o
    0x0800099a   0x0800099a   0x00000006   PAD
    0x080009a0   0x080009a0   0x0000005a   Code   RO          330    .text.HAL_NVIC_SetPriority  stm32h7xx_hal_cortex.o
    0x080009fa   0x080009fa   0x00000006   PAD
    0x08000a00   0x08000a00   0x00000020   Code   RO          328    .text.HAL_NVIC_SetPriorityGrouping  stm32h7xx_hal_cortex.o
    0x08000a20   0x08000a20   0x00000268   Code   RO          384    .text.HAL_RCC_ClockConfig  stm32h7xx_hal_rcc.o
    0x08000c88   0x08000c88   0x00000118   Code   RO          386    .text.HAL_RCC_GetSysClockFreq  stm32h7xx_hal_rcc.o
    0x08000da0   0x08000da0   0x000001ba   Code   RO          226    .text.HAL_SPI_Init  stm32h7xx_hal_spi.o
    0x08000f5a   0x08000f5a   0x00000006   PAD
    0x08000f60   0x08000f60   0x000000c0   Code   RO         1518    .text.HAL_SPI_MspInit  lcd_spi_130.o
    0x08001020   0x08001020   0x00000298   Code   RO          234    .text.HAL_SPI_Transmit  stm32h7xx_hal_spi.o
    0x080012b8   0x080012b8   0x0000002e   Code   RO          340    .text.HAL_SYSTICK_Config  stm32h7xx_hal_cortex.o
    0x080012e6   0x080012e6   0x00000002   PAD
    0x080012e8   0x080012e8   0x00000002   Code   RO         1454    .text.HAL_TIMEx_BreakCallback  stm32h7xx_hal_tim_ex.o
    0x080012ea   0x080012ea   0x00000006   PAD
    0x080012f0   0x080012f0   0x000000a0   Code   RO         1440    .text.HAL_TIMEx_ConfigBreakDeadTime  stm32h7xx_hal_tim_ex.o
    0x08001390   0x08001390   0x000000ce   Code   RO         1438    .text.HAL_TIMEx_MasterConfigSynchronization  stm32h7xx_hal_tim_ex.o
    0x0800145e   0x0800145e   0x00000002   PAD
    0x08001460   0x08001460   0x00000060   Code   RO         1143    .text.HAL_TIM_Base_Init  stm32h7xx_hal_tim.o
    0x080014c0   0x080014c0   0x0000018c   Code   RO          156    .text.HAL_TIM_Base_MspInit  tim.o
    0x0800164c   0x0800164c   0x00000004   PAD
    0x08001650   0x08001650   0x00000210   Code   RO         1229    .text.HAL_TIM_IC_Start_IT  stm32h7xx_hal_tim.o
    0x08001860   0x08001860   0x0000016c   Code   RO         1277    .text.HAL_TIM_IRQHandler  stm32h7xx_hal_tim.o
    0x080019cc   0x080019cc   0x00000004   PAD
    0x080019d0   0x080019d0   0x00000002   Code   RO         1281    .text.HAL_TIM_OC_DelayElapsedCallback  stm32h7xx_hal_tim.o
    0x080019d2   0x080019d2   0x00000006   PAD
    0x080019d8   0x080019d8   0x00000060   Code   RO         1197    .text.HAL_TIM_PWM_Init  stm32h7xx_hal_tim.o
    0x08001a38   0x08001a38   0x00000002   Code   RO         1199    .text.HAL_TIM_PWM_MspInit  stm32h7xx_hal_tim.o
    0x08001a3a   0x08001a3a   0x00000006   PAD
    0x08001a40   0x08001a40   0x00000190   Code   RO         1205    .text.HAL_TIM_PWM_Start  stm32h7xx_hal_tim.o
    0x08001bd0   0x08001bd0   0x000004e0   Code   RO           82    .text.HAL_TIM_PeriodElapsedCallback  main.o
    0x080020b0   0x080020b0   0x00000034   Code   RO         1333    .text.HAL_TIM_ReadCapturedValue  stm32h7xx_hal_tim.o
    0x080020e4   0x080020e4   0x00000004   PAD
    0x080020e8   0x080020e8   0x00000002   Code   RO         1287    .text.HAL_TIM_TriggerCallback  stm32h7xx_hal_tim.o
    0x080020ea   0x080020ea   0x00000006   PAD
    0x080020f0   0x080020f0   0x00000160   Code   RO         1087    .text.I2C_IsErrorOccurred  stm32h7xx_hal_i2c.o
    0x08002250   0x08002250   0x000001ba   Code   RO         1552    .text.LCD_DisplayChar  lcd_spi_130.o
    0x0800240a   0x0800240a   0x00000006   PAD
    0x08002410   0x08002410   0x00000042   Code   RO         1550    .text.LCD_DrawPoint  lcd_spi_130.o
    0x08002452   0x08002452   0x00000006   PAD
    0x08002458   0x08002458   0x00000024   Code   RO         1534    .text.LCD_SetBackColor  lcd_spi_130.o
    0x0800247c   0x0800247c   0x00000004   PAD
    0x08002480   0x08002480   0x0000011a   Code   RO          111    .text.MX_GPIO_Init  gpio.o
    0x0800259a   0x0800259a   0x00000006   PAD
    0x080025a0   0x080025a0   0x0000006c   Code   RO          121    .text.MX_I2C1_Init  i2c.o
    0x0800260c   0x0800260c   0x00000004   PAD
    0x08002610   0x08002610   0x00000076   Code   RO          152    .text.MX_TIM12_Init  tim.o
    0x08002686   0x08002686   0x00000002   PAD
    0x08002688   0x08002688   0x00000072   Code   RO          154    .text.MX_TIM15_Init  tim.o
    0x080026fa   0x080026fa   0x00000006   PAD
    0x08002700   0x08002700   0x000000b6   Code   RO          136    .text.MX_TIM1_Init  tim.o
    0x080027b6   0x080027b6   0x00000002   PAD
    0x080027b8   0x080027b8   0x00000062   Code   RO          138    .text.MX_TIM2_Init  tim.o
    0x0800281a   0x0800281a   0x00000006   PAD
    0x08002820   0x08002820   0x00000134   Code   RO          142    .text.MX_TIM4_Init  tim.o
    0x08002954   0x08002954   0x00000004   PAD
    0x08002958   0x08002958   0x00000050   Code   RO          148    .text.MX_TIM6_Init  tim.o
    0x080029a8   0x080029a8   0x00000002   Code   RO          185    .text.MemManage_Handler  stm32h7xx_it.o
    0x080029aa   0x080029aa   0x00000006   PAD
    0x080029b0   0x080029b0   0x00000002   Code   RO          181    .text.NMI_Handler   stm32h7xx_it.o
    0x080029b2   0x080029b2   0x00000006   PAD
    0x080029b8   0x080029b8   0x00000122   Code   RO          420    .text.RCCEx_PLL3_Config  stm32h7xx_hal_rcc_ex.o
    0x08002ada   0x08002ada   0x00000006   PAD
    0x08002ae0   0x08002ae0   0x000000d0   Code   RO          236    .text.SPI_CloseTransfer  stm32h7xx_hal_spi.o
    0x08002bb0   0x08002bb0   0x0000091c   Code   RO         1530    .text.SPI_LCD_Init  lcd_spi_130.o
    0x080034cc   0x080034cc   0x00000004   PAD
    0x080034d0   0x080034d0   0x00000004   Code   RO          197    .text.SysTick_Handler  stm32h7xx_it.o
    0x080034d4   0x080034d4   0x00000004   PAD
    0x080034d8   0x080034d8   0x0000000c   Code   RO          201    .text.TIM1_BRK_IRQHandler  stm32h7xx_it.o
    0x080034e4   0x080034e4   0x00000004   PAD
    0x080034e8   0x080034e8   0x0000000c   Code   RO          205    .text.TIM1_TRG_COM_IRQHandler  stm32h7xx_it.o
    0x080034f4   0x080034f4   0x00000004   PAD
    0x080034f8   0x080034f8   0x0000001e   Code   RO          209    .text.TIM8_BRK_TIM12_IRQHandler  stm32h7xx_it.o
    0x08003516   0x08003516   0x00000002   PAD
    0x08003518   0x08003518   0x00000002   Code   RO          189    .text.UsageFault_Handler  stm32h7xx_it.o
    0x0800351a   0x0800351a   0x00000006   PAD
    0x08003520   0x08003520   0x00000034   Code   RO           27    .text.getSpeed      dj.o
    0x08003554   0x08003554   0x00000004   PAD
    0x08003558   0x08003558   0x00000360   Code   RO           76    .text.main          main.o
    0x080038b8   0x080038b8   0x00000148   Code   RO         1675    .text.mpu_reset_fifo  inv_mpu.o
    0x08003a00   0x08003a00   0x00000026   Code   RO           63    .text.servo_setAngle  servo.o
    0x08003a26   0x08003a26   0x00000002   PAD
    0x08003a28   0x08003a28   0x000000b0   Code   RO         1883    i.__hardfp_cos      m_wv.l(cos.o)
    0x08003ad8   0x08003ad8   0x00000070   Code   RO         2199    i.__kernel_poly     m_wv.l(poly.o)
    0x08003b48   0x08003b48   0x000000a0   Code   RO         2207    i.__kernel_sin      m_wv.l(sin_i.o)
    0x08003be8   0x08003be8   0x00000018   Code   RO         2180    i.__mathlib_dbl_invalid  m_wv.l(dunder.o)
    0x08003c00   0x08003c00   0x00000018   Code   RO         2183    i.__mathlib_dbl_underflow  m_wv.l(dunder.o)
    0x08003c18   0x08003c18   0x0000000e   Code   RO         2280    i.__scatterload_copy  mc_w.l(handlers.o)
    0x08003c26   0x08003c26   0x00000002   Code   RO         2281    i.__scatterload_null  mc_w.l(handlers.o)
    0x08003c28   0x08003c28   0x0000000e   Code   RO         2282    i.__scatterload_zeroinit  mc_w.l(handlers.o)
    0x08003c36   0x08003c36   0x0000002e   Code   RO         2120    i._printf_pre_padding  mc_w.l(printf8.o)
    0x08003c64   0x08003c64   0x00000004   PAD
    0x08003c68   0x08003c68   0x000000cc   Data   RO         2204    .constdata          m_wv.l(rred.o)
    0x08003d34   0x08003d34   0x00000474   Data   RO         1498    .rodata.ASCII_1206_Table  lcd_fonts.o
    0x080041a8   0x080041a8   0x000005f0   Data   RO         1497    .rodata.ASCII_1608_Table  lcd_fonts.o
    0x08004798   0x08004798   0x000011d0   Data   RO         1495    .rodata.ASCII_2412_Table  lcd_fonts.o
    0x08005968   0x08005968   0x00001248   Data   RO         1487    .rodata.Chinese_2424  lcd_fonts.o
    0x08006bb0   0x08006bb0   0x00000020   Data   RO         1363    .rodata.cst16       stm32h7xx_hal_tim.o
    0x08006bd0   0x08006bd0   0x0000000c   Data   RO         1738    .rodata.hw          inv_mpu.o
    0x08006bdc   0x08006bdc   0x0000001b   Data   RO         1737    .rodata.reg         inv_mpu.o
    0x08006bf7   0x08006bf7   0x00000001   PAD
    0x08006bf8   0x08006bf8   0x00000028   Data   RO         1739    .rodata.test        inv_mpu.o
    0x08006c20   0x08006c20   0x00000020   Data   RO         2279    Region$$Table       anon$$obj.o


    Execution Region RW_IRAM1 (Exec base: 0x20000000, Load base: 0x08006c40, Size: 0x00000000, Max: 0x00020000, ABSOLUTE)

    **** No section assigned to this execution region ****


    Execution Region RW_IRAM2 (Exec base: 0x24000000, Load base: 0x08006c40, Size: 0x00001d80, Max: 0x00080000, ABSOLUTE)

    Exec Addr    Load Addr    Size         Type   Attr      Idx    E Section Name        Object

    0x24000000   0x08006c40   0x00000004   Data   RW         2251    .data               mc_w.l(errno.o)
    0x24000004   0x08006c44   0x00000004   PAD
    0x24000008   0x08006c48   0x00000018   Data   RW           29    .data..L_MergedGlobals  dj.o
    0x24000020   0x08006c60   0x00000008   Data   RW          934    .data..L_MergedGlobals  stm32h7xx_hal.o
    0x24000028   0x08006c68   0x00000008   Data   RW         1475    .data..L_MergedGlobals  system_stm32h7xx.o
    0x24000030   0x08006c70   0x00000038   Data   RW         1742    .data..L_MergedGlobals  inv_mpu.o
    0x24000068   0x08006ca8   0x0000000c   Data   RW         1503    .data.ASCII_Font12  lcd_fonts.o
    0x24000074   0x08006cb4   0x0000000c   Data   RW         1502    .data.ASCII_Font16  lcd_fonts.o
    0x24000080   0x08006cc0   0x0000000c   Data   RW         1501    .data.ASCII_Font20  lcd_fonts.o
    0x2400008c   0x08006ccc   0x0000000c   Data   RW         1500    .data.ASCII_Font24  lcd_fonts.o
    0x24000098   0x08006cd8   0x0000000c   Data   RW         1499    .data.ASCII_Font32  lcd_fonts.o
    0x240000a4   0x08006ce4   0x0000000c   Data   RW         1492    .data.CH_Font24     lcd_fonts.o
    0x240000b0        -       0x00000018   Zero   RW           41    .bss..L_MergedGlobals  pid.o
    0x240000c8        -       0x00000050   Zero   RW          102    .bss..L_MergedGlobals  main.o
    0x24000118        -       0x00000018   Zero   RW         1596    .bss..L_MergedGlobals  lcd_spi_130.o
    0x24000130        -       0x00000058   Zero   RW           30    .bss..L_MergedGlobals.1  dj.o
    0x24000188        -       0x00000168   Zero   RW           90    .bss.Angle          main.o
    0x240002f0        -       0x00000800   Zero   RW         1595    .bss.LCD_Buff       lcd_spi_130.o
    0x24000af0        -       0x00000002   Zero   RW           55    .bss.Time           hcsr04.o
    0x24000af2   0x08006cf0   0x00000002   PAD
    0x24000af4        -       0x00000054   Zero   RW          127    .bss.hi2c1          i2c.o
    0x24000b48        -       0x00000088   Zero   RW         1594    .bss.hspi4          lcd_spi_130.o
    0x24000bd0        -       0x0000004c   Zero   RW          164    .bss.htim1          tim.o
    0x24000c1c        -       0x0000004c   Zero   RW          171    .bss.htim12         tim.o
    0x24000c68        -       0x0000004c   Zero   RW          172    .bss.htim15         tim.o
    0x24000cb4        -       0x0000004c   Zero   RW          165    .bss.htim2          tim.o
    0x24000d00        -       0x0000004c   Zero   RW          166    .bss.htim3          tim.o
    0x24000d4c        -       0x0000004c   Zero   RW          167    .bss.htim4          tim.o
    0x24000d98        -       0x0000004c   Zero   RW          168    .bss.htim5          tim.o
    0x24000de4        -       0x0000004c   Zero   RW          169    .bss.htim6          tim.o
    0x24000e30        -       0x0000004c   Zero   RW          170    .bss.htim8          tim.o
    0x24000e7c        -       0x00000004   Zero   RW          933    .bss.uwTick         stm32h7xx_hal.o
    0x24000e80        -       0x00000f00   Zero   RW            1    STACK               startup_stm32h743xx.o



  Load Region LR_IROM2 (Base: 0x08100000, Size: 0x00006bf8, Max: 0x00080000, ABSOLUTE)

    Execution Region ER_IROM2 (Exec base: 0x08100000, Load base: 0x08100000, Size: 0x00006bf8, Max: 0x00080000, ABSOLUTE)

    Exec Addr    Load Addr    Size         Type   Attr      Idx    E Section Name        Object

    0x08100000   0x08100000   0x00000024   Code   RO            4    .text               startup_stm32h743xx.o
    0x08100024   0x08100024   0x00000062   Code   RO         2246    .text               mc_w.l(uldiv.o)
    0x08100086   0x08100086   0x0000001e   Code   RO         2271    .text               mc_w.l(llshl.o)
    0x081000a4   0x081000a4   0x00000020   Code   RO         2273    .text               mc_w.l(llushr.o)
    0x081000c4   0x081000c4   0x00000004   PAD
    0x081000c8   0x081000c8   0x00000002   Code   RO          187    .text.BusFault_Handler  stm32h7xx_it.o
    0x081000ca   0x081000ca   0x00000006   PAD
    0x081000d0   0x081000d0   0x00000070   Code   RO           11    .text.DJ_All_Init   dj.o
    0x08100140   0x08100140   0x0000000e   Code   RO           25    .text.DJ_Set_Speed_All  dj.o
    0x0810014e   0x0810014e   0x00000002   PAD
    0x08100150   0x08100150   0x00000288   Code   RO           21    .text.DJ_Step       dj.o
    0x081003d8   0x081003d8   0x00000028   Code   RO          857    .text.HAL_Delay     stm32h7xx_hal.o
    0x08100400   0x08100400   0x00000054   Code   RO           72    .text.HAL_GPIO_EXTI_Callback  main.o
    0x08100454   0x08100454   0x00000004   PAD
    0x08100458   0x08100458   0x000001a2   Code   RO          545    .text.HAL_GPIO_Init  stm32h7xx_hal_gpio.o
    0x081005fa   0x081005fa   0x00000006   PAD
    0x08100600   0x08100600   0x0000000a   Code   RO          549    .text.HAL_GPIO_ReadPin  stm32h7xx_hal_gpio.o
    0x0810060a   0x0810060a   0x00000006   PAD
    0x08100610   0x08100610   0x00000048   Code   RO         1099    .text.HAL_I2CEx_ConfigDigitalFilter  stm32h7xx_hal_i2c_ex.o
    0x08100658   0x08100658   0x00000238   Code   RO         1003    .text.HAL_I2C_Mem_Read  stm32h7xx_hal_i2c.o
    0x08100890   0x08100890   0x0000001a   Code   RO          847    .text.HAL_IncTick   stm32h7xx_hal.o
    0x081008aa   0x081008aa   0x00000006   PAD
    0x081008b0   0x081008b0   0x0000001a   Code   RO          342    .text.HAL_MPU_Disable  stm32h7xx_hal_cortex.o
    0x081008ca   0x081008ca   0x00000006   PAD
    0x081008d0   0x081008d0   0x00000020   Code   RO          344    .text.HAL_MPU_Enable  stm32h7xx_hal_cortex.o
    0x081008f0   0x081008f0   0x00000020   Code   RO          218    .text.HAL_MspInit   stm32h7xx_hal_msp.o
    0x08100910   0x08100910   0x0000004c   Code   RO          749    .text.HAL_PWREx_ConfigSupply  stm32h7xx_hal_pwr_ex.o
    0x0810095c   0x0810095c   0x00000004   PAD
    0x08100960   0x08100960   0x00000b3c   Code   RO          416    .text.HAL_RCCEx_PeriphCLKConfig  stm32h7xx_hal_rcc_ex.o
    0x0810149c   0x0810149c   0x00000004   PAD
    0x081014a0   0x081014a0   0x0000056c   Code   RO          382    .text.HAL_RCC_OscConfig  stm32h7xx_hal_rcc.o
    0x08101a0c   0x08101a0c   0x00000004   PAD
    0x08101a10   0x08101a10   0x00000002   Code   RO         1456    .text.HAL_TIMEx_Break2Callback  stm32h7xx_hal_tim_ex.o
    0x08101a12   0x08101a12   0x00000006   PAD
    0x08101a18   0x08101a18   0x00000002   Code   RO         1450    .text.HAL_TIMEx_CommutCallback  stm32h7xx_hal_tim_ex.o
    0x08101a1a   0x08101a1a   0x00000006   PAD
    0x08101a20   0x08101a20   0x000000ac   Code   RO         1153    .text.HAL_TIM_Base_Start  stm32h7xx_hal_tim.o
    0x08101acc   0x08101acc   0x00000004   PAD
    0x08101ad0   0x08101ad0   0x000000b4   Code   RO         1157    .text.HAL_TIM_Base_Start_IT  stm32h7xx_hal_tim.o
    0x08101b84   0x08101b84   0x00000004   PAD
    0x08101b88   0x08101b88   0x00000034   Code   RO         1155    .text.HAL_TIM_Base_Stop  stm32h7xx_hal_tim.o
    0x08101bbc   0x08101bbc   0x00000004   PAD
    0x08101bc0   0x08101bc0   0x00000200   Code   RO         1323    .text.HAL_TIM_ConfigClockSource  stm32h7xx_hal_tim.o
    0x08101dc0   0x08101dc0   0x000000b8   Code   RO         1257    .text.HAL_TIM_Encoder_Init  stm32h7xx_hal_tim.o
    0x08101e78   0x08101e78   0x0000011c   Code   RO          158    .text.HAL_TIM_Encoder_MspInit  tim.o
    0x08101f94   0x08101f94   0x00000004   PAD
    0x08101f98   0x08101f98   0x000000bc   Code   RO         1265    .text.HAL_TIM_Encoder_Start  stm32h7xx_hal_tim.o
    0x08102054   0x08102054   0x00000004   PAD
    0x08102058   0x08102058   0x00000176   Code   RO           86    .text.HAL_TIM_IC_CaptureCallback  main.o
    0x081021ce   0x081021ce   0x00000002   PAD
    0x081021d0   0x081021d0   0x000001ce   Code   RO         1293    .text.HAL_TIM_IC_ConfigChannel  stm32h7xx_hal_tim.o
    0x0810239e   0x0810239e   0x00000002   PAD
    0x081023a0   0x081023a0   0x00000060   Code   RO         1217    .text.HAL_TIM_IC_Init  stm32h7xx_hal_tim.o
    0x08102400   0x08102400   0x00000002   Code   RO         1219    .text.HAL_TIM_IC_MspInit  stm32h7xx_hal_tim.o
    0x08102402   0x08102402   0x00000006   PAD
    0x08102408   0x08102408   0x000004b8   Code   RO         1297    .text.HAL_TIM_PWM_ConfigChannel  stm32h7xx_hal_tim.o
    0x081028c0   0x081028c0   0x00000002   Code   RO         1283    .text.HAL_TIM_PWM_PulseFinishedCallback  stm32h7xx_hal_tim.o
    0x081028c2   0x081028c2   0x00000006   PAD
    0x081028c8   0x081028c8   0x00000050   Code   RO           53    .text.HCSR04_GetValue  hcsr04.o
    0x08102918   0x08102918   0x0000000c   Code   RO           49    .text.HCSR04_Init   hcsr04.o
    0x08102924   0x08102924   0x00000004   PAD
    0x08102928   0x08102928   0x0000006e   Code   RO           51    .text.HCSR04_Start  hcsr04.o
    0x08102996   0x08102996   0x00000002   PAD
    0x08102998   0x08102998   0x00000002   Code   RO          183    .text.HardFault_Handler  stm32h7xx_it.o
    0x0810299a   0x0810299a   0x00000006   PAD
    0x081029a0   0x081029a0   0x000000e4   Code   RO          953    .text.I2C_WaitOnFlagUntilTimeout  stm32h7xx_hal_i2c.o
    0x08102a84   0x08102a84   0x00000004   PAD
    0x08102a88   0x08102a88   0x0000007c   Code   RO          957    .text.I2C_WaitOnSTOPFlagUntilTimeout  stm32h7xx_hal_i2c.o
    0x08102b04   0x08102b04   0x00000004   PAD
    0x08102b08   0x08102b08   0x00000098   Code   RO          955    .text.I2C_WaitOnTXISFlagUntilTimeout  stm32h7xx_hal_i2c.o
    0x08102ba0   0x08102ba0   0x0000005e   Code   RO         1538    .text.LCD_Clear     lcd_spi_130.o
    0x08102bfe   0x08102bfe   0x00000002   PAD
    0x08102c00   0x08102c00   0x00000064   Code   RO         1562    .text.LCD_DisplayNumber  lcd_spi_130.o
    0x08102c64   0x08102c64   0x00000004   PAD
    0x08102c68   0x08102c68   0x000000d0   Code   RO         1592    .text.LCD_SPI_CloseTransfer  lcd_spi_130.o
    0x08102d38   0x08102d38   0x0000016e   Code   RO         1546    .text.LCD_SPI_Transmit  lcd_spi_130.o
    0x08102ea6   0x08102ea6   0x00000002   PAD
    0x08102ea8   0x08102ea8   0x0000013c   Code   RO         1544    .text.LCD_SetAddress  lcd_spi_130.o
    0x08102fe4   0x08102fe4   0x00000004   PAD
    0x08102fe8   0x08102fe8   0x0000000c   Code   RO         1540    .text.LCD_SetAsciiFont  lcd_spi_130.o
    0x08102ff4   0x08102ff4   0x00000004   PAD
    0x08102ff8   0x08102ff8   0x00000024   Code   RO         1536    .text.LCD_SetColor  lcd_spi_130.o
    0x0810301c   0x0810301c   0x00000004   PAD
    0x08103020   0x08103020   0x0000004c   Code   RO         1556    .text.LCD_SetTextFont  lcd_spi_130.o
    0x0810306c   0x0810306c   0x00000004   PAD
    0x08103070   0x08103070   0x0000021e   Code   RO         1605    .text.MPU_Init      mpu6050.o
    0x0810328e   0x0810328e   0x00000002   PAD
    0x08103290   0x08103290   0x0000002a   Code   RO         1631    .text.MPU_Read_Fast  mpu6050.o
    0x081032ba   0x081032ba   0x00000006   PAD
    0x081032c0   0x081032c0   0x0000002e   Code   RO         1629    .text.MPU_Write_Len  mpu6050.o
    0x081032ee   0x081032ee   0x00000002   PAD
    0x081032f0   0x081032f0   0x00000066   Code   RO          140    .text.MX_TIM3_Init  tim.o
    0x08103356   0x08103356   0x00000002   PAD
    0x08103358   0x08103358   0x00000066   Code   RO          146    .text.MX_TIM5_Init  tim.o
    0x081033be   0x081033be   0x00000002   PAD
    0x081033c0   0x081033c0   0x000001ac   Code   RO          150    .text.MX_TIM8_Init  tim.o
    0x0810356c   0x0810356c   0x00000004   PAD
    0x08103570   0x08103570   0x00000088   Code   RO           39    .text.PID           pid.o
    0x081035f8   0x081035f8   0x00000002   Code   RO          195    .text.PendSV_Handler  stm32h7xx_it.o
    0x081035fa   0x081035fa   0x00000006   PAD
    0x08103600   0x08103600   0x00000122   Code   RO          418    .text.RCCEx_PLL2_Config  stm32h7xx_hal_rcc_ex.o
    0x08103722   0x08103722   0x00000006   PAD
    0x08103728   0x08103728   0x00000002   Code   RO          191    .text.SVC_Handler   stm32h7xx_it.o
    0x0810372a   0x0810372a   0x00000006   PAD
    0x08103730   0x08103730   0x0000013c   Code   RO           78    .text.SystemClock_Config  main.o
    0x0810386c   0x0810386c   0x00000004   PAD
    0x08103870   0x08103870   0x000000cc   Code   RO         1470    .text.SystemInit    system_stm32h7xx.o
    0x0810393c   0x0810393c   0x00000004   PAD
    0x08103940   0x08103940   0x0000000c   Code   RO          207    .text.TIM1_CC_IRQHandler  stm32h7xx_it.o
    0x0810394c   0x0810394c   0x00000004   PAD
    0x08103950   0x08103950   0x0000000c   Code   RO          203    .text.TIM1_UP_IRQHandler  stm32h7xx_it.o
    0x0810395c   0x0810395c   0x00000004   PAD
    0x08103960   0x08103960   0x00000168   Code   RO         1147    .text.TIM_Base_SetConfig  stm32h7xx_hal_tim.o
    0x08103ac8   0x08103ac8   0x00000002   Code   RO           88    .text._nop_         main.o
    0x08103aca   0x08103aca   0x00000006   PAD
    0x08103ad0   0x08103ad0   0x000000ec   Code   RO           84    .text.ctr_mode      main.o
    0x08103bbc   0x08103bbc   0x00000028   Code   RO         2113    i.__0sprintf$8      mc_w.l(printf8.o)
    0x08103be4   0x08103be4   0x00000030   Code   RO         2197    i.__ARM_fpclassify  m_wv.l(fpclassify.o)
    0x08103c14   0x08103c14   0x00000004   PAD
    0x08103c18   0x08103c18   0x000000b0   Code   RO         1889    i.__hardfp_sin      m_wv.l(sin.o)
    0x08103cc8   0x08103cc8   0x00000308   Code   RO         2202    i.__ieee754_rem_pio2  m_wv.l(rred.o)
    0x08103fd0   0x08103fd0   0x000000c4   Code   RO         2174    i.__kernel_cos      m_wv.l(cos_i.o)
    0x08104094   0x08104094   0x0000000c   Code   RO         2250    i.__set_errno       mc_w.l(errno.o)
    0x081040a0   0x081040a0   0x00000410   Code   RO         2118    i._printf_core      mc_w.l(printf8.o)
    0x081044b0   0x081044b0   0x00000024   Code   RO         2119    i._printf_post_padding  mc_w.l(printf8.o)
    0x081044d4   0x081044d4   0x0000000a   Code   RO         2122    i._sputc            mc_w.l(printf8.o)
    0x081044de   0x081044de   0x00000018   Code   RO         2193    i.fabs              m_wv.l(fabs.o)
    0x081044f6   0x081044f6   0x00000002   PAD
    0x081044f8   0x081044f8   0x00000030   Data   RO         2175    .constdata          m_wv.l(cos_i.o)
    0x08104528   0x08104528   0x00000028   Data   RO         2208    .constdata          m_wv.l(sin_i.o)
    0x08104550   0x08104550   0x00000ed8   Data   RO         1496    .rodata.ASCII_2010_Table  lcd_fonts.o
    0x08105428   0x08105428   0x000017c0   Data   RO         1494    .rodata.ASCII_3216_Table  lcd_fonts.o
    0x08106be8   0x08106be8   0x00000010   Data   RO         1474    .rodata.D1CorePrescTable  system_stm32h7xx.o


==============================================================================

Image component sizes


      Code (inc. data)   RO Data    RW Data    ZI Data      Debug   Object Name

       858         28          0         24         88       5345   dj.o
       282          0          0          0          0       6327   gpio.o
       202         16          0          0          2       4982   hcsr04.o
       242          0          0          0         84       8341   i2c.o
       328          0         79         56          0      32230   inv_mpu.o
         0          0      21780         72          0       1470   lcd_fonts.o
      4276         36          0          0       2208      39769   lcd_spi_130.o
      3134         46          0          0        440      20279   main.o
       630          0          0          0          0       8174   mpu6050.o
       136         24          0          0         24        819   pid.o
        38          0          0          0          0        522   servo.o
        36          8        664          0       3840        804   startup_stm32h743xx.o
       268          0          0          8          4      14973   stm32h7xx_hal.o
       354          0          0          0          0      12444   stm32h7xx_hal_cortex.o
       458          0          0          0          0       6943   stm32h7xx_hal_gpio.o
      2162          0          0          0          0      62682   stm32h7xx_hal_i2c.o
       192          0          0          0          0       7539   stm32h7xx_hal_i2c_ex.o
        32          0          0          0          0       2186   stm32h7xx_hal_msp.o
        76          0          0          0          0      10572   stm32h7xx_hal_pwr_ex.o
      2284         16          0          0          0      11669   stm32h7xx_hal_rcc.o
      3456        114          0          0          0      20028   stm32h7xx_hal_rcc_ex.o
      1314          0          0          0          0      23254   stm32h7xx_hal_spi.o
      4960         44         32          0          0      65395   stm32h7xx_hal_tim.o
       372          0          0          0          0      24949   stm32h7xx_hal_tim_ex.o
       104          0          0          0          0       5552   stm32h7xx_it.o
       204          0         16          8          0       5821   system_stm32h7xx.o
      2212          0          0          0        684      18066   tim.o

    ----------------------------------------------------------------------
     29016        340      22604        168       7376     421135   Object Totals
         0          0         32          0          0          0   (incl. Generated)
       406          8          1          0          2          0   (incl. Padding)

    ----------------------------------------------------------------------

      Code (inc. data)   RO Data    RW Data    ZI Data      Debug   Library Member Name

       176         18          0          0          0        156   cos.o
       196         14         48          0          0        176   cos_i.o
        48         28          0          0          0        232   dunder.o
        24          0          0          0          0        124   fabs.o
        48          0          0          0          0        124   fpclassify.o
       112          0          0          0          0        116   poly.o
       776        130        204          0          0        172   rred.o
       176         18          0          0          0        160   sin.o
       160         16         40          0          0        196   sin_i.o
         0          0          0          0          0          0   entry.o
         0          0          0          0          0          0   entry10a.o
         0          0          0          0          0          0   entry11a.o
         8          4          0          0          0          0   entry2.o
         4          0          0          0          0          0   entry5.o
         0          0          0          0          0          0   entry7b.o
         0          0          0          0          0          0   entry8b.o
         8          4          0          0          0          0   entry9a.o
        12          6          0          4          0         68   errno.o
        30          0          0          0          0          0   handlers.o
        48         10          0          0          0         68   init.o
         0          0          0          0          0          0   iusefp.o
        30          0          0          0          0         68   llshl.o
        32          0          0          0          0         68   llushr.o
        36          0          0          0          0        108   memseta.o
      1172         50          0          0          0        420   printf8.o
        98          0          0          0          0         92   uldiv.o
       186          0          0          0          0        176   depilogue.o
        40          0          0          0          0         80   dfltl.o

    ----------------------------------------------------------------------
      3440        302        292          8          0       2604   Library Totals
        20          4          0          4          0          0   (incl. Padding)

    ----------------------------------------------------------------------

      Code (inc. data)   RO Data    RW Data    ZI Data      Debug   Library Name

      1716        224        292          0          0       1456   m_wv.l
      1478         74          0          4          0        892   mc_w.l
       226          0          0          0          0        256   mf_w.l

    ----------------------------------------------------------------------
      3440        302        292          8          0       2604   Library Totals

    ----------------------------------------------------------------------

==============================================================================


      Code (inc. data)   RO Data    RW Data    ZI Data      Debug   

     32456        642      22896        176       7376     422043   Grand Totals
     32456        642      22896        176       7376     422043   ELF Image Totals
     32456        642      22896        176          0          0   ROM Totals

==============================================================================

    Total RO  Size (Code + RO Data)                55352 (  54.05kB)
    Total RW  Size (RW Data + ZI Data)              7552 (   7.38kB)
    Total ROM Size (Code + RO Data + RW Data)      55528 (  54.23kB)

==============================================================================

