Component: ARM Compiler 5.06 update 7 (build 960) Tool: armlink [4d3601]

==============================================================================

Section Cross References

    startup_stm32f407xx.o(RESET) refers to startup_stm32f407xx.o(STACK) for __initial_sp
    startup_stm32f407xx.o(RESET) refers to startup_stm32f407xx.o(.text) for Reset_Handler
    startup_stm32f407xx.o(RESET) refers to stm32f4xx_it.o(i.NMI_Handler) for NMI_Handler
    startup_stm32f407xx.o(RESET) refers to stm32f4xx_it.o(i.HardFault_Handler) for HardFault_Handler
    startup_stm32f407xx.o(RESET) refers to stm32f4xx_it.o(i.MemManage_Handler) for MemManage_Handler
    startup_stm32f407xx.o(RESET) refers to stm32f4xx_it.o(i.BusFault_Handler) for BusFault_Handler
    startup_stm32f407xx.o(RESET) refers to stm32f4xx_it.o(i.UsageFault_Handler) for UsageFault_Handler
    startup_stm32f407xx.o(RESET) refers to port.o(.emb_text) for SVC_Handler
    startup_stm32f407xx.o(RESET) refers to stm32f4xx_it.o(i.DebugMon_Handler) for DebugMon_Handler
    startup_stm32f407xx.o(RESET) refers to cmsis_os2.o(i.SysTick_Handler) for SysTick_Handler
    startup_stm32f407xx.o(RESET) refers to stm32f4xx_it.o(i.EXTI1_IRQHandler) for EXTI1_IRQHandler
    startup_stm32f407xx.o(RESET) refers to stm32f4xx_it.o(i.TIM1_TRG_COM_TIM11_IRQHandler) for TIM1_TRG_COM_TIM11_IRQHandler
    startup_stm32f407xx.o(RESET) refers to stm32f4xx_it.o(i.USART1_IRQHandler) for USART1_IRQHandler
    startup_stm32f407xx.o(RESET) refers to stm32f4xx_it.o(i.TIM8_UP_TIM13_IRQHandler) for TIM8_UP_TIM13_IRQHandler
    startup_stm32f407xx.o(RESET) refers to stm32f4xx_it.o(i.DMA2_Stream2_IRQHandler) for DMA2_Stream2_IRQHandler
    startup_stm32f407xx.o(.text) refers to system_stm32f4xx.o(i.SystemInit) for SystemInit
    startup_stm32f407xx.o(.text) refers to entry.o(.ARM.Collect$$$$00000000) for __main
    oled.o(i.OLED_Clear) refers to oled.o(i.OLED_WR_CMD) for OLED_WR_CMD
    oled.o(i.OLED_Clear) refers to oled.o(i.OLED_WR_DATA) for OLED_WR_DATA
    oled.o(i.OLED_Display_Off) refers to oled.o(i.OLED_WR_CMD) for OLED_WR_CMD
    oled.o(i.OLED_Display_On) refers to oled.o(i.OLED_WR_CMD) for OLED_WR_CMD
    oled.o(i.OLED_DrawBMP) refers to oled.o(i.OLED_Set_Pos) for OLED_Set_Pos
    oled.o(i.OLED_DrawBMP) refers to oled.o(i.OLED_WR_DATA) for OLED_WR_DATA
    oled.o(i.OLED_DrawBMP) refers to oled.o(.constdata) for BMP
    oled.o(i.OLED_Init) refers to stm32f4xx_hal.o(i.HAL_Delay) for HAL_Delay
    oled.o(i.OLED_Init) refers to oled.o(i.WriteCmd) for WriteCmd
    oled.o(i.OLED_On) refers to oled.o(i.OLED_WR_CMD) for OLED_WR_CMD
    oled.o(i.OLED_On) refers to oled.o(i.OLED_WR_DATA) for OLED_WR_DATA
    oled.o(i.OLED_Set_Pos) refers to oled.o(i.OLED_WR_CMD) for OLED_WR_CMD
    oled.o(i.OLED_ShowCHinese) refers to oled.o(i.OLED_Set_Pos) for OLED_Set_Pos
    oled.o(i.OLED_ShowCHinese) refers to oled.o(i.OLED_WR_DATA) for OLED_WR_DATA
    oled.o(i.OLED_ShowCHinese) refers to oled.o(.constdata) for Hzk
    oled.o(i.OLED_ShowChar) refers to oled.o(i.OLED_Set_Pos) for OLED_Set_Pos
    oled.o(i.OLED_ShowChar) refers to oled.o(i.OLED_WR_DATA) for OLED_WR_DATA
    oled.o(i.OLED_ShowChar) refers to oled.o(.constdata) for F8X16
    oled.o(i.OLED_ShowNum) refers to oled.o(i.oled_pow) for oled_pow
    oled.o(i.OLED_ShowNum) refers to oled.o(i.OLED_ShowChar) for OLED_ShowChar
    oled.o(i.OLED_ShowString) refers to oled.o(i.OLED_ShowChar) for OLED_ShowChar
    oled.o(i.OLED_WR_CMD) refers to stm32f4xx_hal_i2c.o(i.HAL_I2C_Mem_Write) for HAL_I2C_Mem_Write
    oled.o(i.OLED_WR_CMD) refers to i2c.o(.bss) for hi2c1
    oled.o(i.OLED_WR_DATA) refers to stm32f4xx_hal_i2c.o(i.HAL_I2C_Mem_Write) for HAL_I2C_Mem_Write
    oled.o(i.OLED_WR_DATA) refers to i2c.o(.bss) for hi2c1
    oled.o(i.WriteCmd) refers to stm32f4xx_hal_i2c.o(i.HAL_I2C_Mem_Write) for HAL_I2C_Mem_Write
    oled.o(i.WriteCmd) refers to oled.o(.data) for CMD_Data
    oled.o(i.WriteCmd) refers to i2c.o(.bss) for hi2c1
    main.o(i.HAL_GPIO_EXTI_Callback) refers to stm32f4xx_hal_gpio.o(i.HAL_GPIO_ReadPin) for HAL_GPIO_ReadPin
    main.o(i.HAL_GPIO_EXTI_Callback) refers to stm32f4xx_hal_tim.o(i.HAL_TIM_Base_Start) for HAL_TIM_Base_Start
    main.o(i.HAL_GPIO_EXTI_Callback) refers to stm32f4xx_hal_tim.o(i.HAL_TIM_Base_Stop) for HAL_TIM_Base_Stop
    main.o(i.HAL_GPIO_EXTI_Callback) refers to dflti.o(.text) for __aeabi_i2d
    main.o(i.HAL_GPIO_EXTI_Callback) refers to dmul.o(.text) for __aeabi_dmul
    main.o(i.HAL_GPIO_EXTI_Callback) refers to d2f.o(.text) for __aeabi_d2f
    main.o(i.HAL_GPIO_EXTI_Callback) refers to tim.o(.bss) for htim7
    main.o(i.HAL_GPIO_EXTI_Callback) refers to ut.o(.data) for time
    main.o(i.HAL_GPIO_EXTI_Callback) refers to ut.o(.bss) for distances
    main.o(i.HAL_TIM_PeriodElapsedCallback) refers to stm32f4xx_hal.o(i.HAL_IncTick) for HAL_IncTick
    main.o(i.HAL_UART_RxCpltCallback) refers to stm32f4xx_hal_uart.o(i.HAL_UART_Receive_DMA) for HAL_UART_Receive_DMA
[...]
    .data                                    0x20000030   Section        9  stm32f4xx_hal.o(.data)
    .data                                    0x2000003c   Section        4  system_stm32f4xx.o(.data)
    .data                                    0x20000040   Section       60  tasks.o(.data)
    pxDelayedTaskList                        0x20000044   Data           4  tasks.o(.data)
    pxOverflowDelayedTaskList                0x20000048   Data           4  tasks.o(.data)
    uxDeletedTasksWaitingCleanUp             0x2000004c   Data           4  tasks.o(.data)
    uxCurrentNumberOfTasks                   0x20000050   Data           4  tasks.o(.data)
    xTickCount                               0x20000054   Data           4  tasks.o(.data)
    uxTopReadyPriority                       0x20000058   Data           4  tasks.o(.data)
    xSchedulerRunning                        0x2000005c   Data           4  tasks.o(.data)
    xPendedTicks                             0x20000060   Data           4  tasks.o(.data)
    xYieldPending                            0x20000064   Data           4  tasks.o(.data)
    xNumOfOverflows                          0x20000068   Data           4  tasks.o(.data)
    uxTaskNumber                             0x2000006c   Data           4  tasks.o(.data)
    xNextTaskUnblockTime                     0x20000070   Data           4  tasks.o(.data)
    xIdleTaskHandle                          0x20000074   Data           4  tasks.o(.data)
    uxSchedulerSuspended                     0x20000078   Data           4  tasks.o(.data)
    .data                                    0x2000007c   Section       20  timers.o(.data)
    pxCurrentTimerList                       0x2000007c   Data           4  timers.o(.data)
    pxOverflowTimerList                      0x20000080   Data           4  timers.o(.data)
    xTimerQueue                              0x20000084   Data           4  timers.o(.data)
    xTimerTaskHandle                         0x20000088   Data           4  timers.o(.data)
    xLastTime                                0x2000008c   Data           4  timers.o(.data)
    .data                                    0x20000090   Section        4  cmsis_os2.o(.data)
    KernelState                              0x20000090   Data           4  cmsis_os2.o(.data)
    .data                                    0x20000094   Section       32  heap_4.o(.data)
    xStart                                   0x20000094   Data           8  heap_4.o(.data)
    pxEnd                                    0x2000009c   Data           4  heap_4.o(.data)
    xFreeBytesRemaining                      0x200000a0   Data           4  heap_4.o(.data)
    xMinimumEverFreeBytesRemaining           0x200000a4   Data           4  heap_4.o(.data)
    xNumberOfSuccessfulAllocations           0x200000a8   Data           4  heap_4.o(.data)
    xNumberOfSuccessfulFrees                 0x200000ac   Data           4  heap_4.o(.data)
    xBlockAllocatedBit                       0x200000b0   Data           4  heap_4.o(.data)
    .data                                    0x200000b4   Section       12  port.o(.data)
    uxCriticalNesting                        0x200000b4   Data           4  port.o(.data)
    ucMaxSysCallPriority                     0x200000b8   Data           1  port.o(.data)
    ulMaxPRIGROUPValue                       0x200000bc   Data           4  port.o(.data)
    .data                                    0x200000c0   Section      112  motor.o(.data)
    .data                                    0x20000130   Section       17  ut.o(.data)
    .data                                    0x20000144   Section        4  errno.o(.data)
    _errno                                   0x20000144   Data           4  errno.o(.data)
    .bss                                     0x20000148   Section        9  main.o(.bss)
    .bss                                     0x20000154   Section      168  i2c.o(.bss)
    .bss                                     0x200001fc   Section      576  tim.o(.bss)
    .bss                                     0x2000043c   Section      164  usart.o(.bss)
    .bss                                     0x200004e0   Section       72  stm32f4xx_hal_timebase_tim.o(.bss)
    .bss                                     0x20000528   Section       64  queue.o(.bss)
    .bss                                     0x20000568   Section     1220  tasks.o(.bss)
    pxReadyTasksLists                        0x20000568   Data        1120  tasks.o(.bss)
    xDelayedTaskList1                        0x200009c8   Data          20  tasks.o(.bss)
    xDelayedTaskList2                        0x200009dc   Data          20  tasks.o(.bss)
    xPendingReadyList                        0x200009f0   Data          20  tasks.o(.bss)
    xTasksWaitingTermination                 0x20000a04   Data          20  tasks.o(.bss)
    xSuspendedTaskList                       0x20000a18   Data          20  tasks.o(.bss)
    .bss                                     0x20000a2c   Section      280  timers.o(.bss)
    xActiveTimerList1                        0x20000a2c   Data          20  timers.o(.bss)
    xActiveTimerList2                        0x20000a40   Data          20  timers.o(.bss)
    xStaticTimerQueue                        0x20000a54   Data          80  timers.o(.bss)
    ucStaticTimerQueueStorage                0x20000aa4   Data         160  timers.o(.bss)
    .bss                                     0x20000b44   Section     1720  cmsis_os2.o(.bss)
    Idle_TCB                                 0x20000b44   Data          92  cmsis_os2.o(.bss)
    Idle_Stack                               0x20000ba0   Data         512  cmsis_os2.o(.bss)
    Timer_TCB                                0x20000da0   Data          92  cmsis_os2.o(.bss)
    Timer_Stack                              0x20000dfc   Data        1024  cmsis_os2.o(.bss)
    .bss                                     0x200011fc   Section    15360  heap_4.o(.bss)
    ucHeap                                   0x200011fc   Data       15360  heap_4.o(.bss)
    .bss                                     0x20004dfc   Section      216  motor.o(.bss)
    .bss                                     0x20004ed4   Section      164  ut.o(.bss)
    STACK                                    0x20004f78   Section     1024  startup_stm32f407xx.o(STACK)

    Global Symbols

    Symbol Name                              Value     Ov Type        Size  Object(Section)

    BuildAttributes$$THM_ISAv4$E$P$D$K$B$S$7EM$VFPi3$EXTD16$VFPS$VFMA$PE$A:L22UL41UL21$X:L11$S22US41US21$IEEE1$IW$USESV6$~STKCKD$USESV7$~SHL$OTIME$ROPI$IEEEX$EBA8$MICROLIB$REQ8$PRES8$EABIv2 0x00000000   Number         0  anon$$obj.o ABSOLUTE
    __ARM_use_no_argv                        0x00000000   Number         0  main.o ABSOLUTE
    _printf_a                                0x00000000   Number         0  stubs.o ABSOLUTE
    _printf_c                                0x00000000   Number         0  stubs.o ABSOLUTE
    _printf_charcount                        0x00000000   Number         0  stubs.o ABSOLUTE
    _printf_d                                0x00000000   Number         0  stubs.o ABSOLUTE
    _printf_e                                0x00000000   Number         0  stubs.o ABSOLUTE
    _printf_f                                0x00000000   Number         0  stubs.o ABSOLUTE
    _printf_flags                            0x00000000   Number         0  stubs.o ABSOLUTE
    _printf_fp_dec                           0x00000000   Number         0  stubs.o ABSOLUTE
    _printf_fp_hex                           0x00000000   Number         0  stubs.o ABSOLUTE
    _printf_g                                0x00000000   Number         0  stubs.o ABSOLUTE
    _printf_i                                0x00000000   Number         0  stubs.o ABSOLUTE
    _printf_int_dec                          0x00000000   Number         0  stubs.o ABSOLUTE
    _printf_l                                0x00000000   Number         0  stubs.o ABSOLUTE
    _printf_lc                               0x00000000   Number         0  stubs.o ABSOLUTE
    _printf_ll                               0x00000000   Number         0  stubs.o ABSOLUTE
    _printf_lld                              0x00000000   Number         0  stubs.o ABSOLUTE
    _printf_lli                              0x00000000   Number         0  stubs.o ABSOLUTE
    _printf_llo                              0x00000000   Number         0  stubs.o ABSOLUTE
    _printf_llu                              0x00000000   Number         0  stubs.o ABSOLUTE
    _printf_llx                              0x00000000   Number         0  stubs.o ABSOLUTE
    _printf_longlong_dec                     0x00000000   Number         0  stubs.o ABSOLUTE
    _printf_longlong_hex                     0x00000000   Number         0  stubs.o ABSOLUTE
    _printf_longlong_oct                     0x00000000   Number         0  stubs.o ABSOLUTE
    _printf_ls                               0x00000000   Number         0  stubs.o ABSOLUTE
    _printf_mbtowc                           0x00000000   Number         0  stubs.o ABSOLUTE
    _printf_n                                0x00000000   Number         0  stubs.o ABSOLUTE
    _printf_o                                0x00000000   Number         0  stubs.o ABSOLUTE
    _printf_p                                0x00000000   Number         0  stubs.o ABSOLUTE
    _printf_percent                          0x00000000   Number         0  stubs.o ABSOLUTE
    _printf_pre_padding                      0x00000000   Number         0  stubs.o ABSOLUTE
    _printf_return_value                     0x00000000   Number         0  stubs.o ABSOLUTE
    _printf_s                                0x00000000   Number         0  stubs.o ABSOLUTE
    _printf_sizespec                         0x00000000   Number         0  stubs.o ABSOLUTE
    _printf_str                              0x00000000   Number         0  stubs.o ABSOLUTE
    _printf_truncate_signed                  0x00000000   Number         0  stubs.o ABSOLUTE
    _printf_truncate_unsigned                0x00000000   Number         0  stubs.o ABSOLUTE
    _printf_u                                0x00000000   Number         0  stubs.o ABSOLUTE
    _printf_wc                               0x00000000   Number         0  stubs.o ABSOLUTE
    _printf_wctomb                           0x00000000   Number         0  stubs.o ABSOLUTE
    _printf_widthprec                        0x00000000   Number         0  stubs.o ABSOLUTE
    _printf_x                                0x00000000   Number         0  stubs.o ABSOLUTE
    __arm_fini_                               - Undefined Weak Reference
    __cpp_initialize__aeabi_                  - Undefined Weak Reference
    __cxa_finalize                            - Undefined Weak Reference
    _clock_init                               - Undefined Weak Reference
    _microlib_exit                            - Undefined Weak Reference
    __Vectors_Size                           0x00000188   Number         0  startup_stm32f407xx.o ABSOLUTE
    __Vectors                                0x08000000   Data           4  startup_stm32f407xx.o(RESET)
    __Vectors_End                            0x08000188   Data           0  startup_stm32f407xx.o(RESET)
    __main                                   0x08000189   Thumb Code     0  entry.o(.ARM.Collect$$$$00000000)
    _main_stk                                0x08000189   Thumb Code     0  entry2.o(.ARM.Collect$$$$00000001)
    _main_scatterload                        0x0800018d   Thumb Code     0  entry5.o(.ARM.Collect$$$$00000004)
    __main_after_scatterload                 0x08000191   Thumb Code     0  entry5.o(.ARM.Collect$$$$00000004)
    _main_clock                              0x08000191   Thumb Code     0  entry7b.o(.ARM.Collect$$$$00000008)
    _main_cpp_init                           0x08000191   Thumb Code     0  entry8b.o(.ARM.Collect$$$$0000000A)
    _main_init                               0x08000191   Thumb Code     0  entry9a.o(.ARM.Collect$$$$0000000B)
    __rt_lib_shutdown_fini                   0x08000199   Thumb Code     0  entry12b.o(.ARM.Collect$$$$0000000E)
    __rt_final_cpp                           0x0800019d   Thumb Code     0  entry10a.o(.ARM.Collect$$$$0000000F)
    __rt_final_exit                          0x0800019d   Thumb Code     0  entry11a.o(.ARM.Collect$$$$00000011)
    SVC_Handler                              0x080001a1   Thumb Code    28  port.o(.emb_text)
    __asm___6_port_c_39a90d8d__prvStartFirstTask 0x080001c1   Thumb Code    36  port.o(.emb_text)
    __asm___6_port_c_39a90d8d__prvEnableVFP  0x080001e9   Thumb Code    16  port.o(.emb_text)
    PendSV_Handler                           0x080001fd   Thumb Code    88  port.o(.emb_text)
    vPortGetIPSR                             0x08000259   Thumb Code     6  port.o(.emb_text)
    Reset_Handler                            0x08000261   Thumb Code     8  startup_stm32f407xx.o(.text)
    ADC_IRQHandler                           0x0800027b   Thumb Code     0  startup_stm32f407xx.o(.text)
    CAN1_RX0_IRQHandler                      0x0800027b   Thumb Code     0  startup_stm32f407xx.o(.text)
    CAN1_RX1_IRQHandler                      0x0800027b   Thumb Code     0  startup_stm32f407xx.o(.text)
    CAN1_SCE_IRQHandler                      0x0800027b   Thumb Code     0  startup_stm32f407xx.o(.text)
    CAN1_TX_IRQHandler                       0x0800027b   Thumb Code     0  startup_stm32f407xx.o(.text)
    CAN2_RX0_IRQHandler                      0x0800027b   Thumb Code     0  startup_stm32f407xx.o(.text)
    CAN2_RX1_IRQHandler                      0x0800027b   Thumb Code     0  startup_stm32f407xx.o(.text)
    CAN2_SCE_IRQHandler                      0x0800027b   Thumb Code     0  startup_stm32f407xx.o(.text)
    CAN2_TX_IRQHandler                       0x0800027b   Thumb Code     0  startup_stm32f407xx.o(.text)
    DCMI_IRQHandler                          0x0800027b   Thumb Code     0  startup_stm32f407xx.o(.text)
    DMA1_Stream0_IRQHandler                  0x0800027b   Thumb Code     0  startup_stm32f407xx.o(.text)
    DMA1_Stream1_IRQHandler                  0x0800027b   Thumb Code     0  startup_stm32f407xx.o(.text)
    DMA1_Stream2_IRQHandler                  0x0800027b   Thumb Code     0  startup_stm32f407xx.o(.text)
    DMA1_Stream3_IRQHandler                  0x0800027b   Thumb Code     0  startup_stm32f407xx.o(.text)
    DMA1_Stream4_IRQHandler                  0x0800027b   Thumb Code     0  startup_stm32f407xx.o(.text)
    DMA1_Stream5_IRQHandler                  0x0800027b   Thumb Code     0  startup_stm32f407xx.o(.text)
    DMA1_Stream6_IRQHandler                  0x0800027b   Thumb Code     0  startup_stm32f407xx.o(.text)
    DMA1_Stream7_IRQHandler                  0x0800027b   Thumb Code     0  startup_stm32f407xx.o(.text)
    DMA2_Stream0_IRQHandler                  0x0800027b   Thumb Code     0  startup_stm32f407xx.o(.text)
    DMA2_Stream1_IRQHandler                  0x0800027b   Thumb Code     0  startup_stm32f407xx.o(.text)
    DMA2_Stream3_IRQHandler                  0x0800027b   Thumb Code     0  startup_stm32f407xx.o(.text)
    DMA2_Stream4_IRQHandler                  0x0800027b   Thumb Code     0  startup_stm32f407xx.o(.text)
    DMA2_Stream5_IRQHandler                  0x0800027b   Thumb Code     0  startup_stm32f407xx.o(.text)
    DMA2_Stream6_IRQHandler                  0x0800027b   Thumb Code     0  startup_stm32f407xx.o(.text)
    DMA2_Stream7_IRQHandler                  0x0800027b   Thumb Code     0  startup_stm32f407xx.o(.text)
    ETH_IRQHandler                           0x0800027b   Thumb Code     0  startup_stm32f407xx.o(.text)
    ETH_WKUP_IRQHandler                      0x0800027b   Thumb Code     0  startup_stm32f407xx.o(.text)
    EXTI0_IRQHandler                         0x0800027b   Thumb Code     0  startup_stm32f407xx.o(.text)
    EXTI15_10_IRQHandler                     0x0800027b   Thumb Code     0  startup_stm32f407xx.o(.text)
    EXTI2_IRQHandler                         0x0800027b   Thumb Code     0  startup_stm32f407xx.o(.text)
    EXTI3_IRQHandler                         0x0800027b   Thumb Code     0  startup_stm32f407xx.o(.text)
    EXTI4_IRQHandler                         0x0800027b   Thumb Code     0  startup_stm32f407xx.o(.text)
    EXTI9_5_IRQHandler                       0x0800027b   Thumb Code     0  startup_stm32f407xx.o(.text)
    FLASH_IRQHandler                         0x0800027b   Thumb Code     0  startup_stm32f407xx.o(.text)
    FMC_IRQHandler                           0x0800027b   Thumb Code     0  startup_stm32f407xx.o(.text)
    FPU_IRQHandler                           0x0800027b   Thumb Code     0  startup_stm32f407xx.o(.text)
    HASH_RNG_IRQHandler                      0x0800027b   Thumb Code     0  startup_stm32f407xx.o(.text)
    I2C1_ER_IRQHandler                       0x0800027b   Thumb Code     0  startup_stm32f407xx.o(.text)
    I2C1_EV_IRQHandler                       0x0800027b   Thumb Code     0  startup_stm32f407xx.o(.text)
    I2C2_ER_IRQHandler                       0x0800027b   Thumb Code     0  startup_stm32f407xx.o(.text)
    I2C2_EV_IRQHandler                       0x0800027b   Thumb Code     0  startup_stm32f407xx.o(.text)
    I2C3_ER_IRQHandler                       0x0800027b   Thumb Code     0  startup_stm32f407xx.o(.text)
    I2C3_EV_IRQHandler                       0x0800027b   Thumb Code     0  startup_stm32f407xx.o(.text)
    OTG_FS_IRQHandler                        0x0800027b   Thumb Code     0  startup_stm32f407xx.o(.text)
    OTG_FS_WKUP_IRQHandler                   0x0800027b   Thumb Code     0  startup_stm32f407xx.o(.text)
    OTG_HS_EP1_IN_IRQHandler                 0x0800027b   Thumb Code     0  startup_stm32f407xx.o(.text)
    OTG_HS_EP1_OUT_IRQHandler                0x0800027b   Thumb Code     0  startup_stm32f407xx.o(.text)
    OTG_HS_IRQHandler                        0x0800027b   Thumb Code     0  startup_stm32f407xx.o(.text)
    OTG_HS_WKUP_IRQHandler                   0x0800027b   Thumb Code     0  startup_stm32f407xx.o(.text)
    PVD_IRQHandler                           0x0800027b   Thumb Code     0  startup_stm32f407xx.o(.text)
    RCC_IRQHandler                           0x0800027b   Thumb Code     0  startup_stm32f407xx.o(.text)
    RTC_Alarm_IRQHandler                     0x0800027b   Thumb Code     0  startup_stm32f407xx.o(.text)
    RTC_WKUP_IRQHandler                      0x0800027b   Thumb Code     0  startup_stm32f407xx.o(.text)
    SDIO_IRQHandler                          0x0800027b   Thumb Code     0  startup_stm32f407xx.o(.text)
    SPI1_IRQHandler                          0x0800027b   Thumb Code     0  startup_stm32f407xx.o(.text)
    SPI2_IRQHandler                          0x0800027b   Thumb Code     0  startup_stm32f407xx.o(.text)
    SPI3_IRQHandler                          0x0800027b   Thumb Code     0  startup_stm32f407xx.o(.text)
    TAMP_STAMP_IRQHandler                    0x0800027b   Thumb Code     0  startup_stm32f407xx.o(.text)
    TIM1_BRK_TIM9_IRQHandler                 0x0800027b   Thumb Code     0  startup_stm32f407xx.o(.text)
    TIM1_CC_IRQHandler                       0x0800027b   Thumb Code     0  startup_stm32f407xx.o(.text)
    TIM1_UP_TIM10_IRQHandler                 0x0800027b   Thumb Code     0  startup_stm32f407xx.o(.text)
    TIM2_IRQHandler                          0x0800027b   Thumb Code     0  startup_stm32f407xx.o(.text)
    TIM3_IRQHandler                          0x0800027b   Thumb Code     0  startup_stm32f407xx.o(.text)
    TIM4_IRQHandler                          0x0800027b   Thumb Code     0  startup_stm32f407xx.o(.text)
    TIM5_IRQHandler                          0x0800027b   Thumb Code     0  startup_stm32f407xx.o(.text)
    TIM6_DAC_IRQHandler                      0x0800027b   Thumb Code     0  startup_stm32f407xx.o(.text)
    TIM7_IRQHandler                          0x0800027b   Thumb Code     0  startup_stm32f407xx.o(.text)
    TIM8_BRK_TIM12_IRQHandler                0x0800027b   Thumb Code     0  startup_stm32f407xx.o(.text)
    TIM8_CC_IRQHandler                       0x0800027b   Thumb Code     0  startup_stm32f407xx.o(.text)
    TIM8_TRG_COM_TIM14_IRQHandler            0x0800027b   Thumb Code     0  startup_stm32f407xx.o(.text)
    UART4_IRQHandler                         0x0800027b   Thumb Code     0  startup_stm32f407xx.o(.text)
    UART5_IRQHandler                         0x0800027b   Thumb Code     0  startup_stm32f407xx.o(.text)
    USART2_IRQHandler                        0x0800027b   Thumb Code     0  startup_stm32f407xx.o(.text)
    USART3_IRQHandler                        0x0800027b   Thumb Code     0  startup_stm32f407xx.o(.text)
    USART6_IRQHandler                        0x0800027b   Thumb Code     0  startup_stm32f407xx.o(.text)
    WWDG_IRQHandler                          0x0800027b   Thumb Code     0  startup_stm32f407xx.o(.text)
    __aeabi_uldivmod                         0x08000285   Thumb Code    98  uldiv.o(.text)
    __aeabi_memcpy                           0x080002e7   Thumb Code    36  memcpya.o(.text)
    __aeabi_memcpy4                          0x080002e7   Thumb Code     0  memcpya.o(.text)
    __aeabi_memcpy8                          0x080002e7   Thumb Code     0  memcpya.o(.text)
    __aeabi_memset                           0x0800030b   Thumb Code    14  memseta.o(.text)
    __aeabi_memset4                          0x0800030b   Thumb Code     0  memseta.o(.text)
    __aeabi_memset8                          0x0800030b   Thumb Code     0  memseta.o(.text)
    __aeabi_memclr                           0x08000319   Thumb Code     4  memseta.o(.text)
    __aeabi_memclr4                          0x08000319   Thumb Code     0  memseta.o(.text)
    __aeabi_memclr8                          0x08000319   Thumb Code     0  memseta.o(.text)
    memset                                   0x0800031d   Thumb Code    18  memseta.o(.text)
    __aeabi_dadd                             0x0800032f   Thumb Code   322  dadd.o(.text)
    __aeabi_dsub                             0x08000471   Thumb Code     6  dadd.o(.text)
    __aeabi_drsub                            0x08000477   Thumb Code     6  dadd.o(.text)
    __aeabi_dmul                             0x0800047d   Thumb Code   228  dmul.o(.text)
    __aeabi_ddiv                             0x08000561   Thumb Code   222  ddiv.o(.text)
    __aeabi_i2d                              0x0800063f   Thumb Code    34  dflti.o(.text)
    __aeabi_ui2d                             0x08000661   Thumb Code    26  dfltui.o(.text)
    __aeabi_d2uiz                            0x0800067b   Thumb Code    50  dfixui.o(.text)
    __aeabi_f2d                              0x080006ad   Thumb Code    38  f2d.o(.text)
    __aeabi_d2f                              0x080006d3   Thumb Code    56  d2f.o(.text)
    __aeabi_llsl                             0x0800070b   Thumb Code    30  llshl.o(.text)
    _ll_shift_l                              0x0800070b   Thumb Code     0  llshl.o(.text)
    __aeabi_llsr                             0x08000729   Thumb Code    32  llushr.o(.text)
    _ll_ushift_r                             0x08000729   Thumb Code     0  llushr.o(.text)
    __aeabi_lasr                             0x08000749   Thumb Code    36  llsshr.o(.text)
    _ll_sshift_r                             0x08000749   Thumb Code     0  llsshr.o(.text)
    __I$use$fp                               0x0800076d   Thumb Code     0  iusefp.o(.text)
    _float_round                             0x0800076d   Thumb Code    18  fepilogue.o(.text)
    _float_epilogue                          0x0800077f   Thumb Code    92  fepilogue.o(.text)
    _double_round                            0x080007db   Thumb Code    30  depilogue.o(.text)
    _double_epilogue                         0x080007f9   Thumb Code   156  depilogue.o(.text)
    __scatterload                            0x08000895   Thumb Code    28  init.o(.text)
    __scatterload_rt2                        0x08000895   Thumb Code     0  init.o(.text)
    __aeabi_d2iz                             0x080008b9   Thumb Code    62  dfixi.o(.text)
    __decompress                             0x080008f7   Thumb Code     0  __dczerorl2.o(.text)
    __decompress1                            0x080008f7   Thumb Code    86  __dczerorl2.o(.text)
    Angle_Speed                              0x0800094d   Thumb Code   216  motor.o(i.Angle_Speed)
    BusFault_Handler                         0x08000a39   Thumb Code     4  stm32f4xx_it.o(i.BusFault_Handler)
    Buzz_Start                               0x08000a3d   Thumb Code    32  ut.o(i.Buzz_Start)
    DMA2_Stream2_IRQHandler                  0x08000a61   Thumb Code    10  stm32f4xx_it.o(i.DMA2_Stream2_IRQHandler)
    DebugMon_Handler                         0x08000b7b   Thumb Code     2  stm32f4xx_it.o(i.DebugMon_Handler)
    EXTI1_IRQHandler                         0x08000b7d   Thumb Code    10  stm32f4xx_it.o(i.EXTI1_IRQHandler)
    Error_Handler                            0x08000b87   Thumb Code     6  main.o(i.Error_Handler)
    HAL_DMA_Abort                            0x08000b8d   Thumb Code   172  stm32f4xx_hal_dma.o(i.HAL_DMA_Abort)
    HAL_DMA_Abort_IT                         0x08000c39   Thumb Code    40  stm32f4xx_hal_dma.o(i.HAL_DMA_Abort_IT)
    HAL_DMA_IRQHandler                       0x08000c61   Thumb Code   570  stm32f4xx_hal_dma.o(i.HAL_DMA_IRQHandler)
    HAL_DMA_Init                             0x08000ea1   Thumb Code   232  stm32f4xx_hal_dma.o(i.HAL_DMA_Init)
    HAL_DMA_Start_IT                         0x08000f8d   Thumb Code   146  stm32f4xx_hal_dma.o(i.HAL_DMA_Start_IT)
    HAL_Delay                                0x08001021   Thumb Code    36  stm32f4xx_hal.o(i.HAL_Delay)
    HAL_GPIO_EXTI_Callback                   0x08001049   Thumb Code   152  main.o(i.HAL_GPIO_EXTI_Callback)
    HAL_GPIO_EXTI_IRQHandler                 0x08001109   Thumb Code    24  stm32f4xx_hal_gpio.o(i.HAL_GPIO_EXTI_IRQHandler)
    HAL_GPIO_Init                            0x08001125   Thumb Code   454  stm32f4xx_hal_gpio.o(i.HAL_GPIO_Init)
    HAL_GPIO_ReadPin                         0x08001319   Thumb Code    16  stm32f4xx_hal_gpio.o(i.HAL_GPIO_ReadPin)
    HAL_GPIO_TogglePin                       0x08001329   Thumb Code    20  stm32f4xx_hal_gpio.o(i.HAL_GPIO_TogglePin)
    HAL_GPIO_WritePin                        0x0800133d   Thumb Code    12  stm32f4xx_hal_gpio.o(i.HAL_GPIO_WritePin)
    HAL_GetTick                              0x08001349   Thumb Code     6  stm32f4xx_hal.o(i.HAL_GetTick)
    HAL_I2C_Init                             0x08001355   Thumb Code   446  stm32f4xx_hal_i2c.o(i.HAL_I2C_Init)
    HAL_I2C_Mem_Write                        0x08001525   Thumb Code   348  stm32f4xx_hal_i2c.o(i.HAL_I2C_Mem_Write)
    HAL_I2C_MspInit                          0x08001689   Thumb Code   228  i2c.o(i.HAL_I2C_MspInit)
    HAL_IncTick                              0x0800177d   Thumb Code    16  stm32f4xx_hal.o(i.HAL_IncTick)
    HAL_Init                                 0x08001795   Thumb Code    54  stm32f4xx_hal.o(i.HAL_Init)
    HAL_InitTick                             0x080017d1   Thumb Code   140  stm32f4xx_hal_timebase_tim.o(i.HAL_InitTick)
    HAL_MspInit                              0x08001871   Thumb Code    78  stm32f4xx_hal_msp.o(i.HAL_MspInit)
    HAL_NVIC_EnableIRQ                       0x080018c5   Thumb Code    32  stm32f4xx_hal_cortex.o(i.HAL_NVIC_EnableIRQ)
    HAL_NVIC_SetPriority                     0x080018e5   Thumb Code   124  stm32f4xx_hal_cortex.o(i.HAL_NVIC_SetPriority)
    HAL_NVIC_SetPriorityGrouping             0x08001961   Thumb Code    32  stm32f4xx_hal_cortex.o(i.HAL_NVIC_SetPriorityGrouping)
    HAL_RCC_ClockConfig                      0x08001989   Thumb Code   368  stm32f4xx_hal_rcc.o(i.HAL_RCC_ClockConfig)
    HAL_RCC_GetClockConfig                   0x08001b0d   Thumb Code    58  stm32f4xx_hal_rcc.o(i.HAL_RCC_GetClockConfig)
    HAL_RCC_GetHCLKFreq                      0x08001b51   Thumb Code     6  stm32f4xx_hal_rcc.o(i.HAL_RCC_GetHCLKFreq)
    HAL_RCC_GetPCLK1Freq                     0x08001b5d   Thumb Code    22  stm32f4xx_hal_rcc.o(i.HAL_RCC_GetPCLK1Freq)
    HAL_RCC_GetPCLK2Freq                     0x08001b7d   Thumb Code    22  stm32f4xx_hal_rcc.o(i.HAL_RCC_GetPCLK2Freq)
    HAL_RCC_GetSysClockFreq                  0x08001b9d   Thumb Code   162  stm32f4xx_hal_rcc.o(i.HAL_RCC_GetSysClockFreq)
    HAL_RCC_OscConfig                        0x08001c4d   Thumb Code  1172  stm32f4xx_hal_rcc.o(i.HAL_RCC_OscConfig)
    HAL_TIMEx_BreakCallback                  0x080020e9   Thumb Code     2  stm32f4xx_hal_tim_ex.o(i.HAL_TIMEx_BreakCallback)
    HAL_TIMEx_CommutCallback                 0x080020eb   Thumb Code     2  stm32f4xx_hal_tim_ex.o(i.HAL_TIMEx_CommutCallback)
    HAL_TIMEx_MasterConfigSynchronization    0x080020ed   Thumb Code   150  stm32f4xx_hal_tim_ex.o(i.HAL_TIMEx_MasterConfigSynchronization)
    HAL_TIM_Base_Init                        0x080021a1   Thumb Code   102  stm32f4xx_hal_tim.o(i.HAL_TIM_Base_Init)
    HAL_TIM_Base_MspInit                     0x08002209   Thumb Code   232  tim.o(i.HAL_TIM_Base_MspInit)
    HAL_TIM_Base_Start                       0x08002309   Thumb Code   126  stm32f4xx_hal_tim.o(i.HAL_TIM_Base_Start)
    HAL_TIM_Base_Start_IT                    0x080023a5   Thumb Code   138  stm32f4xx_hal_tim.o(i.HAL_TIM_Base_Start_IT)
    HAL_TIM_Base_Stop                        0x0800244d   Thumb Code    50  stm32f4xx_hal_tim.o(i.HAL_TIM_Base_Stop)
    HAL_TIM_ConfigClockSource                0x0800247f   Thumb Code   268  stm32f4xx_hal_tim.o(i.HAL_TIM_ConfigClockSource)
    HAL_TIM_Encoder_Init                     0x0800258b   Thumb Code   200  stm32f4xx_hal_tim.o(i.HAL_TIM_Encoder_Init)
    HAL_TIM_Encoder_MspInit                  0x08002655   Thumb Code   360  tim.o(i.HAL_TIM_Encoder_MspInit)
    HAL_TIM_Encoder_Start                    0x080027d1   Thumb Code   204  stm32f4xx_hal_tim.o(i.HAL_TIM_Encoder_Start)
    HAL_TIM_IC_CaptureCallback               0x0800289d   Thumb Code     2  stm32f4xx_hal_tim.o(i.HAL_TIM_IC_CaptureCallback)
    HAL_TIM_IRQHandler                       0x0800289f   Thumb Code   406  stm32f4xx_hal_tim.o(i.HAL_TIM_IRQHandler)
    HAL_TIM_MspPostInit                      0x08002a35   Thumb Code   154  tim.o(i.HAL_TIM_MspPostInit)
    HAL_TIM_OC_DelayElapsedCallback          0x08002ae5   Thumb Code     2  stm32f4xx_hal_tim.o(i.HAL_TIM_OC_DelayElapsedCallback)
    HAL_TIM_PWM_ConfigChannel                0x08002ae7   Thumb Code   260  stm32f4xx_hal_tim.o(i.HAL_TIM_PWM_ConfigChannel)
    HAL_TIM_PWM_Init                         0x08002beb   Thumb Code   102  stm32f4xx_hal_tim.o(i.HAL_TIM_PWM_Init)
    HAL_TIM_PWM_MspInit                      0x08002c51   Thumb Code     2  stm32f4xx_hal_tim.o(i.HAL_TIM_PWM_MspInit)
    HAL_TIM_PWM_PulseFinishedCallback        0x08002c53   Thumb Code     2  stm32f4xx_hal_tim.o(i.HAL_TIM_PWM_PulseFinishedCallback)
    HAL_TIM_PWM_Start                        0x08002c55   Thumb Code   238  stm32f4xx_hal_tim.o(i.HAL_TIM_PWM_Start)
    HAL_TIM_PeriodElapsedCallback            0x08002d61   Thumb Code    18  main.o(i.HAL_TIM_PeriodElapsedCallback)
    HAL_TIM_TriggerCallback                  0x08002d79   Thumb Code     2  stm32f4xx_hal_tim.o(i.HAL_TIM_TriggerCallback)
    HAL_UARTEx_RxEventCallback               0x08002d7b   Thumb Code     2  stm32f4xx_hal_uart.o(i.HAL_UARTEx_RxEventCallback)
    HAL_UART_ErrorCallback                   0x08002d7d   Thumb Code     2  stm32f4xx_hal_uart.o(i.HAL_UART_ErrorCallback)
    HAL_UART_IRQHandler                      0x08002d81   Thumb Code   732  stm32f4xx_hal_uart.o(i.HAL_UART_IRQHandler)
    HAL_UART_Init                            0x08003061   Thumb Code   114  stm32f4xx_hal_uart.o(i.HAL_UART_Init)
    HAL_UART_MspInit                         0x080030d5   Thumb Code   204  usart.o(i.HAL_UART_MspInit)
    HAL_UART_Receive_DMA                     0x080031b5   Thumb Code    66  stm32f4xx_hal_uart.o(i.HAL_UART_Receive_DMA)
    HAL_UART_RxCpltCallback                  0x080031f9   Thumb Code   322  main.o(i.HAL_UART_RxCpltCallback)
    HAL_UART_RxHalfCpltCallback              0x08003371   Thumb Code     2  stm32f4xx_hal_uart.o(i.HAL_UART_RxHalfCpltCallback)
    HAL_UART_TxCpltCallback                  0x08003373   Thumb Code     2  stm32f4xx_hal_uart.o(i.HAL_UART_TxCpltCallback)
    HardFault_Handler                        0x08003375   Thumb Code     4  stm32f4xx_it.o(i.HardFault_Handler)
    MX_DMA_Init                              0x0800369d   Thumb Code    52  dma.o(i.MX_DMA_Init)
    MX_FREERTOS_Init                         0x080036d5   Thumb Code    60  freertos.o(i.MX_FREERTOS_Init)
    MX_GPIO_Init                             0x08003741   Thumb Code   340  gpio.o(i.MX_GPIO_Init)
    MX_I2C1_Init                             0x080038a5   Thumb Code    48  i2c.o(i.MX_I2C1_Init)
    MX_I2C2_Init                             0x080038e1   Thumb Code    48  i2c.o(i.MX_I2C2_Init)
    MX_TIM10_Init                            0x0800391d   Thumb Code   102  tim.o(i.MX_TIM10_Init)
    MX_TIM1_Init                             0x0800398d   Thumb Code   122  tim.o(i.MX_TIM1_Init)
    MX_TIM2_Init                             0x08003a11   Thumb Code   120  tim.o(i.MX_TIM2_Init)
    MX_TIM3_Init                             0x08003a8d   Thumb Code   120  tim.o(i.MX_TIM3_Init)
    MX_TIM4_Init                             0x08003b0d   Thumb Code   186  tim.o(i.MX_TIM4_Init)
    MX_TIM6_Init                             0x08003bd1   Thumb Code    66  tim.o(i.MX_TIM6_Init)
    MX_TIM7_Init                             0x08003c1d   Thumb Code    66  tim.o(i.MX_TIM7_Init)
    MX_TIM8_Init                             0x08003c69   Thumb Code   102  tim.o(i.MX_TIM8_Init)
    MX_USART1_UART_Init                      0x08003cd9   Thumb Code    46  usart.o(i.MX_USART1_UART_Init)
    MemManage_Handler                        0x08003d11   Thumb Code     4  stm32f4xx_it.o(i.MemManage_Handler)
    Motor_Counter                            0x08003d15   Thumb Code   474  motor.o(i.Motor_Counter)
    Motor_Init                               0x08003f0d   Thumb Code   116  motor.o(i.Motor_Init)
    Mpu6050                                  0x08003fb5   Thumb Code    70  mpu6050.o(i.Mpu6050)
    NMI_Handler                              0x0800401d   Thumb Code     4  stm32f4xx_it.o(i.NMI_Handler)
    OLED_Clear                               0x08004021   Thumb Code    56  oled.o(i.OLED_Clear)
    OLED_Init                                0x08004059   Thumb Code    14  oled.o(i.OLED_Init)
    OLED_Set_Pos                             0x08004067   Thumb Code    36  oled.o(i.OLED_Set_Pos)
    OLED_ShowChar                            0x0800408d   Thumb Code   148  oled.o(i.OLED_ShowChar)
    OLED_ShowString                          0x08004129   Thumb Code    58  oled.o(i.OLED_ShowString)
    OLED_WR_CMD                              0x08004165   Thumb Code    34  oled.o(i.OLED_WR_CMD)
    OLED_WR_DATA                             0x0800418d   Thumb Code    34  oled.o(i.OLED_WR_DATA)
    PID_calc                                 0x080041b5   Thumb Code   492  pid.o(i.PID_calc)
    PID_init                                 0x080043a5   Thumb Code    92  pid.o(i.PID_init)
    PID_rela                                 0x08004405   Thumb Code    22  pid.o(i.PID_rela)
    Pid_task                                 0x0800441d   Thumb Code    48  motor.o(i.Pid_task)
    Rotate_Counter                           0x08004459   Thumb Code   224  motor.o(i.Rotate_Counter)
    Servo_Init                               0x08004575   Thumb Code    20  ut.o(i.Servo_Init)
    Servo_Set                                0x0800458d   Thumb Code   190  ut.o(i.Servo_Set)
    Speed_Counter                            0x0800466d   Thumb Code   574  motor.o(i.Speed_Counter)
    StartDefaultTask                         0x08004921   Thumb Code    32  freertos.o(i.StartDefaultTask)
    SysTick_Handler                          0x08004945   Thumb Code    22  cmsis_os2.o(i.SysTick_Handler)
    SystemClock_Config                       0x0800495d   Thumb Code   174  main.o(i.SystemClock_Config)
    SystemInit                               0x08004a15   Thumb Code    14  system_stm32f4xx.o(i.SystemInit)
    TIM1_TRG_COM_TIM11_IRQHandler            0x08004a29   Thumb Code    16  stm32f4xx_it.o(i.TIM1_TRG_COM_TIM11_IRQHandler)
    TIM8_UP_TIM13_IRQHandler                 0x08004a41   Thumb Code    10  stm32f4xx_it.o(i.TIM8_UP_TIM13_IRQHandler)
    TIM_Base_SetConfig                       0x08004a51   Thumb Code   170  stm32f4xx_hal_tim.o(i.TIM_Base_SetConfig)
    TIM_CCxChannelCmd                        0x08004b29   Thumb Code    34  stm32f4xx_hal_tim.o(i.TIM_CCxChannelCmd)
    TIM_ETR_SetConfig                        0x08004b4b   Thumb Code    22  stm32f4xx_hal_tim.o(i.TIM_ETR_SetConfig)
    TIM_OC2_SetConfig                        0x08004be5   Thumb Code   114  stm32f4xx_hal_tim.o(i.TIM_OC2_SetConfig)
    UART_Start_Receive_DMA                   0x08005285   Thumb Code   196  stm32f4xx_hal_uart.o(i.UART_Start_Receive_DMA)
    USART1_IRQHandler                        0x080053b5   Thumb Code    10  stm32f4xx_it.o(i.USART1_IRQHandler)
    UT_Task                                  0x080053c5   Thumb Code    34  ut.o(i.UT_Task)
    UT_Test                                  0x080053ed   Thumb Code   204  ut.o(i.UT_Test)
    UsageFault_Handler                       0x080054e5   Thumb Code     4  stm32f4xx_it.o(i.UsageFault_Handler)
    WriteCmd                                 0x080054e9   Thumb Code    46  oled.o(i.WriteCmd)
    __ARM_fpclassify                         0x08005521   Thumb Code    48  fpclassify.o(i.__ARM_fpclassify)
    __hardfp_cos                             0x08005591   Thumb Code   180  cos.o(i.__hardfp_cos)
    __hardfp_sin                             0x08005659   Thumb Code   180  sin.o(i.__hardfp_sin)
    __ieee754_rem_pio2                       0x08005721   Thumb Code   938  rred.o(i.__ieee754_rem_pio2)
    __kernel_cos                             0x08005b59   Thumb Code   322  cos_i.o(i.__kernel_cos)
    __kernel_poly                            0x08005cc9   Thumb Code   248  poly.o(i.__kernel_poly)
    __kernel_sin                             0x08005dc1   Thumb Code   280  sin_i.o(i.__kernel_sin)
    __mathlib_dbl_infnan                     0x08005ef1   Thumb Code    20  dunder.o(i.__mathlib_dbl_infnan)
    __mathlib_dbl_invalid                    0x08005f09   Thumb Code    24  dunder.o(i.__mathlib_dbl_invalid)
    __mathlib_dbl_underflow                  0x08005f29   Thumb Code    24  dunder.o(i.__mathlib_dbl_underflow)
    __scatterload_copy                       0x08005f49   Thumb Code    14  handlers.o(i.__scatterload_copy)
    __scatterload_null                       0x08005f57   Thumb Code     2  handlers.o(i.__scatterload_null)
    __scatterload_zeroinit                   0x08005f59   Thumb Code    14  handlers.o(i.__scatterload_zeroinit)
    __set_errno                              0x08005f69   Thumb Code     6  errno.o(i.__set_errno)
    delay_ms                                 0x08005f75   Thumb Code    26  tim.o(i.delay_ms)
    delay_us                                 0x08005f91   Thumb Code    52  tim.o(i.delay_us)
    fabs                                     0x08005fc9   Thumb Code    24  fabs.o(i.fabs)
    main                                     0x08005fe1   Thumb Code   148  main.o(i.main)
    osKernelInitialize                       0x080060a5   Thumb Code    38  cmsis_os2.o(i.osKernelInitialize)
    osKernelStart                            0x080060d1   Thumb Code    82  cmsis_os2.o(i.osKernelStart)
    osThreadNew                              0x08006131   Thumb Code   184  cmsis_os2.o(i.osThreadNew)
    pvPortMalloc                             0x08006c0d   Thumb Code   306  heap_4.o(i.pvPortMalloc)
    pxPortInitialiseStack                    0x08006d59   Thumb Code    38  port.o(i.pxPortInitialiseStack)
    trigger_start                            0x08006d85   Thumb Code    30  ut.o(i.trigger_start)
    uxListRemove                             0x08006da9   Thumb Code    40  list.o(i.uxListRemove)
    vApplicationGetIdleTaskMemory            0x08006dd1   Thumb Code    14  cmsis_os2.o(i.vApplicationGetIdleTaskMemory)
    vApplicationGetTimerTaskMemory           0x08006de9   Thumb Code    16  cmsis_os2.o(i.vApplicationGetTimerTaskMemory)
    vListInitialise                          0x08006e01   Thumb Code    26  list.o(i.vListInitialise)
    vListInitialiseItem                      0x08006e1b   Thumb Code     6  list.o(i.vListInitialiseItem)
    vListInsert                              0x08006e21   Thumb Code    52  list.o(i.vListInsert)
    vListInsertEnd                           0x08006e55   Thumb Code    24  list.o(i.vListInsertEnd)
    vPortEnterCritical                       0x08006e6d   Thumb Code    76  port.o(i.vPortEnterCritical)
    vPortExitCritical                        0x08006ec1   Thumb Code    56  port.o(i.vPortExitCritical)
    vPortFree                                0x08006efd   Thumb Code   150  heap_4.o(i.vPortFree)
    vPortSetupTimerInterrupt                 0x08006fa1   Thumb Code    36  port.o(i.vPortSetupTimerInterrupt)
    vPortValidateInterruptPriority           0x08006fc9   Thumb Code   106  port.o(i.vPortValidateInterruptPriority)
    vQueueAddToRegistry                      0x08007041   Thumb Code    38  queue.o(i.vQueueAddToRegistry)
    vQueueWaitForMessageRestricted           0x0800706d   Thumb Code    74  queue.o(i.vQueueWaitForMessageRestricted)
    vTaskDelay                               0x080070b9   Thumb Code    82  tasks.o(i.vTaskDelay)
    vTaskDelayUntil                          0x08007115   Thumb Code   200  tasks.o(i.vTaskDelayUntil)
    vTaskInternalSetTimeOutState             0x080071e9   Thumb Code    14  tasks.o(i.vTaskInternalSetTimeOutState)
    vTaskMissedYield                         0x08007201   Thumb Code     8  tasks.o(i.vTaskMissedYield)
    vTaskPlaceOnEventList                    0x0800720d   Thumb Code    52  tasks.o(i.vTaskPlaceOnEventList)
    vTaskPlaceOnEventListRestricted          0x08007245   Thumb Code    60  tasks.o(i.vTaskPlaceOnEventListRestricted)
    vTaskStartScheduler                      0x08007285   Thumb Code   156  tasks.o(i.vTaskStartScheduler)
    vTaskSuspendAll                          0x0800733d   Thumb Code    12  tasks.o(i.vTaskSuspendAll)
    vTaskSwitchContext                       0x0800734d   Thumb Code   122  tasks.o(i.vTaskSwitchContext)
    xPortStartScheduler                      0x080073dd   Thumb Code   330  port.o(i.xPortStartScheduler)
    xPortSysTickHandler                      0x08007545   Thumb Code    46  port.o(i.xPortSysTickHandler)
    xQueueGenericCreateStatic                0x08007579   Thumb Code   224  queue.o(i.xQueueGenericCreateStatic)
    xQueueGenericReset                       0x08007659   Thumb Code   146  queue.o(i.xQueueGenericReset)
    xQueueGenericSend                        0x080076f1   Thumb Code   420  queue.o(i.xQueueGenericSend)
    xQueueGenericSendFromISR                 0x08007899   Thumb Code   252  queue.o(i.xQueueGenericSendFromISR)
    xQueueReceive                            0x08007995   Thumb Code   356  queue.o(i.xQueueReceive)
    xTaskCheckForTimeOut                     0x08007afd   Thumb Code   132  tasks.o(i.xTaskCheckForTimeOut)
    xTaskCreate                              0x08007b89   Thumb Code   100  tasks.o(i.xTaskCreate)
    xTaskCreateStatic                        0x08007bed   Thumb Code   186  tasks.o(i.xTaskCreateStatic)
    xTaskGetSchedulerState                   0x08007ca9   Thumb Code    24  tasks.o(i.xTaskGetSchedulerState)
    xTaskGetTickCount                        0x08007cc9   Thumb Code     6  tasks.o(i.xTaskGetTickCount)
    xTaskIncrementTick                       0x08007cd5   Thumb Code   280  tasks.o(i.xTaskIncrementTick)
    xTaskPriorityDisinherit                  0x08007e19   Thumb Code   152  tasks.o(i.xTaskPriorityDisinherit)
    xTaskRemoveFromEventList                 0x08007ebd   Thumb Code   126  tasks.o(i.xTaskRemoveFromEventList)
    xTaskResumeAll                           0x08007f55   Thumb Code   222  tasks.o(i.xTaskResumeAll)
    xTimerCreateTimerTask                    0x08008059   Thumb Code   100  timers.o(i.xTimerCreateTimerTask)
    xTimerGenericCommand                     0x080080d1   Thumb Code   128  timers.o(i.xTimerGenericCommand)
    F6x8                                     0x08008154   Data         552  oled.o(.constdata)
    F8X16                                    0x0800837c   Data        1504  oled.o(.constdata)
    Hzk                                      0x0800895c   Data         128  oled.o(.constdata)
    BMP                                      0x080089dc   Data        1024  oled.o(.constdata)
    defaultTask_attributes                   0x08008ddc   Data          36  freertos.o(.constdata)
    PIDTask02_attributes                     0x08008e00   Data          36  freertos.o(.constdata)
    UTTask_attributes                        0x08008e24   Data          36  freertos.o(.constdata)
    mpu6050_attributes                       0x08008e48   Data          36  freertos.o(.constdata)
    AHBPrescTable                            0x08008e74   Data          16  system_stm32f4xx.o(.constdata)
    APBPrescTable                            0x08008e84   Data           8  system_stm32f4xx.o(.constdata)
    Region$$Table$$Base                      0x08008fd8   Number         0  anon$$obj.o(Region$$Table)
    Region$$Table$$Limit                     0x08008ff8   Number         0  anon$$obj.o(Region$$Table)
    CMD_Data                                 0x20000000   Data          27  oled.o(.data)
    mood                                     0x2000001c   Data           1  main.o(.data)
    x                                        0x2000001e   Data           2  main.o(.data)
    defaultTaskHandle                        0x20000020   Data           4  freertos.o(.data)
    PIDTask02Handle                          0x20000024   Data           4  freertos.o(.data)
    UTTaskHandle                             0x20000028   Data           4  freertos.o(.data)
    mpu6050Handle                            0x2000002c   Data           4  freertos.o(.data)
    uwTick                                   0x20000030   Data           4  stm32f4xx_hal.o(.data)
    uwTickPrio                               0x20000034   Data           4  stm32f4xx_hal.o(.data)
    uwTickFreq                               0x20000038   Data           1  stm32f4xx_hal.o(.data)
    SystemCoreClock                          0x2000003c   Data           4  system_stm32f4xx.o(.data)
    pxCurrentTCB                             0x20000040   Data           4  tasks.o(.data)
    PID_1                                    0x200000c0   Data          12  motor.o(.data)
    PID_2                                    0x200000cc   Data          12  motor.o(.data)
    PID_3                                    0x200000d8   Data          12  motor.o(.data)
    Vx_set                                   0x200000e4   Data           4  motor.o(.data)
    Vy_set                                   0x200000e8   Data           4  motor.o(.data)
    Vw_set                                   0x200000ec   Data           4  motor.o(.data)
    speed_set_1                              0x200000f0   Data           4  motor.o(.data)
    speed_set_2                              0x200000f4   Data           4  motor.o(.data)
    speed_set_3                              0x200000f8   Data           4  motor.o(.data)
    resert_flag                              0x200000fc   Data           1  motor.o(.data)
    pid_out_1                                0x20000100   Data           4  motor.o(.data)
    pid_out_2                                0x20000104   Data           4  motor.o(.data)
    pid_out_3                                0x20000108   Data           4  motor.o(.data)
    num_1                                    0x2000010c   Data           2  motor.o(.data)
    num_2                                    0x2000010e   Data           2  motor.o(.data)
    num_3                                    0x20000110   Data           2  motor.o(.data)
    speed_1                                  0x20000114   Data           4  motor.o(.data)
    speed_2                                  0x20000118   Data           4  motor.o(.data)
    speed_3                                  0x2000011c   Data           4  motor.o(.data)
    xz_flag                                  0x20000120   Data           1  motor.o(.data)
    angle_set                                0x20000121   Data           1  motor.o(.data)
    speed_all_1                              0x20000124   Data           4  motor.o(.data)
    speed_all_2                              0x20000128   Data           4  motor.o(.data)
    speed_all_3                              0x2000012c   Data           4  motor.o(.data)
    time                                     0x20000130   Data           4  ut.o(.data)
    distance                                 0x20000134   Data           4  ut.o(.data)
    angle_val                                0x20000138   Data           2  ut.o(.data)
    angle                                    0x2000013c   Data           4  ut.o(.data)
    servo_flag                               0x20000140   Data           1  ut.o(.data)
    Rx_buff                                  0x20000148   Data           9  main.o(.bss)
    hi2c1                                    0x20000154   Data          84  i2c.o(.bss)
    hi2c2                                    0x200001a8   Data          84  i2c.o(.bss)
    htim1                                    0x200001fc   Data          72  tim.o(.bss)
    htim2                                    0x20000244   Data          72  tim.o(.bss)
    htim3                                    0x2000028c   Data          72  tim.o(.bss)
    htim4                                    0x200002d4   Data          72  tim.o(.bss)
    htim6                                    0x2000031c   Data          72  tim.o(.bss)
    htim7                                    0x20000364   Data          72  tim.o(.bss)
    htim8                                    0x200003ac   Data          72  tim.o(.bss)
    htim10                                   0x200003f4   Data          72  tim.o(.bss)
    huart1                                   0x2000043c   Data          68  usart.o(.bss)
    hdma_usart1_rx                           0x20000480   Data          96  usart.o(.bss)
    htim11                                   0x200004e0   Data          72  stm32f4xx_hal_timebase_tim.o(.bss)
    xQueueRegistry                           0x20000528   Data          64  queue.o(.bss)
    pid_1                                    0x20004dfc   Data          72  motor.o(.bss)
    pid_2                                    0x20004e44   Data          72  motor.o(.bss)
    pid_3                                    0x20004e8c   Data          72  motor.o(.bss)
    distances                                0x20004ed4   Data         164  ut.o(.bss)
    __initial_sp                             0x20005378   Data           0  startup_stm32f407xx.o(STACK)



==============================================================================

Memory Map of the image

  Image Entry point : 0x08000189

  Load Region LR_IROM1 (Base: 0x08000000, Size: 0x00009140, Max: 0x00080000, ABSOLUTE, COMPRESSED[0x00009034])

    Execution Region ER_IROM1 (Exec base: 0x08000000, Load base: 0x08000000, Size: 0x00008ff8, Max: 0x00080000, ABSOLUTE)

    Exec Addr    Load Addr    Size         Type   Attr      Idx    E Section Name        Object

    0x08000000   0x08000000   0x00000188   Data   RO            3    RESET               startup_stm32f407xx.o
    0x08000188   0x08000188   0x00000000   Code   RO         6635  * .ARM.Collect$$$$00000000  mc_w.l(entry.o)
    0x08000188   0x08000188   0x00000004   Code   RO         6994    .ARM.Collect$$$$00000001  mc_w.l(entry2.o)
    0x0800018c   0x0800018c   0x00000004   Code   RO         6997    .ARM.Collect$$$$00000004  mc_w.l(entry5.o)
    0x08000190   0x08000190   0x00000000   Code   RO         6999    .ARM.Collect$$$$00000008  mc_w.l(entry7b.o)
    0x08000190   0x08000190   0x00000000   Code   RO         7001    .ARM.Collect$$$$0000000A  mc_w.l(entry8b.o)
    0x08000190   0x08000190   0x00000008   Code   RO         7002    .ARM.Collect$$$$0000000B  mc_w.l(entry9a.o)
    0x08000198   0x08000198   0x00000004   Code   RO         7009    .ARM.Collect$$$$0000000E  mc_w.l(entry12b.o)
    0x0800019c   0x0800019c   0x00000000   Code   RO         7004    .ARM.Collect$$$$0000000F  mc_w.l(entry10a.o)
    0x0800019c   0x0800019c   0x00000000   Code   RO         7006    .ARM.Collect$$$$00000011  mc_w.l(entry11a.o)
    0x0800019c   0x0800019c   0x00000004   Code   RO         6995    .ARM.Collect$$$$00002712  mc_w.l(entry2.o)
    0x080001a0   0x080001a0   0x000000be   Code   RO         5617    .emb_text           port.o
    0x0800025e   0x0800025e   0x00000002   PAD
    0x08000260   0x08000260   0x00000024   Code   RO            4    .text               startup_stm32f407xx.o
    0x08000284   0x08000284   0x00000062   Code   RO         6638    .text               mc_w.l(uldiv.o)
    0x080002e6   0x080002e6   0x00000024   Code   RO         6642    .text               mc_w.l(memcpya.o)
    0x0800030a   0x0800030a   0x00000024   Code   RO         6646    .text               mc_w.l(memseta.o)
    0x0800032e   0x0800032e   0x0000014e   Code   RO         6913    .text               mf_w.l(dadd.o)
    0x0800047c   0x0800047c   0x000000e4   Code   RO         6915    .text               mf_w.l(dmul.o)
    0x08000560   0x08000560   0x000000de   Code   RO         6917    .text               mf_w.l(ddiv.o)
    0x0800063e   0x0800063e   0x00000022   Code   RO         6919    .text               mf_w.l(dflti.o)
    0x08000660   0x08000660   0x0000001a   Code   RO         6921    .text               mf_w.l(dfltui.o)
    0x0800067a   0x0800067a   0x00000032   Code   RO         6923    .text               mf_w.l(dfixui.o)
    0x080006ac   0x080006ac   0x00000026   Code   RO         6925    .text               mf_w.l(f2d.o)
    0x080006d2   0x080006d2   0x00000038   Code   RO         6927    .text               mf_w.l(d2f.o)
    0x0800070a   0x0800070a   0x0000001e   Code   RO         7015    .text               mc_w.l(llshl.o)
    0x08000728   0x08000728   0x00000020   Code   RO         7017    .text               mc_w.l(llushr.o)
    0x08000748   0x08000748   0x00000024   Code   RO         7019    .text               mc_w.l(llsshr.o)
    0x0800076c   0x0800076c   0x00000000   Code   RO         7028    .text               mc_w.l(iusefp.o)
    0x0800076c   0x0800076c   0x0000006e   Code   RO         7029    .text               mf_w.l(fepilogue.o)
    0x080007da   0x080007da   0x000000ba   Code   RO         7031    .text               mf_w.l(depilogue.o)
    0x08000894   0x08000894   0x00000024   Code   RO         7041    .text               mc_w.l(init.o)
    0x080008b8   0x080008b8   0x0000003e   Code   RO         7047    .text               mf_w.l(dfixi.o)
    0x080008f6   0x080008f6   0x00000056   Code   RO         7057    .text               mc_w.l(__dczerorl2.o)
    0x0800094c   0x0800094c   0x000000ec   Code   RO         5812    i.Angle_Speed       motor.o
    0x08000a38   0x08000a38   0x00000004   Code   RO          677    i.BusFault_Handler  stm32f4xx_it.o
    0x08000a3c   0x08000a3c   0x00000024   Code   RO         5873    i.Buzz_Start        ut.o
    0x08000a60   0x08000a60   0x00000010   Code   RO          678    i.DMA2_Stream2_IRQHandler  stm32f4xx_it.o
    0x08000a70   0x08000a70   0x00000034   Code   RO         1332    i.DMA_CalcBaseAndBitshift  stm32f4xx_hal_dma.o
    0x08000aa4   0x08000aa4   0x000000aa   Code   RO         1333    i.DMA_CheckFifoParam  stm32f4xx_hal_dma.o
    0x08000b4e   0x08000b4e   0x0000002c   Code   RO         1334    i.DMA_SetConfig     stm32f4xx_hal_dma.o
    0x08000b7a   0x08000b7a   0x00000002   Code   RO          679    i.DebugMon_Handler  stm32f4xx_it.o
    0x08000b7c   0x08000b7c   0x0000000a   Code   RO          680    i.EXTI1_IRQHandler  stm32f4xx_it.o
    0x08000b86   0x08000b86   0x00000006   Code   RO          239    i.Error_Handler     main.o
    0x08000b8c   0x08000b8c   0x000000ac   Code   RO         1335    i.HAL_DMA_Abort     stm32f4xx_hal_dma.o
    0x08000c38   0x08000c38   0x00000028   Code   RO         1336    i.HAL_DMA_Abort_IT  stm32f4xx_hal_dma.o
    0x08000c60   0x08000c60   0x00000240   Code   RO         1340    i.HAL_DMA_IRQHandler  stm32f4xx_hal_dma.o
    0x08000ea0   0x08000ea0   0x000000ec   Code   RO         1341    i.HAL_DMA_Init      stm32f4xx_hal_dma.o
    0x08000f8c   0x08000f8c   0x00000092   Code   RO         1345    i.HAL_DMA_Start_IT  stm32f4xx_hal_dma.o
    0x0800101e   0x0800101e   0x00000002   PAD
    0x08001020   0x08001020   0x00000028   Code   RO         1759    i.HAL_Delay         stm32f4xx_hal.o
    0x08001048   0x08001048   0x000000c0   Code   RO          240    i.HAL_GPIO_EXTI_Callback  main.o
    0x08001108   0x08001108   0x0000001c   Code   RO         1227    i.HAL_GPIO_EXTI_IRQHandler  stm32f4xx_hal_gpio.o
    0x08001124   0x08001124   0x000001f4   Code   RO         1228    i.HAL_GPIO_Init     stm32f4xx_hal_gpio.o
    0x08001318   0x08001318   0x00000010   Code   RO         1230    i.HAL_GPIO_ReadPin  stm32f4xx_hal_gpio.o
    0x08001328   0x08001328   0x00000014   Code   RO         1231    i.HAL_GPIO_TogglePin  stm32f4xx_hal_gpio.o
    0x0800133c   0x0800133c   0x0000000c   Code   RO         1232    i.HAL_GPIO_WritePin  stm32f4xx_hal_gpio.o
    0x08001348   0x08001348   0x0000000c   Code   RO         1765    i.HAL_GetTick       stm32f4xx_hal.o
    0x08001354   0x08001354   0x000001d0   Code   RO         2021    i.HAL_I2C_Init      stm32f4xx_hal_i2c.o
    0x08001524   0x08001524   0x00000164   Code   RO         2042    i.HAL_I2C_Mem_Write  stm32f4xx_hal_i2c.o
    0x08001688   0x08001688   0x000000f4   Code   RO          474    i.HAL_I2C_MspInit   i2c.o
    0x0800177c   0x0800177c   0x00000018   Code   RO         1771    i.HAL_IncTick       stm32f4xx_hal.o
    0x08001794   0x08001794   0x0000003c   Code   RO         1772    i.HAL_Init          stm32f4xx_hal.o
    0x080017d0   0x080017d0   0x000000a0   Code   RO          789    i.HAL_InitTick      stm32f4xx_hal_timebase_tim.o
    0x08001870   0x08001870   0x00000054   Code   RO          765    i.HAL_MspInit       stm32f4xx_hal_msp.o
    0x080018c4   0x080018c4   0x00000020   Code   RO         1617    i.HAL_NVIC_EnableIRQ  stm32f4xx_hal_cortex.o
    0x080018e4   0x080018e4   0x0000007c   Code   RO         1623    i.HAL_NVIC_SetPriority  stm32f4xx_hal_cortex.o
    0x08001960   0x08001960   0x00000028   Code   RO         1624    i.HAL_NVIC_SetPriorityGrouping  stm32f4xx_hal_cortex.o
    0x08001988   0x08001988   0x00000184   Code   RO          829    i.HAL_RCC_ClockConfig  stm32f4xx_hal_rcc.o
    0x08001b0c   0x08001b0c   0x00000044   Code   RO          833    i.HAL_RCC_GetClockConfig  stm32f4xx_hal_rcc.o
    0x08001b50   0x08001b50   0x0000000c   Code   RO          834    i.HAL_RCC_GetHCLKFreq  stm32f4xx_hal_rcc.o
    0x08001b5c   0x08001b5c   0x00000020   Code   RO          836    i.HAL_RCC_GetPCLK1Freq  stm32f4xx_hal_rcc.o
    0x08001b7c   0x08001b7c   0x00000020   Code   RO          837    i.HAL_RCC_GetPCLK2Freq  stm32f4xx_hal_rcc.o
    0x08001b9c   0x08001b9c   0x000000b0   Code   RO          838    i.HAL_RCC_GetSysClockFreq  stm32f4xx_hal_rcc.o
    0x08001c4c   0x08001c4c   0x0000049c   Code   RO          841    i.HAL_RCC_OscConfig  stm32f4xx_hal_rcc.o
    0x080020e8   0x080020e8   0x00000002   Code   RO         3217    i.HAL_TIMEx_BreakCallback  stm32f4xx_hal_tim_ex.o
    0x080020ea   0x080020ea   0x00000002   Code   RO         3218    i.HAL_TIMEx_CommutCallback  stm32f4xx_hal_tim_ex.o
    0x080020ec   0x080020ec   0x000000b4   Code   RO         3236    i.HAL_TIMEx_MasterConfigSynchronization  stm32f4xx_hal_tim_ex.o
    0x080021a0   0x080021a0   0x00000066   Code   RO         2502    i.HAL_TIM_Base_Init  stm32f4xx_hal_tim.o
    0x08002206   0x08002206   0x00000002   PAD
    0x08002208   0x08002208   0x00000100   Code   RO          522    i.HAL_TIM_Base_MspInit  tim.o
    0x08002308   0x08002308   0x0000009c   Code   RO         2505    i.HAL_TIM_Base_Start  stm32f4xx_hal_tim.o
    0x080023a4   0x080023a4   0x000000a8   Code   RO         2507    i.HAL_TIM_Base_Start_IT  stm32f4xx_hal_tim.o
    0x0800244c   0x0800244c   0x00000032   Code   RO         2508    i.HAL_TIM_Base_Stop  stm32f4xx_hal_tim.o
    0x0800247e   0x0800247e   0x0000010c   Code   RO         2511    i.HAL_TIM_ConfigClockSource  stm32f4xx_hal_tim.o
    0x0800258a   0x0800258a   0x000000c8   Code   RO         2523    i.HAL_TIM_Encoder_Init  stm32f4xx_hal_tim.o
    0x08002652   0x08002652   0x00000002   PAD
    0x08002654   0x08002654   0x0000017c   Code   RO          524    i.HAL_TIM_Encoder_MspInit  tim.o
    0x080027d0   0x080027d0   0x000000cc   Code   RO         2526    i.HAL_TIM_Encoder_Start  stm32f4xx_hal_tim.o
    0x0800289c   0x0800289c   0x00000002   Code   RO         2536    i.HAL_TIM_IC_CaptureCallback  stm32f4xx_hal_tim.o
    0x0800289e   0x0800289e   0x00000196   Code   RO         2550    i.HAL_TIM_IRQHandler  stm32f4xx_hal_tim.o
    0x08002a34   0x08002a34   0x000000b0   Code   RO          525    i.HAL_TIM_MspPostInit  tim.o
    0x08002ae4   0x08002ae4   0x00000002   Code   RO         2553    i.HAL_TIM_OC_DelayElapsedCallback  stm32f4xx_hal_tim.o
    0x08002ae6   0x08002ae6   0x00000104   Code   RO         2574    i.HAL_TIM_PWM_ConfigChannel  stm32f4xx_hal_tim.o
    0x08002bea   0x08002bea   0x00000066   Code   RO         2577    i.HAL_TIM_PWM_Init  stm32f4xx_hal_tim.o
    0x08002c50   0x08002c50   0x00000002   Code   RO         2579    i.HAL_TIM_PWM_MspInit  stm32f4xx_hal_tim.o
    0x08002c52   0x08002c52   0x00000002   Code   RO         2580    i.HAL_TIM_PWM_PulseFinishedCallback  stm32f4xx_hal_tim.o
    0x08002c54   0x08002c54   0x0000010c   Code   RO         2582    i.HAL_TIM_PWM_Start  stm32f4xx_hal_tim.o
    0x08002d60   0x08002d60   0x00000018   Code   RO          241    i.HAL_TIM_PeriodElapsedCallback  main.o
    0x08002d78   0x08002d78   0x00000002   Code   RO         2593    i.HAL_TIM_TriggerCallback  stm32f4xx_hal_tim.o
    0x08002d7a   0x08002d7a   0x00000002   Code   RO         3495    i.HAL_UARTEx_RxEventCallback  stm32f4xx_hal_uart.o
    0x08002d7c   0x08002d7c   0x00000002   Code   RO         3509    i.HAL_UART_ErrorCallback  stm32f4xx_hal_uart.o
    0x08002d7e   0x08002d7e   0x00000002   PAD
    0x08002d80   0x08002d80   0x000002e0   Code   RO         3512    i.HAL_UART_IRQHandler  stm32f4xx_hal_uart.o
    0x08003060   0x08003060   0x00000072   Code   RO         3513    i.HAL_UART_Init     stm32f4xx_hal_uart.o
    0x080030d2   0x080030d2   0x00000002   PAD
    0x080030d4   0x080030d4   0x000000e0   Code   RO          636    i.HAL_UART_MspInit  usart.o
    0x080031b4   0x080031b4   0x00000042   Code   RO         3517    i.HAL_UART_Receive_DMA  stm32f4xx_hal_uart.o
    0x080031f6   0x080031f6   0x00000002   PAD
    0x080031f8   0x080031f8   0x00000178   Code   RO          242    i.HAL_UART_RxCpltCallback  main.o
    0x08003370   0x08003370   0x00000002   Code   RO         3520    i.HAL_UART_RxHalfCpltCallback  stm32f4xx_hal_uart.o
    0x08003372   0x08003372   0x00000002   Code   RO         3524    i.HAL_UART_TxCpltCallback  stm32f4xx_hal_uart.o
    0x08003374   0x08003374   0x00000004   Code   RO          681    i.HardFault_Handler  stm32f4xx_it.o
    0x08003378   0x08003378   0x0000003e   Code   RO         2064    i.I2C_IsAcknowledgeFailed  stm32f4xx_hal_i2c.o
    0x080033b6   0x080033b6   0x00000002   PAD
    0x080033b8   0x080033b8   0x000000e0   Code   RO         2076    i.I2C_RequestMemoryWrite  stm32f4xx_hal_i2c.o
    0x08003498   0x08003498   0x0000005c   Code   RO         2084    i.I2C_WaitOnBTFFlagUntilTimeout  stm32f4xx_hal_i2c.o
    0x080034f4   0x080034f4   0x00000086   Code   RO         2085    i.I2C_WaitOnFlagUntilTimeout  stm32f4xx_hal_i2c.o
    0x0800357a   0x0800357a   0x000000c4   Code   RO         2086    i.I2C_WaitOnMasterAddressFlagUntilTimeout  stm32f4xx_hal_i2c.o
    0x0800363e   0x0800363e   0x0000005c   Code   RO         2090    i.I2C_WaitOnTXEFlagUntilTimeout  stm32f4xx_hal_i2c.o
    0x0800369a   0x0800369a   0x00000002   PAD
    0x0800369c   0x0800369c   0x00000038   Code   RO          449    i.MX_DMA_Init       dma.o
    0x080036d4   0x080036d4   0x0000006c   Code   RO          406    i.MX_FREERTOS_Init  freertos.o
    0x08003740   0x08003740   0x00000164   Code   RO          382    i.MX_GPIO_Init      gpio.o
    0x080038a4   0x080038a4   0x0000003c   Code   RO          475    i.MX_I2C1_Init      i2c.o
    0x080038e0   0x080038e0   0x0000003c   Code   RO          476    i.MX_I2C2_Init      i2c.o
    0x0800391c   0x0800391c   0x00000070   Code   RO          526    i.MX_TIM10_Init     tim.o
    0x0800398c   0x0800398c   0x00000084   Code   RO          527    i.MX_TIM1_Init      tim.o
    0x08003a10   0x08003a10   0x0000007c   Code   RO          528    i.MX_TIM2_Init      tim.o
    0x08003a8c   0x08003a8c   0x00000080   Code   RO          529    i.MX_TIM3_Init      tim.o
    0x08003b0c   0x08003b0c   0x000000c4   Code   RO          530    i.MX_TIM4_Init      tim.o
    0x08003bd0   0x08003bd0   0x0000004c   Code   RO          531    i.MX_TIM6_Init      tim.o
    0x08003c1c   0x08003c1c   0x0000004c   Code   RO          532    i.MX_TIM7_Init      tim.o
    0x08003c68   0x08003c68   0x00000070   Code   RO          533    i.MX_TIM8_Init      tim.o
    0x08003cd8   0x08003cd8   0x00000038   Code   RO          637    i.MX_USART1_UART_Init  usart.o
    0x08003d10   0x08003d10   0x00000004   Code   RO          682    i.MemManage_Handler  stm32f4xx_it.o
    0x08003d14   0x08003d14   0x000001f8   Code   RO         5813    i.Motor_Counter     motor.o
    0x08003f0c   0x08003f0c   0x000000a8   Code   RO         5814    i.Motor_Init        motor.o
    0x08003fb4   0x08003fb4   0x00000068   Code   RO         5951    i.Mpu6050           mpu6050.o
    0x0800401c   0x0800401c   0x00000004   Code   RO          683    i.NMI_Handler       stm32f4xx_it.o
    0x08004020   0x08004020   0x00000038   Code   RO           13    i.OLED_Clear        oled.o
    0x08004058   0x08004058   0x0000000e   Code   RO           17    i.OLED_Init         oled.o
    0x08004066   0x08004066   0x00000024   Code   RO           19    i.OLED_Set_Pos      oled.o
    0x0800408a   0x0800408a   0x00000002   PAD
    0x0800408c   0x0800408c   0x0000009c   Code   RO           21    i.OLED_ShowChar     oled.o
    0x08004128   0x08004128   0x0000003a   Code   RO           23    i.OLED_ShowString   oled.o
    0x08004162   0x08004162   0x00000002   PAD
    0x08004164   0x08004164   0x00000028   Code   RO           24    i.OLED_WR_CMD       oled.o
    0x0800418c   0x0800418c   0x00000028   Code   RO           25    i.OLED_WR_DATA      oled.o
    0x080041b4   0x080041b4   0x000001f0   Code   RO         5697    i.PID_calc          pid.o
    0x080043a4   0x080043a4   0x00000060   Code   RO         5699    i.PID_init          pid.o
    0x08004404   0x08004404   0x00000016   Code   RO         5700    i.PID_rela          pid.o
    0x0800441a   0x0800441a   0x00000002   PAD
    0x0800441c   0x0800441c   0x0000003c   Code   RO         5815    i.Pid_task          motor.o
    0x08004458   0x08004458   0x0000011c   Code   RO         5816    i.Rotate_Counter    motor.o
    0x08004574   0x08004574   0x00000018   Code   RO         5874    i.Servo_Init        ut.o
    0x0800458c   0x0800458c   0x000000e0   Code   RO         5875    i.Servo_Set         ut.o
    0x0800466c   0x0800466c   0x000002b4   Code   RO         5817    i.Speed_Counter     motor.o
    0x08004920   0x08004920   0x00000024   Code   RO          407    i.StartDefaultTask  freertos.o
    0x08004944   0x08004944   0x00000016   Code   RO         5032    i.SysTick_Handler   cmsis_os2.o
    0x0800495a   0x0800495a   0x00000002   PAD
    0x0800495c   0x0800495c   0x000000b8   Code   RO          243    i.SystemClock_Config  main.o
    0x08004a14   0x08004a14   0x00000014   Code   RO         3852    i.SystemInit        system_stm32f4xx.o
    0x08004a28   0x08004a28   0x00000018   Code   RO          684    i.TIM1_TRG_COM_TIM11_IRQHandler  stm32f4xx_it.o
    0x08004a40   0x08004a40   0x00000010   Code   RO          685    i.TIM8_UP_TIM13_IRQHandler  stm32f4xx_it.o
    0x08004a50   0x08004a50   0x000000d8   Code   RO         2595    i.TIM_Base_SetConfig  stm32f4xx_hal_tim.o
    0x08004b28   0x08004b28   0x00000022   Code   RO         2596    i.TIM_CCxChannelCmd  stm32f4xx_hal_tim.o
    0x08004b4a   0x08004b4a   0x00000016   Code   RO         2606    i.TIM_ETR_SetConfig  stm32f4xx_hal_tim.o
    0x08004b60   0x08004b60   0x00000012   Code   RO         2607    i.TIM_ITRx_SetConfig  stm32f4xx_hal_tim.o
    0x08004b72   0x08004b72   0x00000002   PAD
    0x08004b74   0x08004b74   0x00000070   Code   RO         2608    i.TIM_OC1_SetConfig  stm32f4xx_hal_tim.o
    0x08004be4   0x08004be4   0x0000007c   Code   RO         2609    i.TIM_OC2_SetConfig  stm32f4xx_hal_tim.o
    0x08004c60   0x08004c60   0x00000078   Code   RO         2610    i.TIM_OC3_SetConfig  stm32f4xx_hal_tim.o
    0x08004cd8   0x08004cd8   0x00000054   Code   RO         2611    i.TIM_OC4_SetConfig  stm32f4xx_hal_tim.o
    0x08004d2c   0x08004d2c   0x00000026   Code   RO         2613    i.TIM_TI1_ConfigInputStage  stm32f4xx_hal_tim.o
    0x08004d52   0x08004d52   0x00000028   Code   RO         2615    i.TIM_TI2_ConfigInputStage  stm32f4xx_hal_tim.o
    0x08004d7a   0x08004d7a   0x00000014   Code   RO         3526    i.UART_DMAAbortOnError  stm32f4xx_hal_uart.o
    0x08004d8e   0x08004d8e   0x00000050   Code   RO         3527    i.UART_DMAError     stm32f4xx_hal_uart.o
    0x08004dde   0x08004dde   0x000000b0   Code   RO         3528    i.UART_DMAReceiveCplt  stm32f4xx_hal_uart.o
    0x08004e8e   0x08004e8e   0x00000020   Code   RO         3530    i.UART_DMARxHalfCplt  stm32f4xx_hal_uart.o
    0x08004eae   0x08004eae   0x0000006c   Code   RO         3536    i.UART_EndRxTransfer  stm32f4xx_hal_uart.o
    0x08004f1a   0x08004f1a   0x00000020   Code   RO         3537    i.UART_EndTransmit_IT  stm32f4xx_hal_uart.o
    0x08004f3a   0x08004f3a   0x00000026   Code   RO         3538    i.UART_EndTxTransfer  stm32f4xx_hal_uart.o
    0x08004f60   0x08004f60   0x000000f8   Code   RO         3539    i.UART_Receive_IT   stm32f4xx_hal_uart.o
    0x08005058   0x08005058   0x0000022c   Code   RO         3540    i.UART_SetConfig    stm32f4xx_hal_uart.o
    0x08005284   0x08005284   0x000000d0   Code   RO         3541    i.UART_Start_Receive_DMA  stm32f4xx_hal_uart.o
    0x08005354   0x08005354   0x00000060   Code   RO         3543    i.UART_Transmit_IT  stm32f4xx_hal_uart.o
    0x080053b4   0x080053b4   0x00000010   Code   RO          686    i.USART1_IRQHandler  stm32f4xx_it.o
    0x080053c4   0x080053c4   0x00000028   Code   RO         5876    i.UT_Task           ut.o
    0x080053ec   0x080053ec   0x000000f8   Code   RO         5877    i.UT_Test           ut.o
    0x080054e4   0x080054e4   0x00000004   Code   RO          687    i.UsageFault_Handler  stm32f4xx_it.o
    0x080054e8   0x080054e8   0x00000038   Code   RO           26    i.WriteCmd          oled.o
    0x08005520   0x08005520   0x00000030   Code   RO         6966    i.__ARM_fpclassify  m_wm.l(fpclassify.o)
    0x08005550   0x08005550   0x00000010   Code   RO         1630    i.__NVIC_GetPriorityGrouping  stm32f4xx_hal_cortex.o
    0x08005560   0x08005560   0x00000028   Code   RO         1631    i.__NVIC_SetPriority  stm32f4xx_hal_cortex.o
    0x08005588   0x08005588   0x00000006   Code   RO         5034    i.__get_IPSR        cmsis_os2.o
    0x0800558e   0x0800558e   0x00000002   PAD
    0x08005590   0x08005590   0x000000c8   Code   RO         6611    i.__hardfp_cos      m_wm.l(cos.o)
    0x08005658   0x08005658   0x000000c8   Code   RO         6623    i.__hardfp_sin      m_wm.l(sin.o)
    0x08005720   0x08005720   0x00000438   Code   RO         6971    i.__ieee754_rem_pio2  m_wm.l(rred.o)
    0x08005b58   0x08005b58   0x00000170   Code   RO         6943    i.__kernel_cos      m_wm.l(cos_i.o)
    0x08005cc8   0x08005cc8   0x000000f8   Code   RO         6968    i.__kernel_poly     m_wm.l(poly.o)
    0x08005dc0   0x08005dc0   0x00000130   Code   RO         6976    i.__kernel_sin      m_wm.l(sin_i.o)
    0x08005ef0   0x08005ef0   0x00000014   Code   RO         6947    i.__mathlib_dbl_infnan  m_wm.l(dunder.o)
    0x08005f04   0x08005f04   0x00000004   PAD
    0x08005f08   0x08005f08   0x00000020   Code   RO         6949    i.__mathlib_dbl_invalid  m_wm.l(dunder.o)
    0x08005f28   0x08005f28   0x00000020   Code   RO         6952    i.__mathlib_dbl_underflow  m_wm.l(dunder.o)
    0x08005f48   0x08005f48   0x0000000e   Code   RO         7051    i.__scatterload_copy  mc_w.l(handlers.o)
    0x08005f56   0x08005f56   0x00000002   Code   RO         7052    i.__scatterload_null  mc_w.l(handlers.o)
    0x08005f58   0x08005f58   0x0000000e   Code   RO         7053    i.__scatterload_zeroinit  mc_w.l(handlers.o)
    0x08005f66   0x08005f66   0x00000002   PAD
    0x08005f68   0x08005f68   0x0000000c   Code   RO         7023    i.__set_errno       mc_w.l(errno.o)
    0x08005f74   0x08005f74   0x0000001a   Code   RO          534    i.delay_ms          tim.o
    0x08005f8e   0x08005f8e   0x00000002   PAD
    0x08005f90   0x08005f90   0x00000038   Code   RO          535    i.delay_us          tim.o
    0x08005fc8   0x08005fc8   0x00000018   Code   RO         6962    i.fabs              m_wm.l(fabs.o)
    0x08005fe0   0x08005fe0   0x000000c4   Code   RO          244    i.main              main.o
    0x080060a4   0x080060a4   0x0000002c   Code   RO         5049    i.osKernelInitialize  cmsis_os2.o
    0x080060d0   0x080060d0   0x00000060   Code   RO         5052    i.osKernelStart     cmsis_os2.o
    0x08006130   0x08006130   0x000000b8   Code   RO         5094    i.osThreadNew       cmsis_os2.o
    0x080061e8   0x080061e8   0x0000007c   Code   RO         4469    i.prvAddCurrentTaskToDelayedList  tasks.o
    0x08006264   0x08006264   0x000000b8   Code   RO         4470    i.prvAddNewTaskToReadyList  tasks.o
    0x0800631c   0x0800631c   0x00000074   Code   RO         4845    i.prvCheckForValidListAndQueue  timers.o
    0x08006390   0x08006390   0x00000048   Code   RO         4471    i.prvCheckTasksWaitingTermination  tasks.o
    0x080063d8   0x080063d8   0x0000002a   Code   RO         4056    i.prvCopyDataFromQueue  queue.o
    0x08006402   0x08006402   0x0000007e   Code   RO         4057    i.prvCopyDataToQueue  queue.o
    0x08006480   0x08006480   0x00000050   Code   RO         4472    i.prvDeleteTCB      tasks.o
    0x080064d0   0x080064d0   0x00000028   Code   RO         4846    i.prvGetNextExpireTime  timers.o
    0x080064f8   0x080064f8   0x0000007c   Code   RO         5562    i.prvHeapInit       heap_4.o
    0x08006574   0x08006574   0x00000028   Code   RO         4473    i.prvIdleTask       tasks.o
    0x0800659c   0x0800659c   0x0000002a   Code   RO         4060    i.prvInitialiseNewQueue  queue.o
    0x080065c6   0x080065c6   0x000000be   Code   RO         4474    i.prvInitialiseNewTask  tasks.o
    0x08006684   0x08006684   0x00000068   Code   RO         4475    i.prvInitialiseTaskLists  tasks.o
    0x080066ec   0x080066ec   0x00000068   Code   RO         5563    i.prvInsertBlockIntoFreeList  heap_4.o
    0x08006754   0x08006754   0x00000058   Code   RO         4848    i.prvInsertTimerInActiveList  timers.o
    0x080067ac   0x080067ac   0x0000001a   Code   RO         4061    i.prvIsQueueEmpty   queue.o
    0x080067c6   0x080067c6   0x0000001e   Code   RO         4062    i.prvIsQueueFull    queue.o
    0x080067e4   0x080067e4   0x00000074   Code   RO         4849    i.prvProcessExpiredTimer  timers.o
    0x08006858   0x08006858   0x00000164   Code   RO         4850    i.prvProcessReceivedCommands  timers.o
    0x080069bc   0x080069bc   0x00000074   Code   RO         4851    i.prvProcessTimerOrBlockTask  timers.o
    0x08006a30   0x08006a30   0x00000034   Code   RO         4477    i.prvResetNextTaskUnblockTime  tasks.o
    0x08006a64   0x08006a64   0x0000002c   Code   RO         4852    i.prvSampleTimeNow  timers.o
    0x08006a90   0x08006a90   0x000000a4   Code   RO         4853    i.prvSwitchTimerLists  timers.o
    0x08006b34   0x08006b34   0x00000040   Code   RO         5618    i.prvTaskExitError  port.o
    0x08006b74   0x08006b74   0x0000001a   Code   RO         4854    i.prvTimerTask      timers.o
    0x08006b8e   0x08006b8e   0x0000007e   Code   RO         4063    i.prvUnlockQueue    queue.o
    0x08006c0c   0x08006c0c   0x0000014c   Code   RO         5564    i.pvPortMalloc      heap_4.o
    0x08006d58   0x08006d58   0x0000002c   Code   RO         5619    i.pxPortInitialiseStack  port.o
    0x08006d84   0x08006d84   0x00000024   Code   RO         5878    i.trigger_start     ut.o
    0x08006da8   0x08006da8   0x00000028   Code   RO         4016    i.uxListRemove      list.o
    0x08006dd0   0x08006dd0   0x00000018   Code   RO         5106    i.vApplicationGetIdleTaskMemory  cmsis_os2.o
    0x08006de8   0x08006de8   0x00000018   Code   RO         5107    i.vApplicationGetTimerTaskMemory  cmsis_os2.o
    0x08006e00   0x08006e00   0x0000001a   Code   RO         4017    i.vListInitialise   list.o
    0x08006e1a   0x08006e1a   0x00000006   Code   RO         4018    i.vListInitialiseItem  list.o
    0x08006e20   0x08006e20   0x00000034   Code   RO         4019    i.vListInsert       list.o
    0x08006e54   0x08006e54   0x00000018   Code   RO         4020    i.vListInsertEnd    list.o
    0x08006e6c   0x08006e6c   0x00000054   Code   RO         5621    i.vPortEnterCritical  port.o
    0x08006ec0   0x08006ec0   0x0000003c   Code   RO         5622    i.vPortExitCritical  port.o
    0x08006efc   0x08006efc   0x000000a4   Code   RO         5565    i.vPortFree         heap_4.o
    0x08006fa0   0x08006fa0   0x00000028   Code   RO         5623    i.vPortSetupTimerInterrupt  port.o
    0x08006fc8   0x08006fc8   0x00000078   Code   RO         5624    i.vPortValidateInterruptPriority  port.o
    0x08007040   0x08007040   0x0000002c   Code   RO         4069    i.vQueueAddToRegistry  queue.o
    0x0800706c   0x0800706c   0x0000004a   Code   RO         4073    i.vQueueWaitForMessageRestricted  queue.o
    0x080070b6   0x080070b6   0x00000002   PAD
    0x080070b8   0x080070b8   0x0000005c   Code   RO         4490    i.vTaskDelay        tasks.o
    0x08007114   0x08007114   0x000000d4   Code   RO         4491    i.vTaskDelayUntil   tasks.o
    0x080071e8   0x080071e8   0x00000018   Code   RO         4495    i.vTaskInternalSetTimeOutState  tasks.o
    0x08007200   0x08007200   0x0000000c   Code   RO         4496    i.vTaskMissedYield  tasks.o
    0x0800720c   0x0800720c   0x00000038   Code   RO         4498    i.vTaskPlaceOnEventList  tasks.o
    0x08007244   0x08007244   0x00000040   Code   RO         4499    i.vTaskPlaceOnEventListRestricted  tasks.o
    0x08007284   0x08007284   0x000000b8   Code   RO         4507    i.vTaskStartScheduler  tasks.o
    0x0800733c   0x0800733c   0x00000010   Code   RO         4509    i.vTaskSuspendAll   tasks.o
    0x0800734c   0x0800734c   0x00000090   Code   RO         4510    i.vTaskSwitchContext  tasks.o
    0x080073dc   0x080073dc   0x00000168   Code   RO         5625    i.xPortStartScheduler  port.o
    0x08007544   0x08007544   0x00000034   Code   RO         5626    i.xPortSysTickHandler  port.o
    0x08007578   0x08007578   0x000000e0   Code   RO         4079    i.xQueueGenericCreateStatic  queue.o
    0x08007658   0x08007658   0x00000098   Code   RO         4080    i.xQueueGenericReset  queue.o
    0x080076f0   0x080076f0   0x000001a8   Code   RO         4081    i.xQueueGenericSend  queue.o
    0x08007898   0x08007898   0x000000fc   Code   RO         4082    i.xQueueGenericSendFromISR  queue.o
    0x08007994   0x08007994   0x00000168   Code   RO         4091    i.xQueueReceive     queue.o
    0x08007afc   0x08007afc   0x0000008c   Code   RO         4512    i.xTaskCheckForTimeOut  tasks.o
    0x08007b88   0x08007b88   0x00000064   Code   RO         4513    i.xTaskCreate       tasks.o
    0x08007bec   0x08007bec   0x000000ba   Code   RO         4514    i.xTaskCreateStatic  tasks.o
    0x08007ca6   0x08007ca6   0x00000002   PAD
    0x08007ca8   0x08007ca8   0x00000020   Code   RO         4518    i.xTaskGetSchedulerState  tasks.o
    0x08007cc8   0x08007cc8   0x0000000c   Code   RO         4519    i.xTaskGetTickCount  tasks.o
    0x08007cd4   0x08007cd4   0x00000144   Code   RO         4521    i.xTaskIncrementTick  tasks.o
    0x08007e18   0x08007e18   0x000000a4   Code   RO         4524    i.xTaskPriorityDisinherit  tasks.o
    0x08007ebc   0x08007ebc   0x00000098   Code   RO         4526    i.xTaskRemoveFromEventList  tasks.o
    0x08007f54   0x08007f54   0x00000104   Code   RO         4527    i.xTaskResumeAll    tasks.o
    0x08008058   0x08008058   0x00000078   Code   RO         4863    i.xTimerCreateTimerTask  timers.o
    0x080080d0   0x080080d0   0x00000084   Code   RO         4864    i.xTimerGenericCommand  timers.o
    0x08008154   0x08008154   0x00000c88   Data   RO           28    .constdata          oled.o
    0x08008ddc   0x08008ddc   0x00000090   Data   RO          408    .constdata          freertos.o
    0x08008e6c   0x08008e6c   0x00000008   Data   RO         1347    .constdata          stm32f4xx_hal_dma.o
    0x08008e74   0x08008e74   0x00000018   Data   RO         3853    .constdata          system_stm32f4xx.o
    0x08008e8c   0x08008e8c   0x00000004   PAD
    0x08008e90   0x08008e90   0x00000030   Data   RO         6944    .constdata          m_wm.l(cos_i.o)
    0x08008ec0   0x08008ec0   0x000000c8   Data   RO         6973    .constdata          m_wm.l(rred.o)
    0x08008f88   0x08008f88   0x00000028   Data   RO         6977    .constdata          m_wm.l(sin_i.o)
    0x08008fb0   0x08008fb0   0x00000028   Data   RO          409    .conststring        freertos.o
    0x08008fd8   0x08008fd8   0x00000020   Data   RO         7049    Region$$Table       anon$$obj.o


    Execution Region RW_IRAM1 (Exec base: 0x20000000, Load base: 0x08008ff8, Size: 0x00005378, Max: 0x0001c000, ABSOLUTE, COMPRESSED[0x0000003c])

    Exec Addr    Load Addr    Size         Type   Attr      Idx    E Section Name        Object

    0x20000000   COMPRESSED   0x0000001b   Data   RW           29    .data               oled.o
    0x2000001b   COMPRESSED   0x00000001   PAD
    0x2000001c   COMPRESSED   0x00000004   Data   RW          246    .data               main.o
    0x20000020   COMPRESSED   0x00000010   Data   RW          410    .data               freertos.o
    0x20000030   COMPRESSED   0x00000009   Data   RW         1779    .data               stm32f4xx_hal.o
    0x20000039   COMPRESSED   0x00000003   PAD
    0x2000003c   COMPRESSED   0x00000004   Data   RW         3854    .data               system_stm32f4xx.o
    0x20000040   COMPRESSED   0x0000003c   Data   RW         4530    .data               tasks.o
    0x2000007c   COMPRESSED   0x00000014   Data   RW         4872    .data               timers.o
    0x20000090   COMPRESSED   0x00000004   Data   RW         5109    .data               cmsis_os2.o
    0x20000094   COMPRESSED   0x00000020   Data   RW         5571    .data               heap_4.o
    0x200000b4   COMPRESSED   0x0000000c   Data   RW         5627    .data               port.o
    0x200000c0   COMPRESSED   0x00000070   Data   RW         5819    .data               motor.o
    0x20000130   COMPRESSED   0x00000011   Data   RW         5880    .data               ut.o
    0x20000141   COMPRESSED   0x00000003   PAD
    0x20000144   COMPRESSED   0x00000004   Data   RW         7024    .data               mc_w.l(errno.o)
    0x20000148        -       0x00000009   Zero   RW          245    .bss                main.o
    0x20000151   COMPRESSED   0x00000003   PAD
    0x20000154        -       0x000000a8   Zero   RW          477    .bss                i2c.o
    0x200001fc        -       0x00000240   Zero   RW          536    .bss                tim.o
    0x2000043c        -       0x000000a4   Zero   RW          638    .bss                usart.o
    0x200004e0        -       0x00000048   Zero   RW          792    .bss                stm32f4xx_hal_timebase_tim.o
    0x20000528        -       0x00000040   Zero   RW         4095    .bss                queue.o
    0x20000568        -       0x000004c4   Zero   RW         4529    .bss                tasks.o
    0x20000a2c        -       0x00000118   Zero   RW         4871    .bss                timers.o
    0x20000b44        -       0x000006b8   Zero   RW         5108    .bss                cmsis_os2.o
    0x200011fc        -       0x00003c00   Zero   RW         5570    .bss                heap_4.o
    0x20004dfc        -       0x000000d8   Zero   RW         5818    .bss                motor.o
    0x20004ed4        -       0x000000a4   Zero   RW         5879    .bss                ut.o
    0x20004f78        -       0x00000400   Zero   RW            1    STACK               startup_stm32f407xx.o


    Execution Region RW_IRAM2 (Exec base: 0x2001c000, Load base: 0x08009034, Size: 0x00000000, Max: 0x00004000, ABSOLUTE)

    **** No section assigned to this execution region ****


==============================================================================

Image component sizes


      Code (inc. data)   RO Data    RW Data    ZI Data      Debug   Object Name

       400         38          0          4       1720      63965   cmsis_os2.o
        56          4          0          0          0        726   dma.o
         0          0          0          0          0      19360   event_groups.o
       144         52        184         16          0       2050   freertos.o
       356         16          0          0          0       1079   gpio.o
       724         74          0         32      15360       4759   heap_4.o
       364         40          0          0        168       2218   i2c.o
       148          0          0          0          0       3458   list.o
       978        158          0          4          9      18101   main.o
      1944        292          0        112        216       5020   motor.o
       104         34          0          0          0       1106   mpu6050.o
       456         30       3208         27          0     703308   oled.o
       614          8          0          0          0       3257   pid.o
      1014         92          0         12          0      11469   port.o
      1922         20          0          0         64      17100   queue.o
        36          8        392          0       1024        816   startup_stm32f407xx.o
       136         24          0          9          0       8590   stm32f4xx_hal.o
       252         22          0          0          0      33566   stm32f4xx_hal_cortex.o
      1436         16          8          0          0       6858   stm32f4xx_hal_dma.o
       576         50          0          0          0       3955   stm32f4xx_hal_gpio.o
      1620         30          0          0          0       8079   stm32f4xx_hal_i2c.o
        84          6          0          0          0        822   stm32f4xx_hal_msp.o
      1888         94          0          0          0       6121   stm32f4xx_hal_rcc.o
      3002        172          0          0          0      19312   stm32f4xx_hal_tim.o
       184         30          0          0          0       2421   stm32f4xx_hal_tim_ex.o
       160         20          0          0         72       1376   stm32f4xx_hal_timebase_tim.o
      2518         26          0          0          0      13700   stm32f4xx_hal_uart.o
       104         26          0          0          0       5137   stm32f4xx_it.o
         0          0          0          0          0        392   stream_buffer.o
        20          6         24          4          0       1075   system_stm32f4xx.o
      3020        358          0         60       1220      28160   tasks.o
      1850        142          0          0        576       8949   tim.o
      1318        124          0         20        280      32507   timers.o
       280         30          0          0        164       1725   usart.o
       608         98          0         17        164       3715   ut.o

    ----------------------------------------------------------------------
     28352       2140       3852        324      21040    1044252   Object Totals
         0          0         32          0          0          0   (incl. Generated)
        36          0          4          7          3          0   (incl. Padding)

    ----------------------------------------------------------------------

      Code (inc. data)   RO Data    RW Data    ZI Data      Debug   Library Member Name

       200         20          0          0          0        164   cos.o
       368         46         48          0          0        200   cos_i.o
        84         16          0          0          0        372   dunder.o
        24          0          0          0          0        124   fabs.o
        48          0          0          0          0        124   fpclassify.o
       248          0          0          0          0        152   poly.o
      1080        142        200          0          0        188   rred.o
       200         20          0          0          0        164   sin.o
       304         24         40          0          0        208   sin_i.o
        86          0          0          0          0          0   __dczerorl2.o
         0          0          0          0          0          0   entry.o
         0          0          0          0          0          0   entry10a.o
         0          0          0          0          0          0   entry11a.o
         4          0          0          0          0          0   entry12b.o
         8          4          0          0          0          0   entry2.o
         4          0          0          0          0          0   entry5.o
         0          0          0          0          0          0   entry7b.o
         0          0          0          0          0          0   entry8b.o
         8          4          0          0          0          0   entry9a.o
        12          6          0          4          0         68   errno.o
        30          0          0          0          0          0   handlers.o
        36          8          0          0          0         68   init.o
         0          0          0          0          0          0   iusefp.o
        30          0          0          0          0         68   llshl.o
        36          0          0          0          0         68   llsshr.o
        32          0          0          0          0         68   llushr.o
        36          0          0          0          0         68   memcpya.o
        36          0          0          0          0        108   memseta.o
        98          0          0          0          0         92   uldiv.o
        56          0          0          0          0         88   d2f.o
       334          0          0          0          0        148   dadd.o
       222          0          0          0          0        100   ddiv.o
       186          0          0          0          0        176   depilogue.o
        62          0          0          0          0         80   dfixi.o
        50          0          0          0          0         76   dfixui.o
        34          0          0          0          0         76   dflti.o
        26          0          0          0          0         76   dfltui.o
       228          0          0          0          0         96   dmul.o
        38          0          0          0          0         68   f2d.o
       110          0          0          0          0        168   fepilogue.o

    ----------------------------------------------------------------------
      4364        290        288          4          0       3456   Library Totals
         6          0          0          0          0          0   (incl. Padding)

    ----------------------------------------------------------------------

      Code (inc. data)   RO Data    RW Data    ZI Data      Debug   Library Name

      2556        268        288          0          0       1696   m_wm.l
       456         22          0          4          0        608   mc_w.l
      1346          0          0          0          0       1152   mf_w.l

    ----------------------------------------------------------------------
      4364        290        288          4          0       3456   Library Totals

    ----------------------------------------------------------------------

==============================================================================


      Code (inc. data)   RO Data    RW Data    ZI Data      Debug   

     32716       2430       4140        328      21040    1024560   Grand Totals
     32716       2430       4140         60      21040    1024560   ELF Image Totals (compressed)
     32716       2430       4140         60          0          0   ROM Totals

==============================================================================

    Total RO  Size (Code + RO Data)                36856 (  35.99kB)
    Total RW  Size (RW Data + ZI Data)             21368 (  20.87kB)
    Total ROM Size (Code + RO Data + RW Data)      36916 (  36.05kB)

==============================================================================

